 Login

 Timestamp is 52ed05b8 (Sat Feb 01 09:33:28 2014)

 Preferred load address is 00400000

 Start         Length     Name                   Class
 0001:00000000 00079f4dH .text                   CODE
 0001:00079f50 0000144fH .text$x                 CODE
 0001:0007b3a0 000002c1H .text$yc                CODE
 0001:0007b670 0000013dH .text$yd                CODE
 0002:00000000 00000294H .idata$5                DATA
 0002:00000294 00000004H .CRT$XCA                DATA
 0002:00000298 0000002cH .CRT$XCC                DATA
 0002:000002c4 00000008H .CRT$XCL                DATA
 0002:000002cc 0000003cH .CRT$XCU                DATA
 0002:00000308 00000004H .CRT$XCZ                DATA
 0002:0000030c 00000004H .CRT$XIA                DATA
 0002:00000310 00000014H .CRT$XIC                DATA
 0002:00000324 00000004H .CRT$XID                DATA
 0002:00000328 00000004H .CRT$XIY                DATA
 0002:0000032c 00000004H .CRT$XIZ                DATA
 0002:00000330 00000004H .CRT$XPA                DATA
 0002:00000334 00000008H .CRT$XPX                DATA
 0002:0000033c 00000004H .CRT$XPXA               DATA
 0002:00000340 00000004H .CRT$XPZ                DATA
 0002:00000344 00000004H .CRT$XTA                DATA
 0002:00000348 00000004H .CRT$XTZ                DATA
 0002:00000350 00015b40H .rdata                  DATA
 0002:00015e90 00001f88H .rdata$r                DATA
 0002:00017e20 00000140H .rdata$sxdata           DATA
 0002:00017f60 00000004H .rtc$IAA                DATA
 0002:00017f64 00000004H .rtc$IZZ                DATA
 0002:00017f68 00000004H .rtc$TAA                DATA
 0002:00017f6c 00000004H .rtc$TZZ                DATA
 0002:00017f70 00001e5cH .xdata$x                DATA
 0002:00019dcc 00000064H .idata$2                DATA
 0002:00019e30 00000014H .idata$3                DATA
 0002:00019e44 00000294H .idata$4                DATA
 0002:0001a0d8 00000a0eH .idata$6                DATA
 0002:0001aae6 00000000H .edata                  DATA
 0003:00000000 0011759cH .data                   DATA
 0003:001175a0 0001e3f8H .bss                    DATA

  Address         Publics by Value              Rva+Base       Lib:Object

 0000:00000000       __except_list              00000000     <absolute>
 0000:00000050       ___safe_se_handler_count   00000050     <absolute>
 0000:00000000       ___ImageBase               00400000     <linker-defined>
 0001:00000000       ??Bid@locale@std@@QAEIXZ   00401000 f i client.obj
 0001:00000040       ?_Incref@facet@locale@std@@QAEXXZ 00401040 f i client.obj
 0001:00000070       ?_Decref@facet@locale@std@@QAEPAV123@XZ 00401070 f i client.obj
 0001:000000b0       ??1facet@locale@std@@UAE@XZ 004010b0 f i client.obj
 0001:000000c0       ??1locale@std@@QAE@XZ      004010c0 f i client.obj
 0001:00000110       ?_Getfacet@locale@std@@QBEPBVfacet@12@I@Z 00401110 f i client.obj
 0001:00000150       ??_Efacet@locale@std@@UAEPAXI@Z 00401150 f i client.obj
 0001:00000150       ??_G?$num_put@DV?$ostreambuf_iterator@DU?$char_traits@D@std@@@std@@@std@@MAEPAXI@Z 00401150 f i client.obj
 0001:00000150       ??_Gfacet@locale@std@@UAEPAXI@Z 00401150 f i client.obj
 0001:00000150       ??_E?$num_put@DV?$ostreambuf_iterator@DU?$char_traits@D@std@@@std@@@std@@MAEPAXI@Z 00401150 f i client.obj
 0001:00000180       ?getloc@ios_base@std@@QBE?AVlocale@2@XZ 00401180 f i client.obj
 0001:000001c0       ??0APPLAYER@@QAE@GI@Z      004011c0 f i client.obj
 0001:00000210       ??1APPLAYER@@QAE@XZ        00401210 f i client.obj
 0001:00000230       ??0ServerPacket@@QAE@GI@Z  00401230 f i client.obj
 0001:00000280       ??0Client@@QAE@PAVEQNetworkConnection@@@Z 00401280 f   client.obj
 0001:00000360       ??1_Sentry_base@?$basic_ostream@DU?$char_traits@D@std@@@std@@QAE@XZ 00401360 f i client.obj
 0001:00000380       ??_G?$ListElement@PAVClient@@@@QAEPAXI@Z 00401380 f i client.obj
 0001:000003b0       ??1failure@ios_base@std@@UAE@XZ 004013b0 f i client.obj
 0001:000003b0       ??1runtime_error@std@@UAE@XZ 004013b0 f i client.obj
 0001:000003c0       ?clear@ios_base@std@@QAEXH_N@Z 004013c0 f i client.obj
 0001:000004a0       ??0runtime_error@std@@QAE@ABV01@@Z 004014a0 f i client.obj
 0001:000004c0       ??0system_error@std@@QAE@ABV01@@Z 004014c0 f i client.obj
 0001:000004f0       ??_Eruntime_error@std@@UAEPAXI@Z 004014f0 f i client.obj
 0001:000004f0       ??_Efailure@ios_base@std@@UAEPAXI@Z 004014f0 f i client.obj
 0001:000004f0       ??_Gsystem_error@std@@UAEPAXI@Z 004014f0 f i client.obj
 0001:000004f0       ??_Esystem_error@std@@UAEPAXI@Z 004014f0 f i client.obj
 0001:000004f0       ??_Gfailure@ios_base@std@@UAEPAXI@Z 004014f0 f i client.obj
 0001:000004f0       ??_Gruntime_error@std@@UAEPAXI@Z 004014f0 f i client.obj
 0001:00000520       ??0failure@ios_base@std@@QAE@ABV012@@Z 00401520 f i client.obj
 0001:00000550       ??1?$_Yarn@D@std@@QAE@XZ   00401550 f i client.obj
 0001:00000570       ??1bad_alloc@std@@UAE@XZ   00401570 f i client.obj
 0001:00000580       ??_Ebad_alloc@std@@UAEPAXI@Z 00401580 f i client.obj
 0001:00000580       ??_Gbad_alloc@std@@UAEPAXI@Z 00401580 f i client.obj
 0001:000005b0       ?_Ifmt@?$num_put@DV?$ostreambuf_iterator@DU?$char_traits@D@std@@@std@@@std@@ABAPADPADPBDH@Z 004015b0 f i client.obj
 0001:00000640       ?_Tidy@?$numpunct@D@std@@AAEXXZ 00401640 f i client.obj
 0001:00000670       ?_Chassign@?$basic_string@DU?$char_traits@D@std@@V?$allocator@D@2@@std@@QAEXIID@Z 00401670 f i client.obj
 0001:000006b0       ??0bad_alloc@std@@QAE@ABV01@@Z 004016b0 f i client.obj
 0001:000006d0       ?erase@?$basic_string@DU?$char_traits@D@std@@V?$allocator@D@2@@std@@QAEAAV12@II@Z 004016d0 f i client.obj
 0001:00000760       ?allocate@?$allocator@D@std@@QAEPADI@Z 00401760 f i client.obj
 0001:000007b0       ?_Init@?$numpunct@D@std@@IAEXABV_Locinfo@2@_N@Z 004017b0 f i client.obj
 0001:000008f0       ??0_Locinfo@std@@QAE@PBD@Z 004018f0 f i client.obj
 0001:000009a0       ??1_Locinfo@std@@QAE@XZ    004019a0 f i client.obj
 0001:00000a50       ?Add@ClientList@@QAEXPAVClient@@@Z 00401a50 f   client.obj
 0001:00000a90       ?_Tidy@?$basic_string@DU?$char_traits@D@std@@V?$allocator@D@2@@std@@QAEX_NI@Z 00401a90 f i client.obj
 0001:00000ae0       ?_Put@?$num_put@DV?$ostreambuf_iterator@DU?$char_traits@D@std@@@std@@@std@@ABA?AV?$ostreambuf_iterator@DU?$char_traits@D@std@@@2@V32@PBDI@Z 00401ae0 f i client.obj
 0001:00000ae0       ?_Putc@?$num_put@DV?$ostreambuf_iterator@DU?$char_traits@D@std@@@std@@@std@@ABA?AV?$ostreambuf_iterator@DU?$char_traits@D@std@@@2@V32@PBDI@Z 00401ae0 f i client.obj
 0001:00000b50       ?_Rep@?$num_put@DV?$ostreambuf_iterator@DU?$char_traits@D@std@@@std@@@std@@ABA?AV?$ostreambuf_iterator@DU?$char_traits@D@std@@@2@V32@DI@Z 00401b50 f i client.obj
 0001:00000bc0       ?_Putgrouped@?$num_put@DV?$ostreambuf_iterator@DU?$char_traits@D@std@@@std@@@std@@ABA?AV?$ostreambuf_iterator@DU?$char_traits@D@std@@@2@V32@PBDID@Z 00401bc0 f i client.obj
 0001:00000c60       ?_Copy@?$basic_string@DU?$char_traits@D@std@@V?$allocator@D@2@@std@@QAEXII@Z 00401c60 f i client.obj
 0001:00000dd0       ?_Getcat@?$num_put@DV?$ostreambuf_iterator@DU?$char_traits@D@std@@@std@@@std@@SAIPAPBVfacet@locale@2@PBV42@@Z 00401dd0 f i client.obj
 0001:00000e90       ?do_decimal_point@?$numpunct@D@std@@MBEDXZ 00401e90 f i client.obj
 0001:00000ea0       ?do_thousands_sep@?$numpunct@D@std@@MBEDXZ 00401ea0 f i client.obj
 0001:00000eb0       ??_G?$numpunct@D@std@@MAEPAXI@Z 00401eb0 f i client.obj
 0001:00000eb0       ??_E?$numpunct@D@std@@MAEPAXI@Z 00401eb0 f i client.obj
 0001:00000f00       ??1?$ListElement@PAVClient@@@@QAE@XZ 00401f00 f i client.obj
 0001:00000f60       ?FindByLSID@ClientList@@QAEPAVClient@@I@Z 00401f60 f   client.obj
 0001:00000fe0       ??1?$basic_string@DU?$char_traits@D@std@@V?$allocator@D@2@@std@@QAE@XZ 00401fe0 f i client.obj
 0001:00001010       ?flush@?$basic_ostream@DU?$char_traits@D@std@@@std@@QAEAAV12@XZ 00402010 f i client.obj
 0001:00001060       ?_Osfx@?$basic_ostream@DU?$char_traits@D@std@@@std@@QAEXXZ 00402060 f i client.obj
 0001:000010c0       ?falsename@?$numpunct@D@std@@QBE?AV?$basic_string@DU?$char_traits@D@std@@V?$allocator@D@2@@2@XZ 004020c0 f i client.obj
 0001:000010e0       ?truename@?$numpunct@D@std@@QBE?AV?$basic_string@DU?$char_traits@D@std@@V?$allocator@D@2@@2@XZ 004020e0 f i client.obj
 0001:00001100       ?_Grow@?$basic_string@DU?$char_traits@D@std@@V?$allocator@D@2@@std@@QAE_NI_N@Z 00402100 f i client.obj
 0001:000011b0       ?grouping@?$numpunct@D@std@@QBE?AV?$basic_string@DU?$char_traits@D@std@@V?$allocator@D@2@@2@XZ 004021b0 f i client.obj
 0001:000011d0       ?append@?$basic_string@DU?$char_traits@D@std@@V?$allocator@D@2@@std@@QAEAAV12@ABV12@II@Z 004021d0 f i client.obj
 0001:000012c0       ??$use_facet@V?$num_put@DV?$ostreambuf_iterator@DU?$char_traits@D@std@@@std@@@std@@@std@@YAABV?$num_put@DV?$ostreambuf_iterator@DU?$char_traits@D@std@@@std@@@0@ABVlocale@0@@Z 004022c0 f i client.obj
 0001:00001400       ?_Getcat@?$numpunct@D@std@@SAIPAPBVfacet@locale@2@PBV42@@Z 00402400 f i client.obj
 0001:000014d0       ??1sentry@?$basic_ostream@DU?$char_traits@D@std@@@std@@QAE@XZ 004024d0 f i client.obj
 0001:00001540       ?append@?$basic_string@DU?$char_traits@D@std@@V?$allocator@D@2@@std@@QAEAAV12@PBDI@Z 00402540 f i client.obj
 0001:00001660       ?append@?$basic_string@DU?$char_traits@D@std@@V?$allocator@D@2@@std@@QAEAAV12@ID@Z 00402660 f i client.obj
 0001:00001710       ?assign@?$basic_string@DU?$char_traits@D@std@@V?$allocator@D@2@@std@@QAEAAV12@ABV12@II@Z 00402710 f i client.obj
 0001:00001800       ?insert@?$basic_string@DU?$char_traits@D@std@@V?$allocator@D@2@@std@@QAEAAV12@IID@Z 00402800 f i client.obj
 0001:00001900       ??$?6U?$char_traits@D@std@@@std@@YAAAV?$basic_ostream@DU?$char_traits@D@std@@@0@AAV10@PBD@Z 00402900 f i client.obj
 0001:00001bc0       ??$use_facet@V?$numpunct@D@std@@@std@@YAABV?$numpunct@D@0@ABVlocale@0@@Z 00402bc0 f i client.obj
 0001:00001d00       ??6?$basic_ostream@DU?$char_traits@D@std@@@std@@QAEAAV01@G@Z 00402d00 f i client.obj
 0001:00001ef0       ??6?$basic_ostream@DU?$char_traits@D@std@@@std@@QAEAAV01@I@Z 00402ef0 f i client.obj
 0001:000020e0       ?put@?$basic_ostream@DU?$char_traits@D@std@@@std@@QAEAAV12@D@Z 004030e0 f i client.obj
 0001:00002260       ?assign@?$basic_string@DU?$char_traits@D@std@@V?$allocator@D@2@@std@@QAEAAV12@PBDI@Z 00403260 f i client.obj
 0001:00002360       ?_Fput@?$num_put@DV?$ostreambuf_iterator@DU?$char_traits@D@std@@@std@@@std@@ABA?AV?$ostreambuf_iterator@DU?$char_traits@D@std@@@2@V32@AAVios_base@2@DPBDIIII@Z 00403360 f i client.obj
 0001:000028d0       ?_Iput@?$num_put@DV?$ostreambuf_iterator@DU?$char_traits@D@std@@@std@@@std@@ABA?AV?$ostreambuf_iterator@DU?$char_traits@D@std@@@2@V32@AAVios_base@2@DPADI@Z 004038d0 f i client.obj
 0001:00002b60       ?endl@std@@YAAAV?$basic_ostream@DU?$char_traits@D@std@@@1@AAV21@@Z 00403b60 f i client.obj
 0001:00002bc0       ?QueuePacket@Client@@QAEXPAVAPPLAYER@@@Z 00403bc0 f   client.obj
 0001:00002cb0       ?FastQueuePacket@Client@@QAEXPAPAVAPPLAYER@@@Z 00403cb0 f   client.obj
 0001:00002da0       ?FatalError@Client@@QAEXPBD_N@Z 00403da0 f   client.obj
 0001:00002ee0       ?do_put@?$num_put@DV?$ostreambuf_iterator@DU?$char_traits@D@std@@@std@@@std@@MBE?AV?$ostreambuf_iterator@DU?$char_traits@D@std@@@2@V32@AAVios_base@2@DJ@Z 00403ee0 f i client.obj
 0001:00002f60       ?do_put@?$num_put@DV?$ostreambuf_iterator@DU?$char_traits@D@std@@@std@@@std@@MBE?AV?$ostreambuf_iterator@DU?$char_traits@D@std@@@2@V32@AAVios_base@2@DK@Z 00403f60 f i client.obj
 0001:00002fe0       ?do_put@?$num_put@DV?$ostreambuf_iterator@DU?$char_traits@D@std@@@std@@@std@@MBE?AV?$ostreambuf_iterator@DU?$char_traits@D@std@@@2@V32@AAVios_base@2@D_J@Z 00403fe0 f i client.obj
 0001:00003060       ?do_put@?$num_put@DV?$ostreambuf_iterator@DU?$char_traits@D@std@@@std@@@std@@MBE?AV?$ostreambuf_iterator@DU?$char_traits@D@std@@@2@V32@AAVios_base@2@D_K@Z 00404060 f i client.obj
 0001:000030e0       ?do_put@?$num_put@DV?$ostreambuf_iterator@DU?$char_traits@D@std@@@std@@@std@@MBE?AV?$ostreambuf_iterator@DU?$char_traits@D@std@@@2@V32@AAVios_base@2@DN@Z 004040e0 f i client.obj
 0001:000032f0       ?do_put@?$num_put@DV?$ostreambuf_iterator@DU?$char_traits@D@std@@@std@@@std@@MBE?AV?$ostreambuf_iterator@DU?$char_traits@D@std@@@2@V32@AAVios_base@2@DO@Z 004042f0 f i client.obj
 0001:000034f0       ?do_put@?$num_put@DV?$ostreambuf_iterator@DU?$char_traits@D@std@@@std@@@std@@MBE?AV?$ostreambuf_iterator@DU?$char_traits@D@std@@@2@V32@AAVios_base@2@DPBX@Z 004044f0 f i client.obj
 0001:00003550       ?assign@?$basic_string@DU?$char_traits@D@std@@V?$allocator@D@2@@std@@QAEAAV12@$$QAV12@@Z 00404550 f i client.obj
 0001:000035d0       ?WorldResponse@Client@@QAEXIC@Z 004045d0 f   client.obj
 0001:00003880       ??0?$basic_string@DU?$char_traits@D@std@@V?$allocator@D@2@@std@@QAE@PBD@Z 00404880 f i client.obj
 0001:000038c0       ?do_put@?$num_put@DV?$ostreambuf_iterator@DU?$char_traits@D@std@@@std@@@std@@MBE?AV?$ostreambuf_iterator@DU?$char_traits@D@std@@@2@V32@AAVios_base@2@D_N@Z 004048c0 f i client.obj
 0001:00003ae0       ?do_grouping@?$numpunct@D@std@@MBE?AV?$basic_string@DU?$char_traits@D@std@@V?$allocator@D@2@@2@XZ 00404ae0 f i client.obj
 0001:00003b30       ?do_falsename@?$numpunct@D@std@@MBE?AV?$basic_string@DU?$char_traits@D@std@@V?$allocator@D@2@@2@XZ 00404b30 f i client.obj
 0001:00003b80       ?do_truename@?$numpunct@D@std@@MBE?AV?$basic_string@DU?$char_traits@D@std@@V?$allocator@D@2@@2@XZ 00404b80 f i client.obj
 0001:00003bd0       ?Process@Client@@QAE_NXZ   00404bd0 f   client.obj
 0001:00004930       ?Process@ClientList@@QAEXXZ 00405930 f   client.obj
 0001:00004a40       ??0EQCrypto@@QAE@XZ        00405a40 f   EQCrypto.obj
 0001:00004a60       ?DoEQDecrypt@EQCrypto@@QAEXPBEPAEH@Z 00405a60 f   EQCrypto.obj
 0001:00004ab0       ?compare@?$char_traits@D@std@@SAHPBD0I@Z 00405ab0 f i logindatabase.obj
 0001:00004b30       ?UpdateWorldName@Database@@QAE_NIPBD@Z 00405b30 f   logindatabase.obj
 0001:00004c40       ?InsertStats@Database@@QAE_NIII@Z 00405c40 f   logindatabase.obj
 0001:00004cf0       ?GetLSLoginInfo@Database@@QAEIPAD0PAEPAHPA_NPAF@Z 00405cf0 f   logindatabase.obj
 0001:00004f60       ?GetLSAccountInfo@Database@@QAE_NIPADPAEPAHPA_NPAF@Z 00405f60 f   logindatabase.obj
 0001:00005130       ?CheckWorldAuth@Database@@QAECPBD0PAI1PA_N2@Z 00406130 f   logindatabase.obj
 0001:00005380       ?AccountLoggedIn@Database@@QAE_NI@Z 00406380 f   logindatabase.obj
 0001:000054b0       ?CountUsers@Database@@QAEIPAD@Z 004064b0 f   logindatabase.obj
 0001:000055a0       ?CheckEQLogin@Database@@QAEIPBVAPPLAYER@@PADPAEPAHPA_NPAFI@Z 004065a0 f   logindatabase.obj
 0001:00005850       ??0LWorld@@QAE@PAVTCPConnection@@_NIG1@Z 00406850 f   LWorld.obj
 0001:00005a00       ??0LWorld@@QAE@IPAD0I_N@Z  00406a00 f   LWorld.obj
 0001:00005b20       ??0LWorld@@QAE@PAVTCPConnection@@IIIPAD11HI_N2E2I@Z 00406b20 f   LWorld.obj
 0001:00005c50       ?SendPacket@LWorld@@QAEXPAVServerPacket@@@Z 00406c50 f   LWorld.obj
 0001:00005d60       ?Message@LWorld@@QAAXPAD0ZZ 00406d60 f   LWorld.obj
 0001:00005e90       ?Kick@LWorld@@QAEXPAD_N@Z  00406e90 f   LWorld.obj
 0001:00005fa0       ?CheckServerName@LWorld@@SA_NPAD@Z 00406fa0 f   LWorld.obj
 0001:00006060       ?SetRemoteInfo@LWorld@@QAEXIIPAD00IIEHH@Z 00407060 f   LWorld.obj
 0001:000060f0       ??_G?$ListElement@PAVLWorld@@@@QAEPAXI@Z 004070f0 f i LWorld.obj
 0001:00006140       ??_G?$ListElement@PAUPeerInfo@LWorldList@@@@QAEPAXI@Z 00407140 f i LWorld.obj
 0001:00006190       ?Clear@?$LinkedList@PAVLWorld@@@@QAEXXZ 00407190 f i LWorld.obj
 0001:00006200       ?Clear@?$LinkedList@PAUPeerInfo@LWorldList@@@@QAEXXZ 00407200 f i LWorld.obj
 0001:00006250       ?Add@LWorldList@@QAEXPAVLWorld@@@Z 00407250 f   LWorld.obj
 0001:00006290       ??1?$LinkedList@PAVLWorld@@@@QAE@XZ 00407290 f i LWorld.obj
 0001:000062a0       ??1?$LinkedList@PAUPeerInfo@LWorldList@@@@QAE@XZ 004072a0 f i LWorld.obj
 0001:000062b0       ?RemoveCurrent@?$LinkedListIterator@PAVLWorld@@@@QAEX_N@Z 004072b0 f i LWorld.obj
 0001:00006370       ?Reset@?$LinkedListIterator@PAVEQNetworkPacket@@@@QAEXXZ 00407370 f i EQNetwork.obj
 0001:00006370       ?Reset@?$LinkedListIterator@PAUPeerInfo@LWorldList@@@@QAEXXZ 00407370 f i LWorld.obj
 0001:00006370       ?Reset@?$LinkedListIterator@PAVEQNetworkConnection@@@@QAEXXZ 00407370 f i EQNetwork.obj
 0001:00006370       ?Reset@?$LinkedListIterator@PAVClient@@@@QAEXXZ 00407370 f i client.obj
 0001:00006370       ?Reset@?$LinkedListIterator@PAVTCPConnection@@@@QAEXXZ 00407370 f i TCPConnection.obj
 0001:00006370       ?Reset@?$LinkedListIterator@PAVLWorld@@@@QAEXXZ 00407370 f i LWorld.obj
 0001:00006370       ?Reset@?$LinkedListIterator@PAVEQNetworkFragmentGroup@@@@QAEXXZ 00407370 f i EQNetwork.obj
 0001:000063f0       ?RemoveCurrent@?$LinkedListIterator@PAUPeerInfo@LWorldList@@@@QAEX_N@Z 004073f0 f i LWorld.obj
 0001:00006490       ??0LWorldList@@QAE@XZ      00407490 f   LWorld.obj
 0001:00006580       ??1LWorldList@@QAE@XZ      00407580 f   LWorld.obj
 0001:00006610       ?Shutdown@LWorldList@@QAEXXZ 00407610 f   LWorld.obj
 0001:00006660       ?SendPacket@LWorldList@@QAEXPAVServerPacket@@PAVLWorld@@@Z 00407660 f   LWorld.obj
 0001:000067e0       ?SendPacketLocal@LWorldList@@QAEXPAVServerPacket@@PAVLWorld@@@Z 004077e0 f   LWorld.obj
 0001:00006860       ?SendPacketLogin@LWorldList@@QAEXPAVServerPacket@@PAVLWorld@@@Z 00407860 f   LWorld.obj
 0001:000068e0       ?FindByID@LWorldList@@QAEPAVLWorld@@I@Z 004078e0 f   LWorld.obj
 0001:00006960       ?FindByAddress@LWorldList@@QAEPAVLWorld@@PAD@Z 00407960 f   LWorld.obj
 0001:000069f0       ?FindByLink@LWorldList@@QAEPAVLWorld@@PAVTCPConnection@@I@Z 004079f0 f   LWorld.obj
 0001:00006a90       ?FindByAccount@LWorldList@@QAEPAVLWorld@@IW4ConType@@@Z 00407a90 f   LWorld.obj
 0001:00006b30       ?MakeServerListPacket@LWorldList@@QAEXPAVAPPLAYER@@E@Z 00407b30 f   LWorld.obj
 0001:00006de0       ?SendWorldStatus@LWorldList@@QAEXPAVLWorld@@PAD@Z 00407de0 f   LWorld.obj
 0001:00006f30       ?RemoveByLink@LWorldList@@QAEXPAVTCPConnection@@IPAVLWorld@@@Z 00407f30 f   LWorld.obj
 0001:00006fd0       ?RemoveByID@LWorldList@@QAEXI@Z 00407fd0 f   LWorld.obj
 0001:00007050       ?AddPeer@LWorldList@@QAEXPAVLWorld@@@Z 00408050 f   LWorld.obj
 0001:000070a0       ?RemovePeer@LWorldList@@QAEXPAVLWorld@@@Z 004080a0 f   LWorld.obj
 0001:00007120       ?ConnectPeer@LWorldList@@QAECPAVLWorld@@@Z 00408120 f   LWorld.obj
 0001:000071f0       ?WriteXML@LWorldList@@QAE_NXZ 004081f0 f   LWorld.obj
 0001:00007280       ??1LWorld@@QAE@XZ          00408280 f   LWorld.obj
 0001:000073d0       ?UpdateWorldList@LWorld@@QAEXPAV1@@Z 004083d0 f   LWorld.obj
 0001:00007590       ?UpdateWorldList@LWorldList@@QAEXPAVLWorld@@@Z 00408590 f   LWorld.obj
 0001:00007610       ?UpdateStatus@LWorld@@QAEXHHH@Z 00408610 f i LWorld.obj
 0001:00007640       ??6?$basic_ostream@DU?$char_traits@D@std@@@std@@QAEAAV01@H@Z 00408640 f i LWorld.obj
 0001:00007830       ?KickGhostIP@LWorldList@@QAEXIPAVLWorld@@G@Z 00408830 f   LWorld.obj
 0001:00007a70       ?KickGhost@LWorldList@@QAEXW4ConType@@IPAVLWorld@@@Z 00408a70 f   LWorld.obj
 0001:00007bd0       ?ConnectUplink@LWorldList@@QAEXXZ 00408bd0 f   LWorld.obj
 0001:00007f30       ?AddPeer@LWorldList@@QAEXIG_N@Z 00408f30 f   LWorld.obj
 0001:00008140       ?AddPeer@LWorldList@@QAEXPAD_N@Z 00409140 f   LWorld.obj
 0001:00008220       ?ListWorldsToConsole@LWorldList@@QAEXXZ 00409220 f   LWorld.obj
 0001:000086d0       ?LoadWorldList@Database@@QAEXXZ 004096d0 f   LWorld.obj
 0001:00008910       ?SetupWorld@LWorld@@QAE_NPAD0000@Z 00409910 f   LWorld.obj
 0001:00008ae0       ?SetupChat@LWorld@@QAE_NPAD0@Z 00409ae0 f   LWorld.obj
 0001:00008c00       ?SetupLogin@LWorld@@QAE_NPAD00@Z 00409c00 f   LWorld.obj
 0001:00008de0       ?Init@LWorldList@@QAE_NXZ  00409de0 f   LWorld.obj
 0001:00008e40       ?Process@LWorld@@QAE_NXZ   00409e40 f   LWorld.obj
 0001:00009fe0       ?Process@LWorldList@@QAEXXZ 0040afe0 f   LWorld.obj
 0001:0000a2c0       ?IsNumber@Seperator@@SA_NPBD@Z 0040b2c0 f i net.obj
 0001:0000a330       ??0NetConnection@@QAE@XZ   0040b330 f i net.obj
 0001:0000a3b0       ?HitKey@NetConnection@@QAEXH@Z 0040b3b0 f   net.obj
 0001:0000a460       ?Clear@?$LinkedList@PAVClient@@@@QAEXXZ 0040b460 f i net.obj
 0001:0000a4a0       ?CatchSignal@@YAXH@Z       0040b4a0 f   net.obj
 0001:0000a4e0       ?ReadLoginConfig@NetConnection@@QAE_NXZ 0040b4e0 f   net.obj
 0001:0000a9e0       _main                      0040b9e0 f   net.obj
 0001:0000ac60       ?Generate@CRC32@@SAIPBEI@Z 0040bc60 f   crc32.obj
 0001:0000acb0       ?HandleMysqlError@Database@@SAXI@Z 0040bcb0 f   database.obj
 0001:0000ad00       ?InitVars@Database@@AAEXXZ 0040bd00 f   database.obj
 0001:0000adc0       ??1Database@@QAE@XZ        0040bdc0 f   database.obj
 0001:0000b110       ?LoadVariables_result@Database@@QAE_NPAUst_mysql_res@@@Z 0040c110 f   database.obj
 0001:0000b3e0       ?GetVariable@Database@@QAE_NPBDPADG@Z 0040c3e0 f   database.obj
 0001:0000b4e0       ??0Database@@QAE@XZ        0040c4e0 f   database.obj
 0001:0000b8e0       ?LoadVariables@Database@@QAE_NXZ 0040c8e0 f   database.obj
 0001:0000ba30       ??0DBcore@@QAE@XZ          0040ca30 f   dbcore.obj
 0001:0000ba70       ??1DBcore@@QAE@XZ          0040ca70 f   dbcore.obj
 0001:0000baf0       ?ping@DBcore@@QAEXXZ       0040caf0 f   dbcore.obj
 0001:0000bb20       ?DoEscapeString@DBcore@@QAEIPADPBDI@Z 0040cb20 f   dbcore.obj
 0001:0000bb60       ?Open@DBcore@@AAE_NPAIPAD@Z 0040cb60 f   dbcore.obj
 0001:0000bcb0       ?Open@DBcore@@IAE_NPBD000PAIPAD_N3@Z 0040ccb0 f   dbcore.obj
 0001:0000be80       ?RunQuery@DBcore@@QAE_NPBDIPADPAPAUst_mysql_res@@PAI33_N@Z 0040ce80 f   dbcore.obj
 0001:0000c0e0       ??0EQEMuLog@@QAE@XZ        0040d0e0 f   debug.obj
 0001:0000c1c0       ??1EQEMuLog@@QAE@XZ        0040d1c0 f   debug.obj
 0001:0000c270       ?open@EQEMuLog@@AAE_NW4LogIDs@1@@Z 0040d270 f   debug.obj
 0001:0000c3e0       ?write@EQEMuLog@@QAA_NW4LogIDs@1@PBDZZ 0040d3e0 f   debug.obj
 0001:0000c570       ?Copy@APPLAYER@@QBEPAV1@XZ 0040d570 f i EQNetwork.obj
 0001:0000c640       ?CheckActive@EQNetworkConnection@@QAE_NXZ 0040d640 f   EQNetwork.obj
 0001:0000c670       ?ReturnPacket@EQNetworkPacket@@QAEIPAPAE@Z 0040d670 f   EQNetwork.obj
 0001:0000c810       ??0EQNetworkFragmentGroup@@QAE@GG@Z 0040d810 f   EQNetwork.obj
 0001:0000c910       ??1EQNetworkFragmentGroup@@UAE@XZ 0040d910 f   EQNetwork.obj
 0001:0000c970       ?Assemble@EQNetworkFragmentGroup@@QAEIPAPAE@Z 0040d970 f   EQNetwork.obj
 0001:0000ca10       ?clear@?$MyQueue@VAPPLAYER@@@@QAEXXZ 0040da10 f i EQNetwork.obj
 0001:0000ca60       ??_G?$ListElement@PAVEQNetworkConnection@@@@QAEPAXI@Z 0040da60 f i EQNetwork.obj
 0001:0000ca60       ??_G?$ListElement@PAVEQNetworkPacket@@@@QAEPAXI@Z 0040da60 f i EQNetwork.obj
 0001:0000ca60       ??_G?$ListElement@PAVEQNetworkFragmentGroup@@@@QAEPAXI@Z 0040da60 f i EQNetwork.obj
 0001:0000ca60       ??_G?$ListElement@PAVTCPConnection@@@@QAEPAXI@Z 0040da60 f i TCPConnection.obj
 0001:0000ca90       ??1?$ListElement@PAVEQNetworkFragmentGroup@@@@QAE@XZ 0040da90 f i EQNetwork.obj
 0001:0000ca90       ??1?$ListElement@PAVEQNetworkPacket@@@@QAE@XZ 0040da90 f i EQNetwork.obj
 0001:0000ca90       ??1?$ListElement@PAVEQNetworkConnection@@@@QAE@XZ 0040da90 f i EQNetwork.obj
 0001:0000ca90       ??1?$ListElement@PAVTCPConnection@@@@QAE@XZ 0040da90 f i TCPConnection.obj
 0001:0000cad0       ?Clear@?$LinkedList@PAVEQNetworkConnection@@@@QAEXXZ 0040dad0 f i EQNetwork.obj
 0001:0000cad0       ?Clear@?$LinkedList@PAVTCPConnection@@@@QAEXXZ 0040dad0 f i TCPConnection.obj
 0001:0000cad0       ?Clear@?$LinkedList@PAVEQNetworkFragmentGroup@@@@QAEXXZ 0040dad0 f i EQNetwork.obj
 0001:0000cad0       ?Clear@?$LinkedList@PAVEQNetworkPacket@@@@QAEXXZ 0040dad0 f i EQNetwork.obj
 0001:0000cb10       ?NewQueuePop@EQNetworkServer@@QAEPAVEQNetworkConnection@@XZ 0040db10 f   EQNetwork.obj
 0001:0000cb70       ?PopPacket@EQNetworkConnection@@QAEPAVAPPLAYER@@XZ 0040db70 f   EQNetwork.obj
 0001:0000cbd0       ??0EQNetworkPacket@@QAE@PAVEQNetworkConnection@@@Z 0040dbd0 f   EQNetwork.obj
 0001:0000cc20       ??_GEQNetworkPacket@@UAEPAXI@Z 0040dc20 f i EQNetwork.obj
 0001:0000cc20       ??_EEQNetworkPacket@@UAEPAXI@Z 0040dc20 f i EQNetwork.obj
 0001:0000cc60       ??_EEQNetworkFragmentGroup@@UAEPAXI@Z 0040dc60 f i EQNetwork.obj
 0001:0000cc60       ??_GEQNetworkFragmentGroup@@UAEPAXI@Z 0040dc60 f i EQNetwork.obj
 0001:0000cc90       ??1?$MyQueue@VAPPLAYER@@@@QAE@XZ 0040dc90 f i EQNetwork.obj
 0001:0000cca0       ??1?$LinkedList@PAVEQNetworkFragmentGroup@@@@QAE@XZ 0040dca0 f i EQNetwork.obj
 0001:0000cca0       ??1?$LinkedList@PAVEQNetworkPacket@@@@QAE@XZ 0040dca0 f i EQNetwork.obj
 0001:0000ccb0       ?Advance@?$LinkedListIterator@PAVLWorld@@@@QAEXXZ 0040dcb0 f i LWorld.obj
 0001:0000ccb0       ?Advance@?$LinkedListIterator@PAVEQNetworkPacket@@@@QAEXXZ 0040dcb0 f i EQNetwork.obj
 0001:0000ccb0       ?Advance@?$LinkedListIterator@PAVEQNetworkConnection@@@@QAEXXZ 0040dcb0 f i EQNetwork.obj
 0001:0000cd00       ?RemoveCurrent@?$LinkedListIterator@PAVEQNetworkPacket@@@@QAEX_N@Z 0040dd00 f i EQNetwork.obj
 0001:0000cd00       ?RemoveCurrent@?$LinkedListIterator@PAVEQNetworkFragmentGroup@@@@QAEX_N@Z 0040dd00 f i EQNetwork.obj
 0001:0000cda0       ??0EQNetworkServer@@QAE@G@Z 0040dda0 f   EQNetwork.obj
 0001:0000ce70       ?Close@EQNetworkConnection@@QAEXXZ 0040de70 f   EQNetwork.obj
 0001:0000cef0       ??1EQNetworkFragmentGroupList@@UAE@XZ 0040def0 f   EQNetwork.obj
 0001:0000cf20       ?Append@?$LinkedList@PAVEQNetworkPacket@@@@QAEXABQAVEQNetworkPacket@@@Z 0040df20 f i EQNetwork.obj
 0001:0000cf20       ?Append@?$LinkedList@PAUPeerInfo@LWorldList@@@@QAEXABQAUPeerInfo@LWorldList@@@Z 0040df20 f i LWorld.obj
 0001:0000cf20       ?Append@?$LinkedList@PAVTCPConnection@@@@QAEXABQAVTCPConnection@@@Z 0040df20 f i TCPConnection.obj
 0001:0000cf20       ?Append@?$LinkedList@PAVEQNetworkConnection@@@@QAEXABQAVEQNetworkConnection@@@Z 0040df20 f i EQNetwork.obj
 0001:0000cf90       ??1EQNetworkServer@@UAE@XZ 0040df90 f   EQNetwork.obj
 0001:0000d0c0       ??0EQNetworkConnection@@QAE@IG@Z 0040e0c0 f   EQNetwork.obj
 0001:0000d2e0       ?Free@EQNetworkConnection@@QAEXXZ 0040e2e0 f   EQNetwork.obj
 0001:0000d320       ?IncomingARSP@EQNetworkConnection@@AAEXG@Z 0040e320 f   EQNetwork.obj
 0001:0000d410       ?MakeEQPacket@EQNetworkConnection@@AAEXPAVAPPLAYER@@_N@Z 0040e410 f   EQNetwork.obj
 0001:0000d740       ??_EEQNetworkFragmentGroupList@@UAEPAXI@Z 0040e740 f i EQNetwork.obj
 0001:0000d740       ??_GEQNetworkFragmentGroupList@@UAEPAXI@Z 0040e740 f i EQNetwork.obj
 0001:0000d780       ?CheckTimers@EQNetworkFragmentGroupList@@QAEXXZ 0040e780 f   EQNetwork.obj
 0001:0000d880       ?GotPacket@EQNetworkFragmentGroupList@@QAEPAVEQNetworkFragmentGroup@@PAVEQNetworkPacket@@@Z 0040e880 f   EQNetwork.obj
 0001:0000da30       ?DeleteGroup@EQNetworkFragmentGroupList@@QAEXG@Z 0040ea30 f   EQNetwork.obj
 0001:0000dac0       ??_EEQNetworkServer@@UAEPAXI@Z 0040eac0 f i EQNetwork.obj
 0001:0000dac0       ??_GEQNetworkServer@@UAEPAXI@Z 0040eac0 f i EQNetwork.obj
 0001:0000daf0       ?Process@EQNetworkConnection@@IAEXI@Z 0040eaf0 f   EQNetwork.obj
 0001:0000de60       ?QueuePacket@EQNetworkConnection@@QAEXPBVAPPLAYER@@_N@Z 0040ee60 f   EQNetwork.obj
 0001:0000df70       ?FastQueuePacket@EQNetworkConnection@@QAEXPAPAVAPPLAYER@@_N@Z 0040ef70 f   EQNetwork.obj
 0001:0000e0b0       ?CloseSock@EQNetworkConnection@@QAEXXZ 0040f0b0 f   EQNetwork.obj
 0001:0000e290       ?ProcessPacket@EQNetworkConnection@@AAE_NPAVEQNetworkPacket@@_N@Z 0040f290 f   EQNetwork.obj
 0001:0000e560       ?CheckBufferedPackets@EQNetworkConnection@@AAEXXZ 0040f560 f   EQNetwork.obj
 0001:0000e6e0       ?DecodePacket@EQNetworkPacket@@QAE_NPAEI@Z 0040f6e0 f   EQNetwork.obj
 0001:0000e850       ??1EQNetworkConnection@@UAE@XZ 0040f850 f   EQNetwork.obj
 0001:0000ea80       ?RecvData@EQNetworkConnection@@QAEXPAEI@Z 0040fa80 f   EQNetwork.obj
 0001:0000edd0       ?RecvData@EQNetworkServer@@AAEXPAEIIG@Z 0040fdd0 f   EQNetwork.obj
 0001:0000ef20       ??_GEQNetworkConnection@@UAEPAXI@Z 0040ff20 f i EQNetwork.obj
 0001:0000ef20       ??_EEQNetworkConnection@@UAEPAXI@Z 0040ff20 f i EQNetwork.obj
 0001:0000ef50       ?EQNetworkServerLoop@@YAXPAX@Z 0040ff50 f   EQNetwork.obj
 0001:0000f1f0       ?Open@EQNetworkServer@@QAE_NG@Z 004101f0 f   EQNetwork.obj
 0001:0000f360       ??BMD5@@QAEPBDXZ           00410360 f   md5.obj
 0001:0000f3d0       ?byteSwap@MD5@@CAXPAII@Z   004103d0 f   md5.obj
 0001:0000f410       ?Transform@MD5@@CAXQAIQBI@Z 00410410 f   md5.obj
 0001:0000faa0       ?Update@MD5@@SAXPAUMD5Context@1@PBEI@Z 00410aa0 f   md5.obj
 0001:0000fb90       ?Final@MD5@@SAXQAEPAUMD5Context@1@@Z 00410b90 f   md5.obj
 0001:0000fc50       ??0MD5@@QAE@PBDI@Z         00410c50 f   md5.obj
 0001:0000fcc0       ??0Seperator@@QAE@PBDDGG_NDD1@Z 00410cc0 f i MiscFunctions.obj
 0001:0000ff30       ??1Seperator@@QAE@XZ       00410f30 f i MiscFunctions.obj
 0001:0000ff70       ?strn0cpy@@YAPADPADPBDI@Z  00410f70 f   MiscFunctions.obj
 0001:0000ffb0       ?MakeAnyLenString@@YAHPAPADPBDZZ 00410fb0 f   MiscFunctions.obj
 0001:00010010       ?atobool@@YA_NPAD@Z        00411010 f   MiscFunctions.obj
 0001:00010120       ??0InitWinsock@@QAE@XZ     00411120 f   MiscFunctions.obj
 0001:00010160       ??1InitWinsock@@QAE@XZ     00411160 f   MiscFunctions.obj
 0001:00010170       ?ResolveIP@@YAIPBDPAD@Z    00411170 f   MiscFunctions.obj
 0001:00010260       ?ParseAddress@@YA_NPBDPAIPAGPAD@Z 00411260 f   MiscFunctions.obj
 0001:000102f0       ?IsTryLockSupported@@YA_NXZ 004112f0 f   Mutex.obj
 0001:00010390       ??0Mutex@@QAE@XZ           00411390 f   Mutex.obj
 0001:000103a0       ??1Mutex@@QAE@XZ           004113a0 f   Mutex.obj
 0001:000103b0       ?lock@Mutex@@QAEXXZ        004113b0 f   Mutex.obj
 0001:000103c0       ?trylock@Mutex@@QAE_NXZ    004113c0 f   Mutex.obj
 0001:000103e0       ?unlock@Mutex@@QAEXXZ      004113e0 f   Mutex.obj
 0001:000103f0       ??0LockMutex@@QAE@PAVMutex@@_N@Z 004113f0 f   Mutex.obj
 0001:00010420       ??1LockMutex@@QAE@XZ       00411420 f   Mutex.obj
 0001:00010430       ?DumpPacketHex@@YAXPBEIII@Z 00411430 f   packet_dump.obj
 0001:00010650       ?DumpPacket@@YAXPBEI@Z     00411650 f   packet_dump.obj
 0001:00010670       ?DumpPacket@@YAXPBVAPPLAYER@@_N@Z 00411670 f   packet_dump.obj
 0001:00010750       ?DumpPacket@@YAXPBVServerPacket@@_N@Z 00411750 f   packet_dump.obj
 0001:00010830       ?InflatePacket@@YAIPAEI0I_N@Z 00411830 f   packet_functions.obj
 0001:00010950       ?MakePacket@TCPConnection@@SAPAUTCPNetPacket_Struct@1@PBVServerPacket@@I@Z 00411950 f   TCPConnection.obj
 0001:000109d0       ?MakeOldPacket@TCPConnection@@SAPAUSPackSendQueue@@PBVServerPacket@@@Z 004119d0 f   TCPConnection.obj
 0001:00010a20       ?SetState@TCPConnection@@IAEXE@Z 00411a20 f   TCPConnection.obj
 0001:00010a50       ?GetState@TCPConnection@@UAEEXZ 00411a50 f   TCPConnection.obj
 0001:00010a80       ?ServerSendQueuePushEnd@TCPConnection@@AAEXPBEH@Z 00411a80 f   TCPConnection.obj
 0001:00010b50       ?ServerSendQueuePushEnd@TCPConnection@@AAEXPAPAEH@Z 00411b50 f   TCPConnection.obj
 0001:00010c40       ?ServerSendQueuePushFront@TCPConnection@@AAEXPBEH@Z 00411c40 f   TCPConnection.obj
 0001:00010d10       ?SetAsyncConnect@TCPConnection@@IAE_N_N@Z 00411d10 f   TCPConnection.obj
 0001:00010d40       ?SetEcho@TCPConnection@@QAEX_N@Z 00411d40 f   TCPConnection.obj
 0001:00010d70       ?SendNetErrorPacket@TCPConnection@@AAEXPBD@Z 00411d70 f   TCPConnection.obj
 0001:00010e60       ?RemoveRelay@TCPConnection@@IAEXPAV1@_N@Z 00411e60 f   TCPConnection.obj
 0001:00010f40       ?Open@TCPServer@@QAE_NGPAD@Z 00411f40 f   TCPConnection.obj
 0001:00011120       ?IsOpen@TCPServer@@QAE_NXZ 00412120 f   TCPConnection.obj
 0001:00011150       ?clear@?$MyQueue@VServerPacket@@@@QAEXXZ 00412150 f i TCPConnection.obj
 0001:000111a0       ?PopPacket@TCPConnection@@QAEPAVServerPacket@@XZ 004121a0 f   TCPConnection.obj
 0001:00011210       ?ClearBuffers@TCPConnection@@AAEXXZ 00412210 f   TCPConnection.obj
 0001:000113e0       ?NewQueuePop@TCPServer@@QAEPAVTCPConnection@@XZ 004123e0 f   TCPConnection.obj
 0001:00011440       ??1?$MyQueue@UTCPNetPacket_Struct@TCPConnection@@@@QAE@XZ 00412440 f i TCPConnection.obj
 0001:00011440       ??1?$MyQueue@D@@QAE@XZ     00412440 f i TCPConnection.obj
 0001:00011440       ??1?$MyQueue@UInQueue_Struct@@@@QAE@XZ 00412440 f i EQNetwork.obj
 0001:00011470       ?push@?$MyQueue@D@@QAEXPAD@Z 00412470 f i TCPConnection.obj
 0001:00011470       ?push@?$MyQueue@VServerPacket@@@@QAEXPAVServerPacket@@@Z 00412470 f i TCPConnection.obj
 0001:00011470       ?push@?$MyQueue@VEQNetworkConnection@@@@QAEXPAVEQNetworkConnection@@@Z 00412470 f i EQNetwork.obj
 0001:00011470       ?push@?$MyQueue@VTCPConnection@@@@QAEXPAVTCPConnection@@@Z 00412470 f i TCPConnection.obj
 0001:00011470       ?push@?$MyQueue@UTCPNetPacket_Struct@TCPConnection@@@@QAEXPAUTCPNetPacket_Struct@TCPConnection@@@Z 00412470 f i TCPConnection.obj
 0001:00011470       ?push@?$MyQueue@UInQueue_Struct@@@@QAEXPAUInQueue_Struct@@@Z 00412470 f i EQNetwork.obj
 0001:00011470       ?push@?$MyQueue@VAPPLAYER@@@@QAEXPAVAPPLAYER@@@Z 00412470 f i EQNetwork.obj
 0001:000114f0       ??1?$MyQueue@VServerPacket@@@@QAE@XZ 004124f0 f i TCPConnection.obj
 0001:00011500       ??1?$MyQueue@VTCPConnection@@@@QAE@XZ 00412500 f i TCPConnection.obj
 0001:00011500       ??1?$MyQueue@VEQNetworkConnection@@@@QAE@XZ 00412500 f i EQNetwork.obj
 0001:00011530       ??0TCPConnection@@QAE@_NPAVTCPServer@@W4eTCPMode@@@Z 00412530 f   TCPConnection.obj
 0001:000116c0       ??0TCPConnection@@QAE@PAVTCPServer@@IIG_N@Z 004126c0 f   TCPConnection.obj
 0001:00011860       ?InModeQueuePush@TCPConnection@@AAEXPAUTCPNetPacket_Struct@1@@Z 00412860 f   TCPConnection.obj
 0001:000118a0       ?LineOutQueuePush@TCPConnection@@AAEXPAD@Z 004128a0 f   TCPConnection.obj
 0001:000119c0       ?ProcessReceivedDataAsOldPackets@TCPConnection@@AAE_NPAD@Z 004129c0 f   TCPConnection.obj
 0001:00011bc0       ?SendPacket@TCPConnection@@UAE_NPBVServerPacket@@I@Z 00412bc0 f   TCPConnection.obj
 0001:00011d00       ?SendPacket@TCPConnection@@UAE_NPBUTCPNetPacket_Struct@1@@Z 00412d00 f   TCPConnection.obj
 0001:00011e00       ??1TCPServer@@UAE@XZ       00412e00 f   TCPConnection.obj
 0001:00011f60       ?AddConnection@TCPServer@@IAEXPAVTCPConnection@@@Z 00412f60 f   TCPConnection.obj
 0001:00011fa0       ?GetConnection@TCPServer@@IAEPAVTCPConnection@@I@Z 00412fa0 f   TCPConnection.obj
 0001:00012020       ?CheckInQueue@TCPServer@@AAEXXZ 00413020 f   TCPConnection.obj
 0001:00012100       ??_ETCPServer@@UAEPAXI@Z   00413100 f i TCPConnection.obj
 0001:00012100       ??_GTCPServer@@UAEPAXI@Z   00413100 f i TCPConnection.obj
 0001:00012130       ?ListenNewConnections@TCPServer@@AAEXXZ 00413130 f   TCPConnection.obj
 0001:000122f0       ?Process@TCPServer@@IAEXXZ 004132f0 f   TCPConnection.obj
 0001:00012430       ??0TCPConnection@@QAE@PAVTCPServer@@PAV0@IIG@Z 00413430 f   TCPConnection.obj
 0001:00012610       ?Free@TCPConnection@@QAEXXZ 00413610 f   TCPConnection.obj
 0001:000126d0       ?Connect@TCPConnection@@QAE_NIGPAD@Z 004136d0 f   TCPConnection.obj
 0001:000129f0       ?ProcessNetworkLayerPacket@TCPConnection@@AAEXPAVServerPacket@@@Z 004139f0 f   TCPConnection.obj
 0001:00012c50       ?SendData@TCPConnection@@AAE_NPAD@Z 00413c50 f   TCPConnection.obj
 0001:00012ea0       ?TCPServerLoop@@YAXPAX@Z   00413ea0 f   TCPConnection.obj
 0001:00012fb0       ?Disconnect@TCPConnection@@UAEX_N@Z 00413fb0 f   TCPConnection.obj
 0001:00013070       ?ProcessReceivedDataAsPackets@TCPConnection@@AAE_NPAD@Z 00414070 f   TCPConnection.obj
 0001:00013320       ?TCPConnectionLoop@@YAXPAX@Z 00414320 f   TCPConnection.obj
 0001:000134d0       ??0TCPServer@@QAE@G_N@Z    004144d0 f   TCPConnection.obj
 0001:000135b0       ??1TCPConnection@@UAE@XZ   004145b0 f   TCPConnection.obj
 0001:00013790       ?AsyncConnect@TCPConnection@@QAEXIG@Z 00414790 f   TCPConnection.obj
 0001:000138c0       ?ProcessReceivedData@TCPConnection@@AAE_NPAD@Z 004148c0 f   TCPConnection.obj
 0001:00013bf0       ??_GTCPConnection@@UAEPAXI@Z 00414bf0 f i TCPConnection.obj
 0001:00013bf0       ??_ETCPConnection@@UAEPAXI@Z 00414bf0 f i TCPConnection.obj
 0001:00013c20       ?RecvData@TCPConnection@@AAE_NPAD@Z 00414c20 f   TCPConnection.obj
 0001:00013dc0       ?Process@TCPConnection@@MAE_NXZ 00414dc0 f   TCPConnection.obj
 0001:00013f70       ??0Timer@@QAE@I_N@Z        00414f70 f   timer.obj
 0001:00013fa0       ?gettimeofday@@YAHPAUtimeval@@ZZ 00414fa0 f   timer.obj
 0001:00013ff0       ?Check@Timer@@QAE_N_N@Z    00414ff0 f   timer.obj
 0001:00014050       ?Disable@Timer@@QAEXXZ     00415050 f   timer.obj
 0001:00014060       ?Start@Timer@@QAEXI_N@Z    00415060 f   timer.obj
 0001:00014090       ?Trigger@Timer@@QAEXXZ     00415090 f   timer.obj
 0001:000140b0       ?GetTickCount@Timer@@SAABIXZ 004150b0 f   timer.obj
 0001:000140c0       ?SetCurrentTime@Timer@@SAABIXZ 004150c0 f   timer.obj
 0001:00014122       _ntohs@4                   00415122 f   wsock32:WSOCK32.dll
 0001:00014128       _inet_ntoa@4               00415128 f   wsock32:WSOCK32.dll
 0001:0001412e       _htonl@4                   0041512e f   wsock32:WSOCK32.dll
 0001:00014134       _closesocket@4             00415134 f   wsock32:WSOCK32.dll
 0001:0001413a       _WSAStartup@8              0041513a f   wsock32:WSOCK32.dll
 0001:00014140       _WSACleanup@0              00415140 f   wsock32:WSOCK32.dll
 0001:00014146       _sendto@24                 00415146 f   wsock32:WSOCK32.dll
 0001:0001414c       _ntohl@4                   0041514c f   wsock32:WSOCK32.dll
 0001:00014152       _recv@16                   00415152 f   wsock32:WSOCK32.dll
 0001:00014158       _recvfrom@24               00415158 f   wsock32:WSOCK32.dll
 0001:0001415e       _ioctlsocket@12            0041515e f   wsock32:WSOCK32.dll
 0001:00014164       _connect@12                00415164 f   wsock32:WSOCK32.dll
 0001:0001416a       _socket@12                 0041516a f   wsock32:WSOCK32.dll
 0001:00014170       _htons@4                   00415170 f   wsock32:WSOCK32.dll
 0001:00014176       _bind@12                   00415176 f   wsock32:WSOCK32.dll
 0001:0001417c       _setsockopt@20             0041517c f   wsock32:WSOCK32.dll
 0001:00014182       _WSAGetLastError@0         00415182 f   wsock32:WSOCK32.dll
 0001:00014188       _gethostbyname@4           00415188 f   wsock32:WSOCK32.dll
 0001:0001418e       _listen@8                  0041518e f   wsock32:WSOCK32.dll
 0001:00014194       _accept@12                 00415194 f   wsock32:WSOCK32.dll
 0001:0001419a       _send@16                   0041519a f   wsock32:WSOCK32.dll
 0001:000141a0       _shutdown@8                004151a0 f   wsock32:WSOCK32.dll
 0001:000141b0       _my_connect                004151b0 f   mysqlclient:client.obj
 0001:000141d0       _set_mysql_error           004151d0 f   mysqlclient:client.obj
 0001:00014230       _net_clear_error           00415230 f   mysqlclient:client.obj
 0001:000142a0       _create_named_pipe         004152a0 f   mysqlclient:client.obj
 0001:00014480       _create_shared_memory      00415480 f   mysqlclient:client.obj
 0001:00014900       _free_rows                 00415900 f   mysqlclient:client.obj
 0001:00014920       _free_old_query            00415920 f   mysqlclient:client.obj
 0001:000149a0       _mysql_free_result@4       004159a0 f   mysqlclient:client.obj
 0001:00014ab0       _mysql_read_default_options 00415ab0 f   mysqlclient:client.obj
 0001:00014f80       _unpack_fields             00415f80 f   mysqlclient:client.obj
 0001:000152f0       _mysql_init@4              004162f0 f   mysqlclient:client.obj
 0001:00015580       _mysql_init_character_set  00416580 f   mysqlclient:client.obj
 0001:00015790       _mysql_select_db@8         00416790 f   mysqlclient:client.obj
 0001:000159d0       _mysql_detach_stmt_list    004169d0 f   mysqlclient:client.obj
 0001:00015a60       _mysql_send_query@12       00416a60 f   mysqlclient:client.obj
 0001:00015ae0       _mysql_real_query@12       00416ae0 f   mysqlclient:client.obj
 0001:00015b20       _mysql_store_result@4      00416b20 f   mysqlclient:client.obj
 0001:00015d60       _mysql_num_rows@4          00416d60 f   mysqlclient:client.obj
 0001:00015d70       _mysql_num_fields@4        00416d70 f   mysqlclient:client.obj
 0001:00015d80       _mysql_errno@4             00416d80 f   mysqlclient:client.obj
 0001:00015da0       _mysql_error@4             00416da0 f   mysqlclient:client.obj
 0001:00015dc0       _mysql_get_server_version@4 00416dc0 f   mysqlclient:client.obj
 0001:00015e20       _mysql_set_character_set@8 00416e20 f   mysqlclient:client.obj
 0001:00015f30       _end_server                00416f30 f   mysqlclient:client.obj
 0001:00015f80       _mysql_close@4             00416f80 f   mysqlclient:client.obj
 0001:00016060       _cli_safe_read             00417060 f   mysqlclient:client.obj
 0001:000161d0       _cli_read_rows             004171d0 f   mysqlclient:client.obj
 0001:00016500       _mysql_real_connect@32     00417500 f   mysqlclient:client.obj
 0001:000172c0       _mysql_reconnect           004182c0 f   mysqlclient:client.obj
 0001:000176b0       _mysql_fetch_row@4         004186b0 f   mysqlclient:client.obj
 0001:00017770       _cli_advanced_command      00418770 f   mysqlclient:client.obj
 0001:000178f0       _mysql_master_send_query@12 004188f0 f   mysqlclient:libmysql.obj
 0001:00017960       _mysql_slave_send_query@12 00418960 f   mysqlclient:libmysql.obj
 0001:00017a50       _mysql_rpl_query_type@8    00418a50 f   mysqlclient:libmysql.obj
 0001:00017b20       _cli_read_change_user_result 00418b20 f   mysqlclient:libmysql.obj
 0001:00017bc0       _read_user_name            00418bc0 f   mysqlclient:libmysql.obj
 0001:00017da0       _mysql_set_local_infile_default 00418da0 f   mysqlclient:libmysql.obj
 0001:00017dd0       _mysql_query@8             00418dd0 f   mysqlclient:libmysql.obj
 0001:00017ee0       _cli_list_fields           00418ee0 f   mysqlclient:libmysql.obj
 0001:00017f40       _cli_read_statistics       00418f40 f   mysqlclient:libmysql.obj
 0001:00017f80       _mysql_ping@4              00418f80 f   mysqlclient:libmysql.obj
 0001:00017fe0       _mysql_field_count@4       00418fe0 f   mysqlclient:libmysql.obj
 0001:00018000       _mysql_affected_rows@4     00419000 f   mysqlclient:libmysql.obj
 0001:00018020       _mysql_insert_id@4         00419020 f   mysqlclient:libmysql.obj
 0001:00018040       _my_net_local_init         00419040 f   mysqlclient:libmysql.obj
 0001:00018090       _mysql_real_escape_string@16 00419090 f   mysqlclient:libmysql.obj
 0001:00018130       _set_stmt_error            00419130 f   mysqlclient:libmysql.obj
 0001:00018170       _set_stmt_errmsg           00419170 f   mysqlclient:libmysql.obj
 0001:000181c0       _cli_read_prepare_result   004191c0 f   mysqlclient:libmysql.obj
 0001:00018430       _cli_stmt_execute          00419430 f   mysqlclient:libmysql.obj
 0001:00018610       _cli_unbuffered_fetch      00419610 f   mysqlclient:libmysql.obj
 0001:00018650       _cli_read_binary_rows      00419650 f   mysqlclient:libmysql.obj
 0001:00018790       _mysql_next_result@4       00419790 f   mysqlclient:libmysql.obj
 0001:00018800       _mysql_server_init@12      00419800 f   mysqlclient:libmysql.obj
 0001:00018a60       _mysql_rpl_probe@4         00419a60 f   mysqlclient:libmysql.obj
 0001:00018b00       _handle_local_infile       00419b00 f   mysqlclient:libmysql.obj
 0001:00018d20       _deflate                   00419d20 f   mysqlclient:deflate.obj
 0001:00019500       _deflateEnd                0041a500 f   mysqlclient:deflate.obj
 0001:0001a260       _deflateReset              0041b260 f   mysqlclient:deflate.obj
 0001:0001a2f0       _deflateInit2_             0041b2f0 f   mysqlclient:deflate.obj
 0001:0001a510       _deflateInit_              0041b510 f   mysqlclient:deflate.obj
 0001:0001a540       _inflateReset              0041b540 f   mysqlclient:inflate.obj
 0001:0001a5a0       _inflateInit2_             0041b5a0 f   mysqlclient:inflate.obj
 0001:0001a670       _inflateInit_              0041b670 f   mysqlclient:inflate.obj
 0001:0001a7a0       _inflate                   0041b7a0 f   mysqlclient:inflate.obj
 0001:0001bd90       _inflateEnd                0041cd90 f   mysqlclient:inflate.obj
 0001:0001c070       _my_hash_sort_latin1_de    0041d070 f   mysqlclient:ctype-latin1.obj
 0001:0001c110       _strmov                    0041d110 f   mysqlclient:strmov.obj
 0001:0001c130       _init_client_errs          0041d130 f   mysqlclient:errmsg.obj
 0001:0001c150       _my_vsnprintf              0041d150 f   mysqlclient:my_vsnprintf.obj
 0001:0001c460       _my_snprintf               0041d460 f   mysqlclient:my_vsnprintf.obj
 0001:0001c480       _strxnmov                  0041d480 f   mysqlclient:strxnmov.obj
 0001:0001c4d0       _vio_delete                0041d4d0 f   mysqlclient:vio.obj
 0001:0001c6e0       _vio_reset                 0041d6e0 f   mysqlclient:vio.obj
 0001:0001c710       _vio_new                   0041d710 f   mysqlclient:vio.obj
 0001:0001c790       _vio_new_win32pipe         0041d790 f   mysqlclient:vio.obj
 0001:0001c7e0       _vio_new_win32shared_memory 0041d7e0 f   mysqlclient:vio.obj
 0001:0001c880       _my_malloc                 0041d880 f   mysqlclient:my_malloc.obj
 0001:0001c900       _my_no_flags_free          0041d900 f   mysqlclient:my_malloc.obj
 0001:0001c920       _my_memdup                 0041d920 f   mysqlclient:my_malloc.obj
 0001:0001c950       _my_strdup                 0041d950 f   mysqlclient:my_malloc.obj
 0001:0001c9a0       _int2str                   0041d9a0 f   mysqlclient:int2str.obj
 0001:0001ca80       _int10_to_str              0041da80 f   mysqlclient:int2str.obj
 0001:0001cb30       _strxmov                   0041db30 f   mysqlclient:strxmov.obj
 0001:0001cb70       _init_alloc_root           0041db70 f   mysqlclient:my_alloc.obj
 0001:0001cbd0       _alloc_root                0041dbd0 f   mysqlclient:my_alloc.obj
 0001:0001cd00       _free_root                 0041dd00 f   mysqlclient:my_alloc.obj
 0001:0001cda0       _strmake_root              0041dda0 f   mysqlclient:my_alloc.obj
 0001:0001cde0       _strdup_root               0041dde0 f   mysqlclient:my_alloc.obj
 0001:0001ce10       _init_dynamic_array2       0041de10 f   mysqlclient:array.obj
 0001:0001ce90       _init_dynamic_array        0041de90 f   mysqlclient:array.obj
 0001:0001ceb0       _alloc_dynamic             0041deb0 f   mysqlclient:array.obj
 0001:0001cf40       _delete_dynamic            0041df40 f   mysqlclient:array.obj
 0001:0001cf80       _insert_dynamic            0041df80 f   mysqlclient:array.obj
 0001:0001d060       _get_defaults_options      0041e060 f   mysqlclient:default.obj
 0001:0001d130       _free_defaults             0041e130 f   mysqlclient:default.obj
 0001:0001dc30       _my_search_option_files    0041ec30 f   mysqlclient:default.obj
 0001:0001dea0       _my_load_defaults          0041eea0 f   mysqlclient:default.obj
 0001:0001e180       _find_type                 0041f180 f   mysqlclient:typelib.obj
 0001:0001e310       _strcend                   0041f310 f   mysqlclient:strcend.obj
 0001:0001e340       ??_GMD5@TaoCrypt@@UAEPAXI@Z 0041f340 f i mysqlclient:ssl.obj
 0001:0001e340       ??_EMD5@TaoCrypt@@UAEPAXI@Z 0041f340 f i mysqlclient:ssl.obj
 0001:0001e340       ??_ERIPEMD160@TaoCrypt@@UAEPAXI@Z 0041f340 f i mysqlclient:crypto_wrapper.obj
 0001:0001e340       ??_GHASHwithTransform@TaoCrypt@@UAEPAXI@Z 0041f340 f i mysqlclient:hash.cpp.obj
 0001:0001e340       ??_GSHA@TaoCrypt@@UAEPAXI@Z 0041f340 f i mysqlclient:crypto_wrapper.obj
 0001:0001e340       ??_ESHA@TaoCrypt@@UAEPAXI@Z 0041f340 f i mysqlclient:crypto_wrapper.obj
 0001:0001e340       ??_EHASHwithTransform@TaoCrypt@@UAEPAXI@Z 0041f340 f i mysqlclient:hash.cpp.obj
 0001:0001e340       ??_GHASH@TaoCrypt@@UAEPAXI@Z 0041f340 f i mysqlclient:ssl.obj
 0001:0001e340       ??_EHASH@TaoCrypt@@UAEPAXI@Z 0041f340 f i mysqlclient:ssl.obj
 0001:0001e340       ??_GRIPEMD160@TaoCrypt@@UAEPAXI@Z 0041f340 f i mysqlclient:crypto_wrapper.obj
 0001:0001e360       ?getPadSize@SHA@TaoCrypt@@UBEIXZ 0041f360 f i mysqlclient:crypto_wrapper.obj
 0001:0001e360       ?getPadSize@RIPEMD160@TaoCrypt@@UBEIXZ 0041f360 f i mysqlclient:crypto_wrapper.obj
 0001:0001e360       ?getPadSize@MD5@TaoCrypt@@UBEIXZ 0041f360 f i mysqlclient:ssl.obj
 0001:0001e370       _yaTLSv1_server_method     0041f370 f   mysqlclient:ssl.obj
 0001:0001e3b0       _yaTLSv1_client_method     0041f3b0 f   mysqlclient:ssl.obj
 0001:0001e3f0       _yaSSL_CTX_new             0041f3f0 f   mysqlclient:ssl.obj
 0001:0001e420       _yaSSL_new                 0041f420 f   mysqlclient:ssl.obj
 0001:0001e450       _yaSSL_set_fd              0041f450 f   mysqlclient:ssl.obj
 0001:0001e470       _yaSSL_get_fd              0041f470 f   mysqlclient:ssl.obj
 0001:0001e480       _yaSSL_connect             0041f480 f   mysqlclient:ssl.obj
 0001:0001e730       _yaSSL_write               0041f730 f   mysqlclient:ssl.obj
 0001:0001e740       _yaSSL_clear               0041f740 f   mysqlclient:ssl.obj
 0001:0001e760       _yaSSL_shutdown            0041f760 f   mysqlclient:ssl.obj
 0001:0001e7d0       _yaSSL_set_quiet_shutdown  0041f7d0 f   mysqlclient:ssl.obj
 0001:0001e7f0       _yaSSL_get_session         0041f7f0 f   mysqlclient:ssl.obj
 0001:0001e840       _yaSSL_SESSION_set_timeout 0041f840 f   mysqlclient:ssl.obj
 0001:0001e860       _yaSSL_CTX_set_cipher_list 0041f860 f   mysqlclient:ssl.obj
 0001:0001e880       _yaSSL_get_peer_certificate 0041f880 f   mysqlclient:ssl.obj
 0001:0001e8a0       _yaX509_NAME_oneline       0041f8a0 f   mysqlclient:ssl.obj
 0001:0001e920       _yaX509_get_subject_name   0041f920 f   mysqlclient:ssl.obj
 0001:0001e930       _yaSSL_CTX_set_tmp_dh      0041f930 f   mysqlclient:ssl.obj
 0001:0001e950       _yaSSL_CTX_set_verify      0041f950 f   mysqlclient:ssl.obj
 0001:0001e990       _yaSSL_CTX_set_default_verify_paths 0041f990 f   mysqlclient:ssl.obj
 0001:0001e990       _yaSSL_CTX_check_private_key 0041f990 f   mysqlclient:ssl.obj
 0001:0001e9a0       _yaDH_new                  0041f9a0 f   mysqlclient:ssl.obj
 0001:0001e9c0       _yaEVP_BytesToKey          0041f9c0 f   mysqlclient:ssl.obj
 0001:0001ec30       ??$ysDelete@UBulkCipher@yaSSL@@@yaSSL@@YAXPAUBulkCipher@0@@Z 0041fc30 f i mysqlclient:ssl.obj
 0001:0001ec50       _yaSSL_read                0041fc50 f   mysqlclient:ssl.obj
 0001:0001ec90       ??$ysDelete@VSSL_CTX@yaSSL@@@yaSSL@@YAXPAVSSL_CTX@0@@Z 0041fc90 f i mysqlclient:ssl.obj
 0001:0001ecb0       ??$StdReallocate@EV?$AllocatorWithCleanup@E@TaoCrypt@@@TaoCrypt@@YAPAEAAV?$AllocatorWithCleanup@E@0@PAEII_N@Z 0041fcb0 f i mysqlclient:ssl.obj
 0001:0001ed50       ??1SSL@yaSSL@@QAE@XZ       0041fd50 f i mysqlclient:ssl.obj
 0001:0001edb0       _yaSSL_CTX_free            0041fdb0 f   mysqlclient:ssl.obj
 0001:0001edc0       ?reset@?$auto_ptr@UBulkCipher@yaSSL@@@mySTL@@QAEXPAUBulkCipher@yaSSL@@@Z 0041fdc0 f i mysqlclient:ssl.obj
 0001:0001ede0       ??$ysDelete@UBIGNUM@yaSSL@@@yaSSL@@YAXPAUBIGNUM@0@@Z 0041fde0 f i mysqlclient:ssl.obj
 0001:0001ee00       ??0Source@TaoCrypt@@QAE@PBEI@Z 0041fe00 f i mysqlclient:ssl.obj
 0001:0001ee50       ??1Source@TaoCrypt@@QAE@XZ 0041fe50 f i mysqlclient:ssl.obj
 0001:0001ee50       ??1HexDecoder@TaoCrypt@@QAE@XZ 0041fe50 f i mysqlclient:ssl.obj
 0001:0001ee70       _yaDH_free                 0041fe70 f   mysqlclient:ssl.obj
 0001:0001eea0       ??$ysDelete@VSSL@yaSSL@@@yaSSL@@YAXPAVSSL@0@@Z 0041fea0 f i mysqlclient:ssl.obj
 0001:0001eec0       _yaSSL_free                0041fec0 f   mysqlclient:ssl.obj
 0001:0001eed0       ??0?$Block@EV?$AllocatorWithCleanup@E@TaoCrypt@@@TaoCrypt@@QAE@I@Z 0041fed0 f i mysqlclient:ssl.obj
 0001:0001ef20       ??0HexDecoder@TaoCrypt@@QAE@AAVSource@1@@Z 0041ff20 f i mysqlclient:ssl.obj
 0001:0001ef70       ?read_file@yaSSL@@YAHPAVSSL_CTX@1@PBDHW4CertType@1@@Z 0041ff70 f   mysqlclient:ssl.obj
 0001:0001f3c0       _yaSSL_CTX_use_certificate_file 004203c0 f   mysqlclient:ssl.obj
 0001:0001f3e0       _yaSSL_CTX_use_PrivateKey_file 004203e0 f   mysqlclient:ssl.obj
 0001:0001f400       _yaSSL_CTX_load_verify_locations 00420400 f   mysqlclient:ssl.obj
 0001:0001f540       _yaBN_bin2bn               00420540 f   mysqlclient:ssl.obj
 0001:0001f5b0       _my_charset_same           004205b0 f   mysqlclient:charset.obj
 0001:0001fc10       _get_charsets_dir          00420c10 f   mysqlclient:charset.obj
 0001:0001fcd0       _add_compiled_collation    00420cd0 f   mysqlclient:charset.obj
 0001:0001fda0       _get_collation_number      00420da0 f   mysqlclient:charset.obj
 0001:0001fdc0       _get_charset_number        00420dc0 f   mysqlclient:charset.obj
 0001:0001ff20       _get_charset_by_name       00420f20 f   mysqlclient:charset.obj
 0001:0001ffc0       _get_charset_by_csname     00420fc0 f   mysqlclient:charset.obj
 0001:00020070       _escape_string_for_mysql   00421070 f   mysqlclient:charset.obj
 0001:00020220       _fs_character_set          00421220 f   mysqlclient:charset.obj
 0001:000202b0       _escape_quotes_for_mysql   004212b0 f   mysqlclient:charset.obj
 0001:00020390       _my_error                  00421390 f   mysqlclient:my_error.obj
 0001:00020440       _my_printf_error           00421440 f   mysqlclient:my_error.obj
 0001:000204b0       _my_error_register         004214b0 f   mysqlclient:my_error.obj
 0001:00020530       _list_add                  00421530 f   mysqlclient:list.obj
 0001:00020560       _my_net_init               00421560 f   mysqlclient:net_serv.obj
 0001:000205e0       _net_end                   004215e0 f   mysqlclient:net_serv.obj
 0001:00020600       _net_realloc               00421600 f   mysqlclient:net_serv.obj
 0001:000206f0       _net_clear                 004216f0 f   mysqlclient:net_serv.obj
 0001:00020760       _net_real_write            00421760 f   mysqlclient:net_serv.obj
 0001:000209f0       _my_net_read               004219f0 f   mysqlclient:net_serv.obj
 0001:00020bc0       _my_net_set_read_timeout   00421bc0 f   mysqlclient:net_serv.obj
 0001:00020bf0       _my_net_set_write_timeout  00421bf0 f   mysqlclient:net_serv.obj
 0001:00020c20       _net_flush                 00421c20 f   mysqlclient:net_serv.obj
 0001:00020d40       _my_net_write              00421d40 f   mysqlclient:net_serv.obj
 0001:00020e10       _net_write_command         00421e10 f   mysqlclient:net_serv.obj
 0001:00020f90       _strmake                   00421f90 f   mysqlclient:strmake.obj
 0001:00020fc0       _net_field_length@4        00421fc0 f   mysqlclient:pack.obj
 0001:00021020       _net_field_length_ll       00422020 f   mysqlclient:pack.obj
 0001:00021080       _randominit                00422080 f   mysqlclient:password.obj
 0001:000210c0       _my_rnd                    004220c0 f   mysqlclient:password.obj
 0001:00021100       _hash_password             00422100 f   mysqlclient:password.obj
 0001:00021180       _scramble_323              00422180 f   mysqlclient:password.obj
 0001:000212c0       _scramble                  004222c0 f   mysqlclient:password.obj
 0001:000213c0       _vio_ssl_read              004223c0 f   mysqlclient:viossl.obj
 0001:000213e0       _vio_ssl_write             004223e0 f   mysqlclient:viossl.obj
 0001:00021400       _vio_ssl_close             00422400 f   mysqlclient:viossl.obj
 0001:00021440       _vio_ssl_delete            00422440 f   mysqlclient:viossl.obj
 0001:00021550       _sslconnect                00422550 f   mysqlclient:viossl.obj
 0001:00021570       _vio_ssl_blocking          00422570 f   mysqlclient:viossl.obj
 0001:00021610       _sslGetErrString           00422610 f   mysqlclient:viosslfactories.obj
 0001:00021850       _new_VioSSLConnectorFd     00422850 f   mysqlclient:viosslfactories.obj
 0001:000218b0       _my_multi_malloc           004228b0 f   mysqlclient:mulalloc.obj
 0001:00021920       _strend                    00422920 f   mysqlclient:strend.obj
 0001:00021940       _vio_read                  00422940 f   mysqlclient:viosocket.obj
 0001:00021960       _vio_read_buff             00422960 f   mysqlclient:viosocket.obj
 0001:00021a00       _vio_write                 00422a00 f   mysqlclient:viosocket.obj
 0001:00021a20       _vio_blocking              00422a20 f   mysqlclient:viosocket.obj
 0001:00021a90       _vio_is_blocking           00422a90 f   mysqlclient:viosocket.obj
 0001:00021aa0       _vio_fastsend              00422aa0 f   mysqlclient:viosocket.obj
 0001:00021ad0       _vio_keepalive             00422ad0 f   mysqlclient:viosocket.obj
 0001:00021b10       _vio_should_retry          00422b10 f   mysqlclient:viosocket.obj
 0001:00021b40       _vio_was_interrupted       00422b40 f   mysqlclient:viosocket.obj
 0001:00021b70       _mysql_socket_shutdown     00422b70 f   mysqlclient:viosocket.obj
 0001:00021c40       _vio_close                 00422c40 f   mysqlclient:viosocket.obj
 0001:00021c90       _vio_fd                    00422c90 f   mysqlclient:viosocket.obj
 0001:00021ca0       _vio_peer_addr             00422ca0 f   mysqlclient:viosocket.obj
 0001:00021d20       _vio_in_addr               00422d20 f   mysqlclient:viosocket.obj
 0001:00021d40       _vio_timeout               00422d40 f   mysqlclient:viosocket.obj
 0001:00021dc0       _vio_read_pipe             00422dc0 f   mysqlclient:viosocket.obj
 0001:00021e10       _vio_write_pipe            00422e10 f   mysqlclient:viosocket.obj
 0001:00021e60       _vio_close_pipe            00422e60 f   mysqlclient:viosocket.obj
 0001:00021ea0       _vio_win32_timeout         00422ea0 f   mysqlclient:viosocket.obj
 0001:00021ee0       _vio_read_shared_memory    00422ee0 f   mysqlclient:viosocket.obj
 0001:00021fc0       _vio_write_shared_memory   00422fc0 f   mysqlclient:viosocket.obj
 0001:00022070       _vio_close_shared_memory   00423070 f   mysqlclient:viosocket.obj
 0001:00022120       _my_inet_ntoa              00423120 f   mysqlclient:my_net.obj
 0001:00022150       _my_gethostbyname_r        00423150 f   mysqlclient:my_net.obj
 0001:00022180       _my_gethostbyname_r_free   00423180 f   mysqlclient:my_net.obj
 0001:000224f0       _my_init                   004234f0 f   mysqlclient:my_init.obj
 0001:000225c0       _my_thread_global_end      004235c0 f   mysqlclient:my_thr_init.obj
 0001:000226d0       __my_thread_var            004236d0 f   mysqlclient:my_thr_init.obj
 0001:000226e0       _my_thread_init            004236e0 f   mysqlclient:my_thr_init.obj
 0001:00022780       _my_thread_global_init     00423780 f   mysqlclient:my_thr_init.obj
 0001:00022850       _yaX509_free               00423850 f   mysqlclient:ssl.obj
 0001:00022850       _my_xml_parser_free        00423850 f   mysqlclient:xml.obj
 0001:00022850       _yaSSL_load_error_strings  00423850 f   mysqlclient:ssl.obj
 0001:00022850       ??1Socket@yaSSL@@QAE@XZ    00423850 f   mysqlclient:socket_wrapper.obj
 0001:00022850       _yaOpenSSL_add_all_algorithms 00423850 f   mysqlclient:ssl.obj
 0001:00022850       _my_parameter_handler      00423850 f   mysqlclient:my_init.obj
 0001:00022850       ??1Log@yaSSL@@QAE@XZ       00423850 f   mysqlclient:log.obj
 0001:00022850       _init_glob_errs            00423850 f   mysqlclient:errors.obj
 0001:00022860       _my_close                  00423860 f   mysqlclient:my_open.obj
 0001:00022920       _my_register_filename      00423920 f   mysqlclient:my_open.obj
 0001:00022a30       _my_sopen                  00423a30 f   mysqlclient:my_open.obj
 0001:00022d00       _my_open                   00423d00 f   mysqlclient:my_open.obj
 0001:00022d70       _strlength                 00423d70 f   mysqlclient:mf_format.obj
 0001:00022dc0       _fn_format                 00423dc0 f   mysqlclient:mf_format.obj
 0001:00023000       _my_read                   00424000 f   mysqlclient:my_read.obj
 0001:00023130       _my_strtoll10              00424130 f   mysqlclient:my_strtoll10.obj
 0001:00023400       _bmove_upp                 00424400 f   mysqlclient:bmove_upp.obj
 0001:00023430       _adler32                   00424430 f   mysqlclient:adler32.obj
 0001:000236b0       _compress2                 004246b0 f   mysqlclient:compress.obj
 0001:00023760       _compress                  00424760 f   mysqlclient:compress.obj
 0001:000249d0       __tr_init                  004259d0 f   mysqlclient:trees.obj
 0001:00024d90       __tr_stored_block          00425d90 f   mysqlclient:trees.obj
 0001:00024e30       __tr_align                 00425e30 f   mysqlclient:trees.obj
 0001:00025020       __tr_flush_block           00426020 f   mysqlclient:trees.obj
 0001:000254d0       _crc32                     004264d0 f   mysqlclient:crc32.obj
 0001:000254f0       _zcalloc                   004264f0 f   mysqlclient:zutil.obj
 0001:00025510       _zcfree                    00426510 f   mysqlclient:zutil.obj
 0001:00025520       _inflate_fast              00426520 f   mysqlclient:inffast.obj
 0001:000259e0       _inflate_table             004269e0 f   mysqlclient:inftrees.obj
 0001:00025fa0       _my_lengthsp_binary        00426fa0 f   mysqlclient:ctype-bin.obj
 0001:00026030       _my_hash_sort_8bit_bin     00427030 f   mysqlclient:ctype-bin.obj
 0001:00026090       _my_hash_sort_bin          00427090 f   mysqlclient:ctype-bin.obj
 0001:000262c0       _my_wildcmp_bin            004272c0 f   mysqlclient:ctype-bin.obj
 0001:00026420       _my_strnxfrmlen_simple     00427420 f   mysqlclient:ctype-simple.obj
 0001:00026440       _my_strnxfrm_simple        00427440 f   mysqlclient:ctype-simple.obj
 0001:000264c0       _my_strnncoll_simple       004274c0 f   mysqlclient:ctype-simple.obj
 0001:00026540       _my_strnncollsp_simple     00427540 f   mysqlclient:ctype-simple.obj
 0001:00026600       _my_caseup_str_8bit        00427600 f   mysqlclient:ctype-simple.obj
 0001:00026640       _my_casedn_str_8bit        00427640 f   mysqlclient:ctype-simple.obj
 0001:00026680       _my_caseup_8bit            00427680 f   mysqlclient:ctype-simple.obj
 0001:000266b0       _my_casedn_8bit            004276b0 f   mysqlclient:ctype-simple.obj
 0001:000266e0       _my_strcasecmp_8bit        004276e0 f   mysqlclient:ctype-simple.obj
 0001:00026740       _my_mb_wc_8bit             00427740 f   mysqlclient:ctype-simple.obj
 0001:00026780       _my_wc_mb_8bit             00427780 f   mysqlclient:ctype-simple.obj
 0001:000267e0       _my_snprintf_8bit          004277e0 f   mysqlclient:ctype-simple.obj
 0001:00026800       _my_hash_sort_simple       00427800 f   mysqlclient:ctype-simple.obj
 0001:00026880       _my_strntol_8bit           00427880 f   mysqlclient:ctype-simple.obj
 0001:000269e0       _my_strntoul_8bit          004279e0 f   mysqlclient:ctype-simple.obj
 0001:00026b20       _my_strntoll_8bit          00427b20 f   mysqlclient:ctype-simple.obj
 0001:00026ce0       _my_strntoull_8bit         00427ce0 f   mysqlclient:ctype-simple.obj
 0001:00026e70       _my_strntod_8bit           00427e70 f   mysqlclient:ctype-simple.obj
 0001:00026ea0       _my_long10_to_str_8bit     00427ea0 f   mysqlclient:ctype-simple.obj
 0001:00026f70       _my_longlong10_to_str_8bit 00427f70 f   mysqlclient:ctype-simple.obj
 0001:00027270       _my_wildcmp_8bit           00428270 f   mysqlclient:ctype-simple.obj
 0001:000272b0       _my_like_range_simple      004282b0 f   mysqlclient:ctype-simple.obj
 0001:000273d0       _my_scan_8bit              004283d0 f   mysqlclient:ctype-simple.obj
 0001:00027440       _my_fill_8bit              00428440 f   mysqlclient:ctype-simple.obj
 0001:00027460       _my_numchars_8bit          00428460 f   mysqlclient:ctype-simple.obj
 0001:00027460       _my_numcells_8bit          00428460 f   mysqlclient:ctype-simple.obj
 0001:00027470       _my_charpos_8bit           00428470 f   mysqlclient:ctype-simple.obj
 0001:00027480       _my_well_formed_len_8bit   00428480 f   mysqlclient:ctype-simple.obj
 0001:000274a0       _my_lengthsp_8bit          004284a0 f   mysqlclient:ctype-simple.obj
 0001:000274c0       _my_instr_simple           004284c0 f   mysqlclient:ctype-simple.obj
 0001:00027980       _my_strtoll10_8bit         00428980 f   mysqlclient:ctype-simple.obj
 0001:000279a0       _my_mb_ctype_8bit          004289a0 f   mysqlclient:ctype-simple.obj
 0001:000279e0       _my_strntoull10rnd_8bit    004289e0 f   mysqlclient:ctype-simple.obj
 0001:00027e80       ?IsMontgomeryRepresentation@MontgomeryRepresentation@TaoCrypt@@UBE_NXZ 00428e80 f   mysqlclient:integer.obj
 0001:00027e80       _my_propagate_simple       00428e80 f   mysqlclient:ctype-simple.obj
 0001:00027e90       _my_propagate_complex      00428e90 f   mysqlclient:ctype-simple.obj
 0001:00027e90       _vio_poll_read             00428e90 f   mysqlclient:viosocket.obj
 0001:00027e90       ?IsMontgomeryRepresentation@ModularArithmetic@TaoCrypt@@UBE_NXZ 00428e90 f   mysqlclient:integer.obj
 0001:00027e90       ?InversionIsFast@AbstractGroup@TaoCrypt@@UBE_NXZ 00428e90 f   mysqlclient:integer.obj
 0001:000281b0       _my_wildcmp_unicode        004291b0 f   mysqlclient:ctype-utf8.obj
 0001:000290b0       _strnmov                   0042a0b0 f   mysqlclient:strnmov.obj
 0001:000290e0       ?c32to24@yaSSL@@YAXIAAY02E@Z 0042a0e0 f   mysqlclient:yassl_int.obj
 0001:00029100       ?c24to32@yaSSL@@YAXQBEAAI@Z 0042a100 f   mysqlclient:yassl_int.obj
 0001:00029130       ?c24to32@yaSSL@@YAIQBE@Z   0042a130 f   mysqlclient:yassl_int.obj
 0001:00029150       ?ato16@yaSSL@@YAXPBEAAG@Z  0042a150 f   mysqlclient:yassl_int.obj
 0001:00029170       ?c16toa@yaSSL@@YAXGPAE@Z   0042a170 f   mysqlclient:yassl_int.obj
 0001:00029180       ?c32toa@yaSSL@@YAXIPAE@Z   0042a180 f   mysqlclient:yassl_int.obj
 0001:000291b0       ??0States@yaSSL@@QAE@XZ    0042a1b0 f   mysqlclient:yassl_int.obj
 0001:000291e0       ?What@States@yaSSL@@QBE?AW4YasslError@2@XZ 0042a1e0 f   mysqlclient:yassl_int.obj
 0001:000291f0       ?MultiplicativeGroup@AbstractRing@TaoCrypt@@UBEABVAbstractGroup@2@XZ 0042a1f0 f   mysqlclient:integer.obj
 0001:000291f0       ?useHandShake@States@yaSSL@@QAEAAW4HandShakeState@2@XZ 0042a1f0 f   mysqlclient:yassl_int.obj
 0001:000291f0       ?getHandShake@States@yaSSL@@QBEABW4HandShakeState@2@XZ 0042a1f0 f   mysqlclient:yassl_int.obj
 0001:00029200       ?use_SHA@sslHashes@yaSSL@@QAEAAVSHA@2@XZ 0042a200 f   mysqlclient:yassl_int.obj
 0001:00029200       ?useClient@States@yaSSL@@QAEAAW4ClientState@2@XZ 0042a200 f   mysqlclient:yassl_int.obj
 0001:00029200       ?get_SHA@sslHashes@yaSSL@@QBEABVSHA@2@XZ 0042a200 f   mysqlclient:yassl_int.obj
 0001:00029200       ?set_md5@Finished@yaSSL@@QAEPAEXZ 0042a200 f   mysqlclient:yassl_imp.obj
 0001:00029200       ?getClient@States@yaSSL@@QBEABW4ClientState@2@XZ 0042a200 f   mysqlclient:yassl_int.obj
 0001:00029200       ?useData@Buffers@yaSSL@@QAEAAV?$list@PAVinput_buffer@yaSSL@@@mySTL@@XZ 0042a200 f   mysqlclient:yassl_int.obj
 0001:00029200       ?getData@Buffers@yaSSL@@QBEABV?$list@PAVinput_buffer@yaSSL@@@mySTL@@XZ 0042a200 f   mysqlclient:yassl_int.obj
 0001:00029210       ?SetError@States@yaSSL@@QAEXW4YasslError@2@@Z 0042a210 f   mysqlclient:yassl_int.obj
 0001:00029220       ?getClientKey@sslFactory@yaSSL@@QBEABV?$Factory@UClientKeyBase@yaSSL@@HP6APAU12@XZ@2@XZ 0042a220 f   mysqlclient:yassl_int.obj
 0001:00029230       ?SetError@SSL@yaSSL@@QAEXW4YasslError@2@@Z 0042a230 f   mysqlclient:yassl_int.obj
 0001:00029240       ?SetQuietShutdown@SSL@yaSSL@@QAEX_N@Z 0042a240 f   mysqlclient:yassl_int.obj
 0001:00029250       ?useBuffers@SSL@yaSSL@@QAEAAVBuffers@2@XZ 0042a250 f   mysqlclient:yassl_int.obj
 0001:00029310       ?order_error@SSL@yaSSL@@QAEXXZ 0042a310 f   mysqlclient:yassl_int.obj
 0001:00029320       ?GetError@SSL@yaSSL@@QBE?AW4YasslError@2@XZ 0042a320 f   mysqlclient:yassl_int.obj
 0001:00029330       ?GetQuietShutdown@SSL@yaSSL@@QBE_NXZ 0042a330 f   mysqlclient:yassl_int.obj
 0001:00029340       ?useSecurity@SSL@yaSSL@@QAEAAVSecurity@2@XZ 0042a340 f   mysqlclient:yassl_int.obj
 0001:00029340       ?getSecurity@SSL@yaSSL@@QBEABVSecurity@2@XZ 0042a340 f   mysqlclient:yassl_int.obj
 0001:00029350       ?getStates@SSL@yaSSL@@QBEABVStates@2@XZ 0042a350 f   mysqlclient:yassl_int.obj
 0001:00029350       ?useStates@SSL@yaSSL@@QAEAAVStates@2@XZ 0042a350 f   mysqlclient:yassl_int.obj
 0001:00029360       ?useHashes@SSL@yaSSL@@QAEAAVsslHashes@2@XZ 0042a360 f   mysqlclient:yassl_int.obj
 0001:00029360       ?getHashes@SSL@yaSSL@@QBEABVsslHashes@2@XZ 0042a360 f   mysqlclient:yassl_int.obj
 0001:00029370       ?getSocket@SSL@yaSSL@@QBEABVSocket@2@XZ 0042a370 f   mysqlclient:yassl_int.obj
 0001:00029370       ?useSocket@SSL@yaSSL@@QAEAAVSocket@2@XZ 0042a370 f   mysqlclient:yassl_int.obj
 0001:00029380       ?useLog@SSL@yaSSL@@QAEAAVLog@2@XZ 0042a380 f   mysqlclient:yassl_int.obj
 0001:00029390       ?HasData@SSL@yaSSL@@QBE_NXZ 0042a390 f   mysqlclient:yassl_int.obj
 0001:000293a0       ??0SSL_SESSION@yaSSL@@QAE@AAVRandomPool@1@@Z 0042a3a0 f   mysqlclient:yassl_int.obj
 0001:000293f0       ?GetSecret@SSL_SESSION@yaSSL@@QBEPBEXZ 0042a3f0 f   mysqlclient:yassl_int.obj
 0001:000293f0       ?GetSubGroupGenerator@DSA_PublicKey@TaoCrypt@@QBEABVInteger@2@XZ 0042a3f0 f   mysqlclient:dsa.obj
 0001:00029400       ?GetSuite@SSL_SESSION@yaSSL@@QBEPBEXZ 0042a400 f   mysqlclient:yassl_int.obj
 0001:00029410       ?GetPeerX509@SSL_SESSION@yaSSL@@QBEPAVX509@2@XZ 0042a410 f   mysqlclient:yassl_int.obj
 0001:00029420       ?GetBornOn@SSL_SESSION@yaSSL@@QBEIXZ 0042a420 f   mysqlclient:yassl_int.obj
 0001:00029430       ?GetTimeOut@SSL_SESSION@yaSSL@@QBEIXZ 0042a430 f   mysqlclient:yassl_int.obj
 0001:00029440       ?SetTimeOut@SSL_SESSION@yaSSL@@QAEXI@Z 0042a440 f   mysqlclient:yassl_int.obj
 0001:00029450       ??Rsess_match@yassl_int_cpp_local2@yaSSL@@QAE_NPAVSSL_SESSION@2@@Z 0042a450 f i mysqlclient:yassl_int.obj
 0001:000294f0       ?GetSelf@yassl_int_cpp_local2@yaSSL@@YAKXZ 0042a4f0 f   mysqlclient:yassl_int.obj
 0001:00029500       ??0SSL_METHOD@yaSSL@@QAE@W4ConnectionEnd@1@UProtocolVersion@1@_N@Z 0042a500 f   mysqlclient:yassl_int.obj
 0001:00029530       ?getVersion@SSL_METHOD@yaSSL@@QBE?AUProtocolVersion@2@XZ 0042a530 f   mysqlclient:yassl_int.obj
 0001:00029540       ?setVerifyPeer@SSL_METHOD@yaSSL@@QAEXXZ 0042a540 f   mysqlclient:yassl_int.obj
 0001:00029550       ?setVerifyNone@SSL_METHOD@yaSSL@@QAEXXZ 0042a550 f   mysqlclient:yassl_int.obj
 0001:00029560       ?setFailNoCert@SSL_METHOD@yaSSL@@QAEXXZ 0042a560 f   mysqlclient:yassl_int.obj
 0001:00029570       ?verifyPeer@SSL_METHOD@yaSSL@@QBE_NXZ 0042a570 f   mysqlclient:yassl_int.obj
 0001:00029580       ?verifyNone@SSL_METHOD@yaSSL@@QBE_NXZ 0042a580 f   mysqlclient:yassl_int.obj
 0001:00029590       ?failNoCert@SSL_METHOD@yaSSL@@QBE_NXZ 0042a590 f   mysqlclient:yassl_int.obj
 0001:000295a0       ?multipleProtocol@SSL_METHOD@yaSSL@@QBE_NXZ 0042a5a0 f   mysqlclient:yassl_int.obj
 0001:000295b0       ?use_random@Crypto@yaSSL@@QAEAAVRandomPool@2@XZ 0042a5b0 f   mysqlclient:yassl_int.obj
 0001:000295b0       ?GetCA_List@SSL_CTX@yaSSL@@QBEABV?$list@PAVx509@yaSSL@@@mySTL@@XZ 0042a5b0 f   mysqlclient:yassl_int.obj
 0001:000295b0       ?get_random@Crypto@yaSSL@@QBEABVRandomPool@2@XZ 0042a5b0 f   mysqlclient:yassl_int.obj
 0001:000295b0       ?getServer@States@yaSSL@@QBEABW4ServerState@2@XZ 0042a5b0 f   mysqlclient:yassl_int.obj
 0001:000295b0       ?useServer@States@yaSSL@@QAEAAW4ServerState@2@XZ 0042a5b0 f   mysqlclient:yassl_int.obj
 0001:000295b0       ?getHandShake@sslFactory@yaSSL@@QBEABV?$Factory@VHandShakeBase@yaSSL@@HP6APAV12@XZ@2@XZ 0042a5b0 f   mysqlclient:yassl_int.obj
 0001:000295c0       ?getVerifyCallback@SSL_CTX@yaSSL@@QBEQ6AHHPAUX509_STORE_CTX@2@@ZXZ 0042a5c0 f   mysqlclient:yassl_int.obj
 0001:000295d0       ?GetCiphers@SSL_CTX@yaSSL@@QBEABUCiphers@2@XZ 0042a5d0 f   mysqlclient:yassl_int.obj
 0001:000295d0       ?getServerKey@sslFactory@yaSSL@@QBEABV?$Factory@UServerKeyBase@yaSSL@@HP6APAU12@XZ@2@XZ 0042a5d0 f   mysqlclient:yassl_int.obj
 0001:000295d0       ?set_sha@Finished@yaSSL@@QAEPAEXZ 0042a5d0 f   mysqlclient:yassl_imp.obj
 0001:000295e0       ?GetDH_Parms@SSL_CTX@yaSSL@@QBEABUDH_Parms@2@XZ 0042a5e0 f   mysqlclient:yassl_int.obj
 0001:000295f0       ?GetPasswordCb@SSL_CTX@yaSSL@@QBEP6AHPADHHPAX@ZXZ 0042a5f0 f   mysqlclient:yassl_int.obj
 0001:00029600       ?GetUserData@SSL_CTX@yaSSL@@QBEPAXXZ 0042a600 f   mysqlclient:yassl_int.obj
 0001:00029610       ?GetSessionCacheOff@SSL_CTX@yaSSL@@QBE_NXZ 0042a610 f   mysqlclient:yassl_int.obj
 0001:00029620       ?GetSessionCacheFlushOff@SSL_CTX@yaSSL@@QBE_NXZ 0042a620 f   mysqlclient:yassl_int.obj
 0001:00029630       ?setVerifyPeer@SSL_CTX@yaSSL@@QAEXXZ 0042a630 f   mysqlclient:yassl_int.obj
 0001:00029640       ?setVerifyNone@SSL_CTX@yaSSL@@QAEXXZ 0042a640 f   mysqlclient:yassl_int.obj
 0001:00029650       ?setFailNoCert@SSL_CTX@yaSSL@@QAEXXZ 0042a650 f   mysqlclient:yassl_int.obj
 0001:00029660       ?setVerifyCallback@SSL_CTX@yaSSL@@QAEXP6AHHPAUX509_STORE_CTX@2@@Z@Z 0042a660 f   mysqlclient:yassl_int.obj
 0001:00029670       ?SetDH@SSL_CTX@yaSSL@@QAE_NABUDH@2@@Z 0042a670 f   mysqlclient:yassl_int.obj
 0001:000296b0       ?SetCipherList@SSL_CTX@yaSSL@@QAE_NPBD@Z 0042a6b0 f   mysqlclient:yassl_int.obj
 0001:000297f0       ??0Crypto@yaSSL@@QAE@XZ    0042a7f0 f   mysqlclient:yassl_int.obj
 0001:00029820       ?get_certManager@Crypto@yaSSL@@QBEABVCertManager@2@XZ 0042a820 f   mysqlclient:yassl_int.obj
 0001:00029820       ?get_verify@sslHashes@yaSSL@@QBEABVFinished@2@XZ 0042a820 f   mysqlclient:yassl_int.obj
 0001:00029820       ?GetSubGroupOrder@DSA_PublicKey@TaoCrypt@@QBEABVInteger@2@XZ 0042a820 f   mysqlclient:dsa.obj
 0001:00029820       ?use_certManager@Crypto@yaSSL@@QAEAAVCertManager@2@XZ 0042a820 f   mysqlclient:yassl_int.obj
 0001:00029820       ?GetConnect@States@yaSSL@@QBEABW4ConnectState@2@XZ 0042a820 f   mysqlclient:yassl_int.obj
 0001:00029820       ?UseConnect@States@yaSSL@@QAEAAW4ConnectState@2@XZ 0042a820 f   mysqlclient:yassl_int.obj
 0001:00029820       ?use_verify@sslHashes@yaSSL@@QAEAAVFinished@2@XZ 0042a820 f   mysqlclient:yassl_int.obj
 0001:00029830       ?SetDH@Crypto@yaSSL@@QAEXPAVDiffieHellman@2@@Z 0042a830 f   mysqlclient:yassl_int.obj
 0001:00029840       ?SetDH@Crypto@yaSSL@@QAEXABUDH_Parms@2@@Z 0042a840 f   mysqlclient:yassl_int.obj
 0001:00029880       ?use_certVerify@sslHashes@yaSSL@@QAEAAUHashes@2@XZ 0042a880 f   mysqlclient:yassl_int.obj
 0001:00029880       ?get_certVerify@sslHashes@yaSSL@@QBEABUHashes@2@XZ 0042a880 f   mysqlclient:yassl_int.obj
 0001:00029890       ?use_connection@Security@yaSSL@@QAEAAUConnection@2@XZ 0042a890 f   mysqlclient:yassl_int.obj
 0001:00029890       ?getCrypto@SSL@yaSSL@@QBEABVCrypto@2@XZ 0042a890 f   mysqlclient:yassl_int.obj
 0001:00029890       ?GetString@StringHolder@yaSSL@@QAEPAUASN1_STRING@2@XZ 0042a890 f   mysqlclient:yassl_int.obj
 0001:00029890       ?get_connection@Security@yaSSL@@QBEABUConnection@2@XZ 0042a890 f   mysqlclient:yassl_int.obj
 0001:00029890       ?useRecord@States@yaSSL@@QAEAAW4RecordLayerState@2@XZ 0042a890 f   mysqlclient:yassl_int.obj
 0001:00029890       ?get_MD5@sslHashes@yaSSL@@QBEABVMD5@2@XZ 0042a890 f   mysqlclient:yassl_int.obj
 0001:00029890       ?GetID@SSL_SESSION@yaSSL@@QBEPBEXZ 0042a890 f   mysqlclient:yassl_int.obj
 0001:00029890       ?GetModulus@DSA_PublicKey@TaoCrypt@@QBEABVInteger@2@XZ 0042a890 f   mysqlclient:dsa.obj
 0001:00029890       ?useCrypto@SSL@yaSSL@@QAEAAVCrypto@2@XZ 0042a890 f   mysqlclient:yassl_int.obj
 0001:00029890       ?getRecord@States@yaSSL@@QBEABW4RecordLayerState@2@XZ 0042a890 f   mysqlclient:yassl_int.obj
 0001:00029890       ?use_MD5@sslHashes@yaSSL@@QAEAAVMD5@2@XZ 0042a890 f   mysqlclient:yassl_int.obj
 0001:00029890       ?GetIssuer@X509@yaSSL@@QAEPAVX509_NAME@2@XZ 0042a890 f   mysqlclient:yassl_int.obj
 0001:00029890       ?getMessage@sslFactory@yaSSL@@QBEABV?$Factory@UMessage@yaSSL@@HP6APAU12@XZ@2@XZ 0042a890 f   mysqlclient:yassl_int.obj
 0001:000298a0       ?SetOutput@Buffers@yaSSL@@QAEXPAVoutput_buffer@2@@Z 0042a8a0 f   mysqlclient:yassl_int.obj
 0001:000298b0       ?SetRawInput@Buffers@yaSSL@@QAEXPAVinput_buffer@2@@Z 0042a8b0 f   mysqlclient:yassl_int.obj
 0001:000298c0       ?TakeRawInput@Buffers@yaSSL@@QAEPAVinput_buffer@2@XZ 0042a8c0 f   mysqlclient:yassl_int.obj
 0001:000298d0       ?TakeOutput@Buffers@yaSSL@@QAEPAVoutput_buffer@2@XZ 0042a8d0 f   mysqlclient:yassl_int.obj
 0001:000298e0       ?useHandShake@Buffers@yaSSL@@QAEAAV?$list@PAVoutput_buffer@yaSSL@@@mySTL@@XZ 0042a8e0 f   mysqlclient:yassl_int.obj
 0001:000298e0       ?getHandShake@Buffers@yaSSL@@QBEABV?$list@PAVoutput_buffer@yaSSL@@@mySTL@@XZ 0042a8e0 f   mysqlclient:yassl_int.obj
 0001:000298e0       ?GetSubject@X509@yaSSL@@QAEPAVX509_NAME@2@XZ 0042a8e0 f   mysqlclient:yassl_int.obj
 0001:000298f0       ?GetContext@Security@yaSSL@@QBEPBVSSL_CTX@2@XZ 0042a8f0 f   mysqlclient:yassl_int.obj
 0001:00029900       ?get_resuming@Security@yaSSL@@QBE_NXZ 0042a900 f   mysqlclient:yassl_int.obj
 0001:00029910       ?use_parms@Security@yaSSL@@QAEAAUParameters@2@XZ 0042a910 f   mysqlclient:yassl_int.obj
 0001:00029910       ?get_parms@Security@yaSSL@@QBEABUParameters@2@XZ 0042a910 f   mysqlclient:yassl_int.obj
 0001:00029920       ?get_resume@Security@yaSSL@@QBEABVSSL_SESSION@2@XZ 0042a920 f   mysqlclient:yassl_int.obj
 0001:00029920       ?use_resume@Security@yaSSL@@QAEAAVSSL_SESSION@2@XZ 0042a920 f   mysqlclient:yassl_int.obj
 0001:00029930       ?set_resuming@Security@yaSSL@@QAEX_N@Z 0042a930 f   mysqlclient:yassl_int.obj
 0001:00029940       ??0X509_NAME@yaSSL@@QAE@PBDI@Z 0042a940 f   mysqlclient:yassl_int.obj
 0001:00029980       ??0StringHolder@yaSSL@@QAE@PBDH@Z 0042a980 f   mysqlclient:yassl_int.obj
 0001:000299c0       ?SetCompression@SSL@yaSSL@@QAEHXZ 0042a9c0 f   mysqlclient:yassl_int.obj
 0001:000299c0       ?Compress@yaSSL@@YAHPBEHAAVinput_buffer@1@@Z 0042a9c0 f   mysqlclient:yassl_int.obj
 0001:000299c0       ?DeCompress@yaSSL@@YAHAAVinput_buffer@1@H0@Z 0042a9c0 f   mysqlclient:yassl_int.obj
 0001:000299d0       ??$GetArrayMemory@E@mySTL@@YAPAEI@Z 0042a9d0 f i mysqlclient:yassl_int.obj
 0001:000299e0       ??$find_if@Viterator@?$list@PAVSSL_SESSION@yaSSL@@@mySTL@@Usess_match@yassl_int_cpp_local2@yaSSL@@@mySTL@@YA?AViterator@?$list@PAVSSL_SESSION@yaSSL@@@0@V120@0Usess_match@yassl_int_cpp_local2@yaSSL@@@Z 0042a9e0 f i mysqlclient:yassl_int.obj
 0001:00029a20       ??$ysDelete@UDigest@yaSSL@@@yaSSL@@YAXPAUDigest@0@@Z 0042aa20 f i mysqlclient:yassl_int.obj
 0001:00029a20       ??$ysDelete@UMessage@yaSSL@@@yaSSL@@YAXPAUMessage@0@@Z 0042aa20 f i mysqlclient:handshake.obj
 0001:00029a40       ??$FreeArrayMemory@UWindowSlider@TaoCrypt@@@mySTL@@YAXPAUWindowSlider@TaoCrypt@@@Z 0042aa40 f i mysqlclient:algebra.obj
 0001:00029a40       ??$FreeArrayMemory@U?$pair@HP6APAVHandShakeBase@yaSSL@@XZ@mySTL@@@mySTL@@YAXPAU?$pair@HP6APAVHandShakeBase@yaSSL@@XZ@0@@Z 0042aa40 f i mysqlclient:yassl_int.obj
[...]
 0001:0007ab1b       __ehhandler$?GotPacket@EQNetworkFragmentGroupList@@QAEPAVEQNetworkFragmentGroup@@PAVEQNetworkPacket@@@Z 0047bb1b f   EQNetwork.obj
 0001:0007ab40       __unwindfunclet$?Process@EQNetworkConnection@@IAEXI@Z$0 0047bb40 f   EQNetwork.obj
 0001:0007ab48       __ehhandler$?Process@EQNetworkConnection@@IAEXI@Z 0047bb48 f   EQNetwork.obj
 0001:0007ab70       __unwindfunclet$?CloseSock@EQNetworkConnection@@QAEXXZ$0 0047bb70 f   EQNetwork.obj
 0001:0007ab78       __ehhandler$?CloseSock@EQNetworkConnection@@QAEXXZ 0047bb78 f   EQNetwork.obj
 0001:0007aba0       __unwindfunclet$??1EQNetworkConnection@@UAE@XZ$0 0047bba0 f   EQNetwork.obj
 0001:0007abab       __unwindfunclet$??1EQNetworkConnection@@UAE@XZ$1 0047bbab f   EQNetwork.obj
 0001:0007abb6       __unwindfunclet$??1EQNetworkConnection@@UAE@XZ$2 0047bbb6 f   EQNetwork.obj
 0001:0007abc1       __unwindfunclet$??1EQNetworkConnection@@UAE@XZ$3 0047bbc1 f   EQNetwork.obj
 0001:0007abcc       __unwindfunclet$??1EQNetworkConnection@@UAE@XZ$4 0047bbcc f   EQNetwork.obj
 0001:0007abd7       __unwindfunclet$??1EQNetworkConnection@@UAE@XZ$5 0047bbd7 f   EQNetwork.obj
 0001:0007abe5       __unwindfunclet$??1EQNetworkConnection@@UAE@XZ$6 0047bbe5 f   EQNetwork.obj
 0001:0007abf3       __unwindfunclet$??1EQNetworkConnection@@UAE@XZ$7 0047bbf3 f   EQNetwork.obj
 0001:0007ac01       __unwindfunclet$??1EQNetworkConnection@@UAE@XZ$8 0047bc01 f   EQNetwork.obj
 0001:0007ac0f       __unwindfunclet$??1EQNetworkConnection@@UAE@XZ$9 0047bc0f f   EQNetwork.obj
 0001:0007ac1d       __ehhandler$??1EQNetworkConnection@@UAE@XZ 0047bc1d f   EQNetwork.obj
 0001:0007ac40       __unwindfunclet$?ProcessPacket@EQNetworkConnection@@AAE_NPAVEQNetworkPacket@@_N@Z$0 0047bc40 f   EQNetwork.obj
 0001:0007ac40       __unwindfunclet$?RecvData@EQNetworkConnection@@QAEXPAEI@Z$1 0047bc40 f   EQNetwork.obj
 0001:0007ac4b       __unwindfunclet$?ProcessPacket@EQNetworkConnection@@AAE_NPAVEQNetworkPacket@@_N@Z$1 0047bc4b f   EQNetwork.obj
 0001:0007ac4b       __unwindfunclet$?RecvData@EQNetworkConnection@@QAEXPAEI@Z$2 0047bc4b f   EQNetwork.obj
 0001:0007ac56       __ehhandler$?ProcessPacket@EQNetworkConnection@@AAE_NPAVEQNetworkPacket@@_N@Z 0047bc56 f   EQNetwork.obj
 0001:0007ac56       __ehhandler$?RecvData@EQNetworkConnection@@QAEXPAEI@Z 0047bc56 f   EQNetwork.obj
 0001:0007ac80       __unwindfunclet$?Open@EQNetworkServer@@QAE_NG@Z$0 0047bc80 f   EQNetwork.obj
 0001:0007ac88       __ehhandler$?Open@EQNetworkServer@@QAE_NG@Z 0047bc88 f   EQNetwork.obj
 0001:0007acb0       __unwindfunclet$?SendNetErrorPacket@TCPConnection@@AAEXPBD@Z$0 0047bcb0 f   TCPConnection.obj
 0001:0007acbb       __ehhandler$?SendNetErrorPacket@TCPConnection@@AAEXPBD@Z 0047bcbb f   TCPConnection.obj
 0001:0007ace0       __unwindfunclet$?RemoveRelay@TCPConnection@@IAEXPAV1@_N@Z$0 0047bce0 f   TCPConnection.obj
 0001:0007aceb       __ehhandler$?RemoveRelay@TCPConnection@@IAEXPAV1@_N@Z 0047bceb f   TCPConnection.obj
 0001:0007ad10       __unwindfunclet$?Open@TCPServer@@QAE_NGPAD@Z$0 0047bd10 f   TCPConnection.obj
 0001:0007ad18       __ehhandler$?Open@TCPServer@@QAE_NGPAD@Z 0047bd18 f   TCPConnection.obj
 0001:0007ad40       __unwindfunclet$?ClearBuffers@TCPConnection@@AAEXXZ$0 0047bd40 f   TCPConnection.obj
 0001:0007ad48       __unwindfunclet$?ClearBuffers@TCPConnection@@AAEXXZ$1 0047bd48 f   TCPConnection.obj
 0001:0007ad50       __unwindfunclet$?ClearBuffers@TCPConnection@@AAEXXZ$2 0047bd50 f   TCPConnection.obj
 0001:0007ad58       __unwindfunclet$?ClearBuffers@TCPConnection@@AAEXXZ$3 0047bd58 f   TCPConnection.obj
 0001:0007ad60       __ehhandler$?ClearBuffers@TCPConnection@@AAEXXZ 0047bd60 f   TCPConnection.obj
 0001:0007ad80       __unwindfunclet$??0TCPConnection@@QAE@_NPAVTCPServer@@W4eTCPMode@@@Z$0 0047bd80 f   TCPConnection.obj
 0001:0007ad8b       __unwindfunclet$??0TCPConnection@@QAE@_NPAVTCPServer@@W4eTCPMode@@@Z$1 0047bd8b f   TCPConnection.obj
 0001:0007ad96       __unwindfunclet$??0TCPConnection@@QAE@_NPAVTCPServer@@W4eTCPMode@@@Z$2 0047bd96 f   TCPConnection.obj
 0001:0007ada1       __unwindfunclet$??0TCPConnection@@QAE@_NPAVTCPServer@@W4eTCPMode@@@Z$3 0047bda1 f   TCPConnection.obj
 0001:0007adaf       __unwindfunclet$??0TCPConnection@@QAE@_NPAVTCPServer@@W4eTCPMode@@@Z$4 0047bdaf f   TCPConnection.obj
 0001:0007adbd       __unwindfunclet$??0TCPConnection@@QAE@_NPAVTCPServer@@W4eTCPMode@@@Z$5 0047bdbd f   TCPConnection.obj
 0001:0007adcb       __unwindfunclet$??0TCPConnection@@QAE@_NPAVTCPServer@@W4eTCPMode@@@Z$6 0047bdcb f   TCPConnection.obj
 0001:0007add9       __unwindfunclet$??0TCPConnection@@QAE@_NPAVTCPServer@@W4eTCPMode@@@Z$7 0047bdd9 f   TCPConnection.obj
 0001:0007ade7       __unwindfunclet$??0TCPConnection@@QAE@_NPAVTCPServer@@W4eTCPMode@@@Z$8 0047bde7 f   TCPConnection.obj
 0001:0007adf5       __unwindfunclet$??0TCPConnection@@QAE@_NPAVTCPServer@@W4eTCPMode@@@Z$9 0047bdf5 f   TCPConnection.obj
 0001:0007ae03       __unwindfunclet$??0TCPConnection@@QAE@_NPAVTCPServer@@W4eTCPMode@@@Z$10 0047be03 f   TCPConnection.obj
 0001:0007ae0e       __unwindfunclet$??0TCPConnection@@QAE@_NPAVTCPServer@@W4eTCPMode@@@Z$11 0047be0e f   TCPConnection.obj
 0001:0007ae19       __ehhandler$??0TCPConnection@@QAE@_NPAVTCPServer@@W4eTCPMode@@@Z 0047be19 f   TCPConnection.obj
 0001:0007ae40       __unwindfunclet$??0TCPConnection@@QAE@PAVTCPServer@@IIG_N@Z$0 0047be40 f   TCPConnection.obj
 0001:0007ae4b       __unwindfunclet$??0TCPConnection@@QAE@PAVTCPServer@@IIG_N@Z$1 0047be4b f   TCPConnection.obj
 0001:0007ae56       __unwindfunclet$??0TCPConnection@@QAE@PAVTCPServer@@IIG_N@Z$2 0047be56 f   TCPConnection.obj
 0001:0007ae61       __unwindfunclet$??0TCPConnection@@QAE@PAVTCPServer@@IIG_N@Z$3 0047be61 f   TCPConnection.obj
 0001:0007ae6f       __unwindfunclet$??0TCPConnection@@QAE@PAVTCPServer@@IIG_N@Z$4 0047be6f f   TCPConnection.obj
 0001:0007ae7d       __unwindfunclet$??0TCPConnection@@QAE@PAVTCPServer@@IIG_N@Z$5 0047be7d f   TCPConnection.obj
 0001:0007ae8b       __unwindfunclet$??0TCPConnection@@QAE@PAVTCPServer@@IIG_N@Z$6 0047be8b f   TCPConnection.obj
 0001:0007ae99       __unwindfunclet$??0TCPConnection@@QAE@PAVTCPServer@@IIG_N@Z$7 0047be99 f   TCPConnection.obj
 0001:0007aea7       __unwindfunclet$??0TCPConnection@@QAE@PAVTCPServer@@IIG_N@Z$8 0047bea7 f   TCPConnection.obj
 0001:0007aeb5       __unwindfunclet$??0TCPConnection@@QAE@PAVTCPServer@@IIG_N@Z$9 0047beb5 f   TCPConnection.obj
 0001:0007aec3       __unwindfunclet$??0TCPConnection@@QAE@PAVTCPServer@@IIG_N@Z$10 0047bec3 f   TCPConnection.obj
 0001:0007aece       __unwindfunclet$??0TCPConnection@@QAE@PAVTCPServer@@IIG_N@Z$11 0047bece f   TCPConnection.obj
 0001:0007aed9       __ehhandler$??0TCPConnection@@QAE@PAVTCPServer@@IIG_N@Z 0047bed9 f   TCPConnection.obj
 0001:0007af00       __unwindfunclet$?ProcessReceivedDataAsOldPackets@TCPConnection@@AAE_NPAD@Z$0 0047bf00 f   TCPConnection.obj
 0001:0007af0b       __ehhandler$?ProcessReceivedDataAsOldPackets@TCPConnection@@AAE_NPAD@Z 0047bf0b f   TCPConnection.obj
 0001:0007af30       __unwindfunclet$??1TCPServer@@UAE@XZ$0 0047bf30 f   TCPConnection.obj
 0001:0007af3b       __unwindfunclet$??1TCPServer@@UAE@XZ$1 0047bf3b f   TCPConnection.obj
 0001:0007af46       __unwindfunclet$??1TCPServer@@UAE@XZ$2 0047bf46 f   TCPConnection.obj
 0001:0007af51       __unwindfunclet$??1TCPServer@@UAE@XZ$3 0047bf51 f   TCPConnection.obj
 0001:0007af5c       __unwindfunclet$??1TCPServer@@UAE@XZ$4 0047bf5c f   TCPConnection.obj
 0001:0007af67       __unwindfunclet$??1TCPServer@@UAE@XZ$5 0047bf67 f   TCPConnection.obj
 0001:0007af75       __unwindfunclet$??1TCPServer@@UAE@XZ$6 0047bf75 f   TCPConnection.obj
 0001:0007af83       __ehhandler$??1TCPServer@@UAE@XZ 0047bf83 f   TCPConnection.obj
 0001:0007afa0       __unwindfunclet$?ListenNewConnections@TCPServer@@AAEXXZ$0 0047bfa0 f   TCPConnection.obj
 0001:0007afa8       __unwindfunclet$?ListenNewConnections@TCPServer@@AAEXXZ$1 0047bfa8 f   TCPConnection.obj
 0001:0007afb3       __ehhandler$?ListenNewConnections@TCPServer@@AAEXXZ 0047bfb3 f   TCPConnection.obj
 0001:0007afe0       __unwindfunclet$??0TCPConnection@@QAE@PAVTCPServer@@PAV0@IIG@Z$0 0047bfe0 f   TCPConnection.obj
 0001:0007afeb       __unwindfunclet$??0TCPConnection@@QAE@PAVTCPServer@@PAV0@IIG@Z$1 0047bfeb f   TCPConnection.obj
 0001:0007aff6       __unwindfunclet$??0TCPConnection@@QAE@PAVTCPServer@@PAV0@IIG@Z$2 0047bff6 f   TCPConnection.obj
 0001:0007b001       __unwindfunclet$??0TCPConnection@@QAE@PAVTCPServer@@PAV0@IIG@Z$3 0047c001 f   TCPConnection.obj
 0001:0007b00f       __unwindfunclet$??0TCPConnection@@QAE@PAVTCPServer@@PAV0@IIG@Z$4 0047c00f f   TCPConnection.obj
 0001:0007b01d       __unwindfunclet$??0TCPConnection@@QAE@PAVTCPServer@@PAV0@IIG@Z$5 0047c01d f   TCPConnection.obj
 0001:0007b02b       __unwindfunclet$??0TCPConnection@@QAE@PAVTCPServer@@PAV0@IIG@Z$6 0047c02b f   TCPConnection.obj
 0001:0007b039       __unwindfunclet$??0TCPConnection@@QAE@PAVTCPServer@@PAV0@IIG@Z$7 0047c039 f   TCPConnection.obj
 0001:0007b047       __unwindfunclet$??0TCPConnection@@QAE@PAVTCPServer@@PAV0@IIG@Z$8 0047c047 f   TCPConnection.obj
 0001:0007b055       __unwindfunclet$??0TCPConnection@@QAE@PAVTCPServer@@PAV0@IIG@Z$9 0047c055 f   TCPConnection.obj
 0001:0007b063       __ehhandler$??0TCPConnection@@QAE@PAVTCPServer@@PAV0@IIG@Z 0047c063 f   TCPConnection.obj
 0001:0007b080       __unwindfunclet$??0Client@@QAE@PAVEQNetworkConnection@@@Z$0 0047c080 f   TCPConnection.obj
 0001:0007b080       __unwindfunclet$?ProcessNetworkLayerPacket@TCPConnection@@AAEXPAVServerPacket@@@Z$0 0047c080 f   TCPConnection.obj
 0001:0007b08b       __ehhandler$?ProcessNetworkLayerPacket@TCPConnection@@AAEXPAVServerPacket@@@Z 0047c08b f   TCPConnection.obj
 0001:0007b08b       __ehhandler$??0Client@@QAE@PAVEQNetworkConnection@@@Z 0047c08b f   TCPConnection.obj
 0001:0007b0b0       __unwindfunclet$?ProcessReceivedDataAsPackets@TCPConnection@@AAE_NPAD@Z$0 0047c0b0 f   TCPConnection.obj
 0001:0007b0bb       __ehhandler$?ProcessReceivedDataAsPackets@TCPConnection@@AAE_NPAD@Z 0047c0bb f   TCPConnection.obj
 0001:0007b0e0       __unwindfunclet$??0TCPServer@@QAE@G_N@Z$0 0047c0e0 f   TCPConnection.obj
 0001:0007b0eb       __unwindfunclet$??0TCPServer@@QAE@G_N@Z$1 0047c0eb f   TCPConnection.obj
 0001:0007b0f6       __unwindfunclet$??0TCPServer@@QAE@G_N@Z$2 0047c0f6 f   TCPConnection.obj
 0001:0007b101       __unwindfunclet$??0TCPServer@@QAE@G_N@Z$3 0047c101 f   TCPConnection.obj
 0001:0007b10c       __unwindfunclet$??0TCPServer@@QAE@G_N@Z$4 0047c10c f   TCPConnection.obj
 0001:0007b117       __unwindfunclet$??0TCPServer@@QAE@G_N@Z$5 0047c117 f   TCPConnection.obj
 0001:0007b125       __unwindfunclet$??0TCPServer@@QAE@G_N@Z$6 0047c125 f   TCPConnection.obj
 0001:0007b133       __ehhandler$??0TCPServer@@QAE@G_N@Z 0047c133 f   TCPConnection.obj
 0001:0007b150       __unwindfunclet$??1TCPConnection@@UAE@XZ$0 0047c150 f   TCPConnection.obj
 0001:0007b15b       __unwindfunclet$??1TCPConnection@@UAE@XZ$1 0047c15b f   TCPConnection.obj
 0001:0007b166       __unwindfunclet$??1TCPConnection@@UAE@XZ$2 0047c166 f   TCPConnection.obj
 0001:0007b171       __unwindfunclet$??1TCPConnection@@UAE@XZ$3 0047c171 f   TCPConnection.obj
 0001:0007b17f       __unwindfunclet$??1TCPConnection@@UAE@XZ$4 0047c17f f   TCPConnection.obj
 0001:0007b18d       __unwindfunclet$??1TCPConnection@@UAE@XZ$5 0047c18d f   TCPConnection.obj
 0001:0007b19b       __unwindfunclet$??1TCPConnection@@UAE@XZ$6 0047c19b f   TCPConnection.obj
 0001:0007b1a9       __unwindfunclet$??1TCPConnection@@UAE@XZ$7 0047c1a9 f   TCPConnection.obj
 0001:0007b1b7       __unwindfunclet$??1TCPConnection@@UAE@XZ$8 0047c1b7 f   TCPConnection.obj
 0001:0007b1c5       __unwindfunclet$??1TCPConnection@@UAE@XZ$9 0047c1c5 f   TCPConnection.obj
 0001:0007b1d3       __ehhandler$??1TCPConnection@@UAE@XZ 0047c1d3 f   TCPConnection.obj
 0001:0007b1ee       __unwindfunclet$?_Locimp_dtor@_Locimp@locale@std@@CAXPAV123@@Z$0 0047c1ee f   libcpmt:locale0.obj
 0001:0007b1ee       __unwindfunclet$??1_Fac_tidy_reg_t@std@@QAE@XZ$0 0047c1ee f   libcpmt:locale0.obj
 0001:0007b1ee       __unwindfunclet$?_Init@locale@std@@CAPAV_Locimp@12@XZ$0 0047c1ee f   libcpmt:locale0.obj
 0001:0007b1f6       __ehhandler$?_Locimp_dtor@_Locimp@locale@std@@CAXPAV123@@Z 0047c1f6 f   libcpmt:locale0.obj
 0001:0007b1f6       __ehhandler$?_Init@locale@std@@CAPAV_Locimp@12@XZ 0047c1f6 f   libcpmt:locale0.obj
 0001:0007b1f6       __ehhandler$??1_Fac_tidy_reg_t@std@@QAE@XZ 0047c1f6 f   libcpmt:locale0.obj
 0001:0007b211       __unwindfunclet$??1_Locimp@locale@std@@MAE@XZ$0 0047c211 f   libcpmt:locale0.obj
 0001:0007b219       __unwindfunclet$??1_Locimp@locale@std@@MAE@XZ$1 0047c219 f   libcpmt:locale0.obj
 0001:0007b224       __ehhandler$??1_Locimp@locale@std@@MAE@XZ 0047c224 f   libcpmt:locale0.obj
 0001:0007b23f       __unwindfunclet$??0?$basic_streambuf@DU?$char_traits@D@std@@@std@@IAE@XZ$0 0047c23f f   libcpmt:cout.obj
 0001:0007b24a       __ehhandler$??0?$basic_streambuf@DU?$char_traits@D@std@@@std@@IAE@XZ 0047c24a f   libcpmt:cout.obj
 0001:0007b265       __unwindfunclet$?_Getcat@?$ctype@D@std@@SAIPAPBVfacet@locale@2@PBV42@@Z$0 0047c265 f   libcpmt:cout.obj
 0001:0007b265       __unwindfunclet$?_Getcat@?$codecvt@DDH@std@@SAIPAPBVfacet@locale@2@PBV42@@Z$0 0047c265 f   libcpmt:cout.obj
 0001:0007b26f       __ehhandler$?_Getcat@?$ctype@D@std@@SAIPAPBVfacet@locale@2@PBV42@@Z 0047c26f f   libcpmt:cout.obj
 0001:0007b26f       __ehhandler$?_Getcat@?$codecvt@DDH@std@@SAIPAPBVfacet@locale@2@PBV42@@Z 0047c26f f   libcpmt:cout.obj
 0001:0007b28a       __unwindfunclet$?widen@?$basic_ios@DU?$char_traits@D@std@@@std@@QBEDD@Z$0 0047c28a f   libcpmt:cout.obj
 0001:0007b292       __ehhandler$?widen@?$basic_ios@DU?$char_traits@D@std@@@std@@QBEDD@Z 0047c292 f   libcpmt:cout.obj
 0001:0007b2ad       __unwindfunclet$??$use_facet@V?$codecvt@DDH@std@@@std@@YAABV?$codecvt@DDH@0@ABVlocale@0@@Z$0 0047c2ad f   libcpmt:cout.obj
 0001:0007b2ad       __unwindfunclet$??$use_facet@V?$ctype@D@std@@@std@@YAABV?$ctype@D@0@ABVlocale@0@@Z$0 0047c2ad f   libcpmt:cout.obj
 0001:0007b2b5       __ehhandler$??$use_facet@V?$codecvt@DDH@std@@@std@@YAABV?$codecvt@DDH@0@ABVlocale@0@@Z 0047c2b5 f   libcpmt:cout.obj
 0001:0007b2b5       __ehhandler$??$use_facet@V?$ctype@D@std@@@std@@YAABV?$ctype@D@0@ABVlocale@0@@Z 0047c2b5 f   libcpmt:cout.obj
 0001:0007b2d0       __unwindfunclet$??0?$basic_ostream@DU?$char_traits@D@std@@@std@@QAE@PAV?$basic_streambuf@DU?$char_traits@D@std@@@1@_N@Z$0 0047c2d0 f   libcpmt:cout.obj
 0001:0007b2ec       __ehhandler$??0?$basic_ostream@DU?$char_traits@D@std@@@std@@QAE@PAV?$basic_streambuf@DU?$char_traits@D@std@@@1@_N@Z 0047c2ec f   libcpmt:cout.obj
 0001:0007b307       __unwindfunclet$?overflow@?$basic_filebuf@DU?$char_traits@D@std@@@std@@MAEHH@Z$0 0047c307 f   libcpmt:cout.obj
 0001:0007b307       __unwindfunclet$?uflow@?$basic_filebuf@DU?$char_traits@D@std@@@std@@MAEHXZ$0 0047c307 f   libcpmt:cout.obj
 0001:0007b30f       __ehhandler$?uflow@?$basic_filebuf@DU?$char_traits@D@std@@@std@@MAEHXZ 0047c30f f   libcpmt:cout.obj
 0001:0007b30f       __ehhandler$?overflow@?$basic_filebuf@DU?$char_traits@D@std@@@std@@MAEHH@Z 0047c30f f   libcpmt:cout.obj
 0001:0007b334       __unwindfunclet$?_Endwrite@?$basic_filebuf@DU?$char_traits@D@std@@@std@@IAE_NXZ$0 0047c334 f   libcpmt:cout.obj
 0001:0007b33c       __ehhandler$?_Endwrite@?$basic_filebuf@DU?$char_traits@D@std@@@std@@IAE_NXZ 0047c33c f   libcpmt:cout.obj
 0001:0007b361       __unwindfunclet$??1?$basic_filebuf@DU?$char_traits@D@std@@@std@@UAE@XZ$0 0047c361 f   libcpmt:cout.obj
 0001:0007b369       __ehhandler$??1?$basic_filebuf@DU?$char_traits@D@std@@@std@@UAE@XZ 0047c369 f   libcpmt:cout.obj
 0001:0007b384       __ehhandler$?CallUnexpected@@YAXPBU_s_ESTypeList@@@Z 0047c384 f   LIBCMT:frame.obj
 0001:0007b3a0       ??__Eeq_crypto@@YAXXZ      0047c3a0 f   client.obj
 0001:0007b3b0       ??__Edatabase@@YAXXZ       0047c3b0 f   net.obj
 0001:0007b3d0       ??__Eeqns@@YAXXZ           0047c3d0 f   net.obj
 0001:0007b3f0       ??__Enet@@YAXXZ            0047c3f0 f   net.obj
 0001:0007b400       ??__Eclient_list@@YAXXZ    0047c400 f   net.obj
 0001:0007b410       ??__Eworld_list@@YAXXZ     0047c410 f   net.obj
 0001:0007b430       ??__ELogFile@@YAXXZ        0047c430 f   debug.obj
 0001:0007b4a0       ??__Eadlf@@YAXXZ           0047c4a0 f   debug.obj
 0001:0007b4b0       ??__ETrylockSupported@@YAXXZ 0047c4b0 f   Mutex.obj
 0001:0007b4c0       ??__Ewinsock@@YAXXZ        0047c4c0 f   TCPConnection.obj
 0001:0007b4e0       ??__Es_RunAtStartupSetPentiumFunctionPointers@TaoCrypt@@YAXXZ 0047c4e0 f   mysqlclient:integer.obj
 0001:0007b4f0       ??__EisMMX@TaoCrypt@@YAXXZ 0047c4f0 f   mysqlclient:misc.obj
 0001:0007b4fb       ??__Einitlocks@std@@YAXXZ  0047c4fb f   libcpmt:xlock.obj
 0001:0007b511       ??__E_Fac_tidy_reg@std@@YAXXZ 0047c511 f   libcpmt:locale0.obj
 0001:0007b51d       ??__Eclassic_locale@std@@YAXXZ 0047c51d f   libcpmt:locale0.obj
 0001:0007b529       ??__E_Generic_object@std@@YAXXZ 0047c529 f   libcpmt:syserror.obj
 0001:0007b535       ??__E_Iostream_object@std@@YAXXZ 0047c535 f   libcpmt:syserror.obj
 0001:0007b541       ??__E_System_object@std@@YAXXZ 0047c541 f   libcpmt:syserror.obj
 0001:0007b54d       ??__Einitlocks@@YAXXZ      0047c54d f   libcpmt:cout.obj
 0001:0007b563       ??__Efout@std@@YAXXZ       0047c563 f   libcpmt:cout.obj
 0001:0007b59d       ??__Ecout@std@@YAXXZ       0047c59d f   libcpmt:cout.obj
 0001:0007b5bc       ??__Einit_cout@std@@YAXXZ  0047c5bc f   libcpmt:cout.obj
 0001:0007b5c6       ??__Einitlocks@@YAXXZ      0047c5c6 f   libcpmt:cerr.obj
 0001:0007b5dc       ??__Eferr@std@@YAXXZ       0047c5dc f   libcpmt:cerr.obj
 0001:0007b616       ??__Ecerr@std@@YAXXZ       0047c616 f   libcpmt:cerr.obj
 0001:0007b635       ??__Einit_cerr@std@@YAXXZ  0047c635 f   libcpmt:cerr.obj
 0001:0007b63f       ??__Einitlocks@std@@YAXXZ  0047c63f f   libcpmt:iosptrs.obj
 0001:0007b655       ??__Einit_atexit@@YAXXZ    0047c655 f   libcpmt:iosptrs.obj
 0001:0007b670       ??__Fdatabase@@YAXXZ       0047c670 f   net.obj
 0001:0007b680       ??__Feqns@@YAXXZ           0047c680 f   net.obj
 0001:0007b690       ??__Fworld_list@@YAXXZ     0047c690 f   net.obj
 0001:0007b6a0       ??__Fclient_list@@YAXXZ    0047c6a0 f   net.obj
 0001:0007b6c0       ??__Fadlf@@YAXXZ           0047c6c0 f   debug.obj
 0001:0007b6f0       ??__Fws@?1??ResolveIP@@YAIPBDPAD@Z@YAXXZ 0047c6f0 f   MiscFunctions.obj
 0001:0007b700       ??__Fwinsock@@YAXXZ        0047c700 f   TCPConnection.obj
 0001:0007b70a       ??__Finitlocks@std@@YAXXZ  0047c70a f   libcpmt:xlock.obj
 0001:0007b714       ??__Fclassic_locale@std@@YAXXZ 0047c714 f   libcpmt:locale0.obj
 0001:0007b71e       ??__F_Fac_tidy_reg@std@@YAXXZ 0047c71e f   libcpmt:locale0.obj
 0001:0007b728       ??__F_Generic_object@std@@YAXXZ 0047c728 f   libcpmt:syserror.obj
 0001:0007b733       ??__F_Iostream_object@std@@YAXXZ 0047c733 f   libcpmt:syserror.obj
 0001:0007b73e       ??__F_System_object@std@@YAXXZ 0047c73e f   libcpmt:syserror.obj
 0001:0007b749       ??__Finitlocks@@YAXXZ      0047c749 f   libcpmt:cout.obj
 0001:0007b753       ??__Fcout@std@@YAXXZ       0047c753 f   libcpmt:cout.obj
 0001:0007b75d       ??__Ffout@std@@YAXXZ       0047c75d f   libcpmt:cout.obj
 0001:0007b767       ??__Finitlocks@@YAXXZ      0047c767 f   libcpmt:cerr.obj
 0001:0007b771       ??__Fcerr@std@@YAXXZ       0047c771 f   libcpmt:cerr.obj
 0001:0007b77b       ??__Fferr@std@@YAXXZ       0047c77b f   libcpmt:cerr.obj
 0001:0007b785       ??__Finitlocks@std@@YAXXZ  0047c785 f   libcpmt:iosptrs.obj
 0001:0007b78f       ??__Finit_atexit@@YAXXZ    0047c78f f   libcpmt:iosptrs.obj
 0001:0007b799       ??__Fnomem@?5???2@YAPAXI@Z@YAXXZ 0047c799 f   LIBCMT:new.obj
