 Login

 Timestamp is 52ed19b6 (Sat Feb 01 10:58:46 2014)

 Preferred load address is 00400000

 Start         Length     Name                   Class
 0001:00000000 000323e0H .text                   CODE
 0001:000323e0 0000144fH .text$x                 CODE
 0001:00033830 0000029cH .text$yc                CODE
 0001:00033ad0 0000013dH .text$yd                CODE
 0002:00000000 00000214H .idata$5                DATA
 0002:00000214 00000004H .CRT$XCA                DATA
 0002:00000218 0000002cH .CRT$XCC                DATA
 0002:00000244 00000008H .CRT$XCL                DATA
 0002:0000024c 00000034H .CRT$XCU                DATA
 0002:00000280 00000004H .CRT$XCZ                DATA
 0002:00000284 00000004H .CRT$XIA                DATA
 0002:00000288 00000010H .CRT$XIC                DATA
 0002:00000298 00000004H .CRT$XID                DATA
 0002:0000029c 00000004H .CRT$XIY                DATA
 0002:000002a0 00000004H .CRT$XIZ                DATA
 0002:000002a4 00000004H .CRT$XPA                DATA
 0002:000002a8 00000008H .CRT$XPX                DATA
 0002:000002b0 00000004H .CRT$XPXA               DATA
 0002:000002b4 00000004H .CRT$XPZ                DATA
 0002:000002b8 00000004H .CRT$XTA                DATA
 0002:000002bc 00000004H .CRT$XTZ                DATA
 0002:000002c0 00008db0H .rdata                  DATA
 0002:00009070 00000adcH .rdata$r                DATA
 0002:00009b50 00000140H .rdata$sxdata           DATA
 0002:00009c90 00000004H .rtc$IAA                DATA
 0002:00009c94 00000004H .rtc$IZZ                DATA
 0002:00009c98 00000004H .rtc$TAA                DATA
 0002:00009c9c 00000004H .rtc$TZZ                DATA
 0002:00009ca0 00001c9cH .xdata$x                DATA
 0002:0000b93c 00000050H .idata$2                DATA
 0002:0000b98c 00000014H .idata$3                DATA
 0002:0000b9a0 00000214H .idata$4                DATA
 0002:0000bbb4 000007ecH .idata$6                DATA
 0002:0000c3a0 00000000H .edata                  DATA
 0003:00000000 00002204H .data                   DATA
 0003:00002220 0001ce78H .bss                    DATA

  Address         Publics by Value              Rva+Base       Lib:Object

 0000:00000000       __except_list              00000000     <absolute>
 0000:00000050       ___safe_se_handler_count   00000050     <absolute>
 0000:00000000       ___ImageBase               00400000     <linker-defined>
 0001:00000000       ??1failure@ios_base@std@@UAE@XZ 00401000 f i client.obj
 0001:00000000       ??1runtime_error@std@@UAE@XZ 00401000 f i client.obj
 0001:00000010       ??Bid@locale@std@@QAEIXZ   00401010 f i client.obj
 0001:00000050       ?_Incref@facet@locale@std@@QAEXXZ 00401050 f i client.obj
 0001:00000080       ?_Decref@facet@locale@std@@QAEPAV123@XZ 00401080 f i client.obj
 0001:000000c0       ??1facet@locale@std@@UAE@XZ 004010c0 f i client.obj
 0001:000000d0       ??1locale@std@@QAE@XZ      004010d0 f i client.obj
 0001:00000120       ?_Getfacet@locale@std@@QBEPBVfacet@12@I@Z 00401120 f i client.obj
 0001:00000160       ??_G?$num_put@DV?$ostreambuf_iterator@DU?$char_traits@D@std@@@std@@@std@@MAEPAXI@Z 00401160 f i client.obj
 0001:00000160       ??_Efacet@locale@std@@UAEPAXI@Z 00401160 f i client.obj
 0001:00000160       ??_E?$num_put@DV?$ostreambuf_iterator@DU?$char_traits@D@std@@@std@@@std@@MAEPAXI@Z 00401160 f i client.obj
 0001:00000160       ??_Gfacet@locale@std@@UAEPAXI@Z 00401160 f i client.obj
 0001:00000190       ?getloc@ios_base@std@@QBE?AVlocale@2@XZ 00401190 f i client.obj
 0001:000001d0       ??0APPLAYER@@QAE@GI@Z      004011d0 f i client.obj
 0001:00000220       ??1APPLAYER@@QAE@XZ        00401220 f i client.obj
 0001:00000240       ??0ServerPacket@@QAE@GI@Z  00401240 f i client.obj
 0001:00000290       ??0Client@@QAE@PAVEQNetworkConnection@@@Z 00401290 f   client.obj
 0001:00000370       ??1_Sentry_base@?$basic_ostream@DU?$char_traits@D@std@@@std@@QAE@XZ 00401370 f i client.obj
 0001:00000390       ??_G?$ListElement@PAVClient@@@@QAEPAXI@Z 00401390 f i client.obj
 0001:000003c0       ??_Gsystem_error@std@@UAEPAXI@Z 004013c0 f i client.obj
 0001:000003c0       ??_Esystem_error@std@@UAEPAXI@Z 004013c0 f i client.obj
 0001:000003c0       ??_Efailure@ios_base@std@@UAEPAXI@Z 004013c0 f i client.obj
 0001:000003c0       ??_Gruntime_error@std@@UAEPAXI@Z 004013c0 f i client.obj
 0001:000003c0       ??_Gfailure@ios_base@std@@UAEPAXI@Z 004013c0 f i client.obj
 0001:000003c0       ??_Eruntime_error@std@@UAEPAXI@Z 004013c0 f i client.obj
 0001:000003f0       ?clear@ios_base@std@@QAEXH_N@Z 004013f0 f i client.obj
 0001:000004d0       ??0runtime_error@std@@QAE@ABV01@@Z 004014d0 f i client.obj
 0001:000004f0       ??0system_error@std@@QAE@ABV01@@Z 004014f0 f i client.obj
 0001:00000520       ??0failure@ios_base@std@@QAE@ABV012@@Z 00401520 f i client.obj
 0001:00000550       ??1?$_Yarn@D@std@@QAE@XZ   00401550 f i client.obj
 0001:00000570       ??1bad_alloc@std@@UAE@XZ   00401570 f i client.obj
 0001:00000580       ??_Gbad_alloc@std@@UAEPAXI@Z 00401580 f i client.obj
 0001:00000580       ??_Ebad_alloc@std@@UAEPAXI@Z 00401580 f i client.obj
 0001:000005b0       ?_Ifmt@?$num_put@DV?$ostreambuf_iterator@DU?$char_traits@D@std@@@std@@@std@@ABAPADPADPBDH@Z 004015b0 f i client.obj
 0001:00000640       ?_Tidy@?$numpunct@D@std@@AAEXXZ 00401640 f i client.obj
 0001:00000670       ?_Chassign@?$basic_string@DU?$char_traits@D@std@@V?$allocator@D@2@@std@@QAEXIID@Z 00401670 f i client.obj
 0001:000006b0       ??0bad_alloc@std@@QAE@ABV01@@Z 004016b0 f i client.obj
 0001:000006d0       ?erase@?$basic_string@DU?$char_traits@D@std@@V?$allocator@D@2@@std@@QAEAAV12@II@Z 004016d0 f i client.obj
 0001:00000760       ?allocate@?$allocator@D@std@@QAEPADI@Z 00401760 f i client.obj
 0001:000007b0       ?_Init@?$numpunct@D@std@@IAEXABV_Locinfo@2@_N@Z 004017b0 f i client.obj
 0001:000008f0       ??0_Locinfo@std@@QAE@PBD@Z 004018f0 f i client.obj
 0001:000009a0       ??1_Locinfo@std@@QAE@XZ    004019a0 f i client.obj
 0001:00000a50       ?Add@ClientList@@QAEXPAVClient@@@Z 00401a50 f   client.obj
 0001:00000a90       ?_Tidy@?$basic_string@DU?$char_traits@D@std@@V?$allocator@D@2@@std@@QAEX_NI@Z 00401a90 f i client.obj
 0001:00000ae0       ?_Putc@?$num_put@DV?$ostreambuf_iterator@DU?$char_traits@D@std@@@std@@@std@@ABA?AV?$ostreambuf_iterator@DU?$char_traits@D@std@@@2@V32@PBDI@Z 00401ae0 f i client.obj
 0001:00000ae0       ?_Put@?$num_put@DV?$ostreambuf_iterator@DU?$char_traits@D@std@@@std@@@std@@ABA?AV?$ostreambuf_iterator@DU?$char_traits@D@std@@@2@V32@PBDI@Z 00401ae0 f i client.obj
 0001:00000b50       ?_Rep@?$num_put@DV?$ostreambuf_iterator@DU?$char_traits@D@std@@@std@@@std@@ABA?AV?$ostreambuf_iterator@DU?$char_traits@D@std@@@2@V32@DI@Z 00401b50 f i client.obj
 0001:00000bc0       ?_Putgrouped@?$num_put@DV?$ostreambuf_iterator@DU?$char_traits@D@std@@@std@@@std@@ABA?AV?$ostreambuf_iterator@DU?$char_traits@D@std@@@2@V32@PBDID@Z 00401bc0 f i client.obj
 0001:00000c60       ?_Copy@?$basic_string@DU?$char_traits@D@std@@V?$allocator@D@2@@std@@QAEXII@Z 00401c60 f i client.obj
 0001:00000dd0       ?_Getcat@?$num_put@DV?$ostreambuf_iterator@DU?$char_traits@D@std@@@std@@@std@@SAIPAPBVfacet@locale@2@PBV42@@Z 00401dd0 f i client.obj
 0001:00000e90       ?do_decimal_point@?$numpunct@D@std@@MBEDXZ 00401e90 f i client.obj
 0001:00000ea0       ?do_thousands_sep@?$numpunct@D@std@@MBEDXZ 00401ea0 f i client.obj
 0001:00000eb0       ??_G?$numpunct@D@std@@MAEPAXI@Z 00401eb0 f i client.obj
 0001:00000eb0       ??_E?$numpunct@D@std@@MAEPAXI@Z 00401eb0 f i client.obj
 0001:00000f00       ??1?$ListElement@PAVClient@@@@QAE@XZ 00401f00 f i client.obj
 0001:00000f60       ?FindByLSID@ClientList@@QAEPAVClient@@I@Z 00401f60 f   client.obj
 0001:00000fe0       ??1?$basic_string@DU?$char_traits@D@std@@V?$allocator@D@2@@std@@QAE@XZ 00401fe0 f i client.obj
 0001:00001010       ?flush@?$basic_ostream@DU?$char_traits@D@std@@@std@@QAEAAV12@XZ 00402010 f i client.obj
 0001:00001060       ?_Osfx@?$basic_ostream@DU?$char_traits@D@std@@@std@@QAEXXZ 00402060 f i client.obj
 0001:000010c0       ?falsename@?$numpunct@D@std@@QBE?AV?$basic_string@DU?$char_traits@D@std@@V?$allocator@D@2@@2@XZ 004020c0 f i client.obj
 0001:000010e0       ?truename@?$numpunct@D@std@@QBE?AV?$basic_string@DU?$char_traits@D@std@@V?$allocator@D@2@@2@XZ 004020e0 f i client.obj
 0001:00001100       ?_Grow@?$basic_string@DU?$char_traits@D@std@@V?$allocator@D@2@@std@@QAE_NI_N@Z 00402100 f i client.obj
 0001:000011b0       ?grouping@?$numpunct@D@std@@QBE?AV?$basic_string@DU?$char_traits@D@std@@V?$allocator@D@2@@2@XZ 004021b0 f i client.obj
 0001:000011d0       ?append@?$basic_string@DU?$char_traits@D@std@@V?$allocator@D@2@@std@@QAEAAV12@ABV12@II@Z 004021d0 f i client.obj
 0001:000012c0       ??$use_facet@V?$num_put@DV?$ostreambuf_iterator@DU?$char_traits@D@std@@@std@@@std@@@std@@YAABV?$num_put@DV?$ostreambuf_iterator@DU?$char_traits@D@std@@@std@@@0@ABVlocale@0@@Z 004022c0 f i client.obj
 0001:00001400       ?_Getcat@?$numpunct@D@std@@SAIPAPBVfacet@locale@2@PBV42@@Z 00402400 f i client.obj
 0001:000014d0       ??1sentry@?$basic_ostream@DU?$char_traits@D@std@@@std@@QAE@XZ 004024d0 f i client.obj
 0001:00001540       ?append@?$basic_string@DU?$char_traits@D@std@@V?$allocator@D@2@@std@@QAEAAV12@PBDI@Z 00402540 f i client.obj
 0001:00001660       ?append@?$basic_string@DU?$char_traits@D@std@@V?$allocator@D@2@@std@@QAEAAV12@ID@Z 00402660 f i client.obj
 0001:00001710       ?assign@?$basic_string@DU?$char_traits@D@std@@V?$allocator@D@2@@std@@QAEAAV12@ABV12@II@Z 00402710 f i client.obj
 0001:00001800       ?insert@?$basic_string@DU?$char_traits@D@std@@V?$allocator@D@2@@std@@QAEAAV12@IID@Z 00402800 f i client.obj
 0001:00001900       ??$?6U?$char_traits@D@std@@@std@@YAAAV?$basic_ostream@DU?$char_traits@D@std@@@0@AAV10@PBD@Z 00402900 f i client.obj
 0001:00001bc0       ??$use_facet@V?$numpunct@D@std@@@std@@YAABV?$numpunct@D@0@ABVlocale@0@@Z 00402bc0 f i client.obj
 0001:00001d00       ??6?$basic_ostream@DU?$char_traits@D@std@@@std@@QAEAAV01@G@Z 00402d00 f i client.obj
 0001:00001ef0       ??6?$basic_ostream@DU?$char_traits@D@std@@@std@@QAEAAV01@I@Z 00402ef0 f i client.obj
 0001:000020e0       ?put@?$basic_ostream@DU?$char_traits@D@std@@@std@@QAEAAV12@D@Z 004030e0 f i client.obj
 0001:00002260       ?assign@?$basic_string@DU?$char_traits@D@std@@V?$allocator@D@2@@std@@QAEAAV12@PBDI@Z 00403260 f i client.obj
 0001:00002360       ?_Fput@?$num_put@DV?$ostreambuf_iterator@DU?$char_traits@D@std@@@std@@@std@@ABA?AV?$ostreambuf_iterator@DU?$char_traits@D@std@@@2@V32@AAVios_base@2@DPBDIIII@Z 00403360 f i client.obj
 0001:000028d0       ?_Iput@?$num_put@DV?$ostreambuf_iterator@DU?$char_traits@D@std@@@std@@@std@@ABA?AV?$ostreambuf_iterator@DU?$char_traits@D@std@@@2@V32@AAVios_base@2@DPADI@Z 004038d0 f i client.obj
 0001:00002b60       ?endl@std@@YAAAV?$basic_ostream@DU?$char_traits@D@std@@@1@AAV21@@Z 00403b60 f i client.obj
 0001:00002bc0       ?QueuePacket@Client@@QAEXPAVAPPLAYER@@@Z 00403bc0 f   client.obj
 0001:00002cb0       ?FastQueuePacket@Client@@QAEXPAPAVAPPLAYER@@@Z 00403cb0 f   client.obj
 0001:00002da0       ?FatalError@Client@@QAEXPBD_N@Z 00403da0 f   client.obj
 0001:00002ee0       ?do_put@?$num_put@DV?$ostreambuf_iterator@DU?$char_traits@D@std@@@std@@@std@@MBE?AV?$ostreambuf_iterator@DU?$char_traits@D@std@@@2@V32@AAVios_base@2@DJ@Z 00403ee0 f i client.obj
 0001:00002f60       ?do_put@?$num_put@DV?$ostreambuf_iterator@DU?$char_traits@D@std@@@std@@@std@@MBE?AV?$ostreambuf_iterator@DU?$char_traits@D@std@@@2@V32@AAVios_base@2@DK@Z 00403f60 f i client.obj
 0001:00002fe0       ?do_put@?$num_put@DV?$ostreambuf_iterator@DU?$char_traits@D@std@@@std@@@std@@MBE?AV?$ostreambuf_iterator@DU?$char_traits@D@std@@@2@V32@AAVios_base@2@D_J@Z 00403fe0 f i client.obj
 0001:00003060       ?do_put@?$num_put@DV?$ostreambuf_iterator@DU?$char_traits@D@std@@@std@@@std@@MBE?AV?$ostreambuf_iterator@DU?$char_traits@D@std@@@2@V32@AAVios_base@2@D_K@Z 00404060 f i client.obj
 0001:000030e0       ?do_put@?$num_put@DV?$ostreambuf_iterator@DU?$char_traits@D@std@@@std@@@std@@MBE?AV?$ostreambuf_iterator@DU?$char_traits@D@std@@@2@V32@AAVios_base@2@DN@Z 004040e0 f i client.obj
 0001:000032f0       ?do_put@?$num_put@DV?$ostreambuf_iterator@DU?$char_traits@D@std@@@std@@@std@@MBE?AV?$ostreambuf_iterator@DU?$char_traits@D@std@@@2@V32@AAVios_base@2@DO@Z 004042f0 f i client.obj
 0001:000034f0       ?do_put@?$num_put@DV?$ostreambuf_iterator@DU?$char_traits@D@std@@@std@@@std@@MBE?AV?$ostreambuf_iterator@DU?$char_traits@D@std@@@2@V32@AAVios_base@2@DPBX@Z 004044f0 f i client.obj
 0001:00003550       ?assign@?$basic_string@DU?$char_traits@D@std@@V?$allocator@D@2@@std@@QAEAAV12@$$QAV12@@Z 00404550 f i client.obj
 0001:000035d0       ?WorldResponse@Client@@QAEXIC@Z 004045d0 f   client.obj
 0001:00003880       ??0?$basic_string@DU?$char_traits@D@std@@V?$allocator@D@2@@std@@QAE@PBD@Z 00404880 f i client.obj
 0001:000038c0       ?do_put@?$num_put@DV?$ostreambuf_iterator@DU?$char_traits@D@std@@@std@@@std@@MBE?AV?$ostreambuf_iterator@DU?$char_traits@D@std@@@2@V32@AAVios_base@2@D_N@Z 004048c0 f i client.obj
 0001:00003ae0       ?do_grouping@?$numpunct@D@std@@MBE?AV?$basic_string@DU?$char_traits@D@std@@V?$allocator@D@2@@2@XZ 00404ae0 f i client.obj
 0001:00003b30       ?do_falsename@?$numpunct@D@std@@MBE?AV?$basic_string@DU?$char_traits@D@std@@V?$allocator@D@2@@2@XZ 00404b30 f i client.obj
 0001:00003b80       ?do_truename@?$numpunct@D@std@@MBE?AV?$basic_string@DU?$char_traits@D@std@@V?$allocator@D@2@@2@XZ 00404b80 f i client.obj
 0001:00003bd0       ?Process@Client@@QAE_NXZ   00404bd0 f   client.obj
 0001:00004930       ?Process@ClientList@@QAEXXZ 00405930 f   client.obj
 0001:00004a40       ??0EQCrypto@@QAE@XZ        00405a40 f   EQCrypto.obj
 0001:00004a60       ?DoEQDecrypt@EQCrypto@@QAEXPBEPAEH@Z 00405a60 f   EQCrypto.obj
 0001:00004ab0       ?compare@?$char_traits@D@std@@SAHPBD0I@Z 00405ab0 f i logindatabase.obj
 0001:00004b30       ?UpdateWorldName@Database@@QAE_NIPBD@Z 00405b30 f   logindatabase.obj
 0001:00004c40       ?InsertStats@Database@@QAE_NIII@Z 00405c40 f   logindatabase.obj
 0001:00004cf0       ?GetLSLoginInfo@Database@@QAEIPAD0PAEPAHPA_NPAF@Z 00405cf0 f   logindatabase.obj
 0001:00004f60       ?GetLSAccountInfo@Database@@QAE_NIPADPAEPAHPA_NPAF@Z 00405f60 f   logindatabase.obj
 0001:00005130       ?CheckWorldAuth@Database@@QAECPBD0PAI1PA_N2@Z 00406130 f   logindatabase.obj
 0001:00005380       ?AccountLoggedIn@Database@@QAE_NI@Z 00406380 f   logindatabase.obj
 0001:000054b0       ?CountUsers@Database@@QAEIPAD@Z 004064b0 f   logindatabase.obj
 0001:000055a0       ?CheckEQLogin@Database@@QAEIPBVAPPLAYER@@PADPAEPAHPA_NPAFI@Z 004065a0 f   logindatabase.obj
 0001:00005850       ??0LWorld@@QAE@PAVTCPConnection@@_NIG1@Z 00406850 f   LWorld.obj
 0001:00005a00       ??0LWorld@@QAE@IPAD0I_N@Z  00406a00 f   LWorld.obj
 0001:00005b20       ??0LWorld@@QAE@PAVTCPConnection@@IIIPAD11HI_N2E2I@Z 00406b20 f   LWorld.obj
 0001:00005c50       ?SendPacket@LWorld@@QAEXPAVServerPacket@@@Z 00406c50 f   LWorld.obj
 0001:00005d60       ?Message@LWorld@@QAAXPAD0ZZ 00406d60 f   LWorld.obj
 0001:00005e90       ?Kick@LWorld@@QAEXPAD_N@Z  00406e90 f   LWorld.obj
 0001:00005fa0       ?CheckServerName@LWorld@@SA_NPAD@Z 00406fa0 f   LWorld.obj
 0001:00006060       ?SetRemoteInfo@LWorld@@QAEXIIPAD00IIEHH@Z 00407060 f   LWorld.obj
 0001:000060f0       ?Advance@?$LinkedListIterator@PAVLWorld@@@@QAEXXZ 004070f0 f i LWorld.obj
 0001:000060f0       ?Advance@?$LinkedListIterator@PAVEQNetworkPacket@@@@QAEXXZ 004070f0 f i EQNetwork.obj
 0001:000060f0       ?Advance@?$LinkedListIterator@PAVEQNetworkConnection@@@@QAEXXZ 004070f0 f i EQNetwork.obj
 0001:00006140       ??_G?$ListElement@PAVLWorld@@@@QAEPAXI@Z 00407140 f i LWorld.obj
 0001:00006190       ??_G?$ListElement@PAUPeerInfo@LWorldList@@@@QAEPAXI@Z 00407190 f i LWorld.obj
 0001:000061e0       ?Clear@?$LinkedList@PAVLWorld@@@@QAEXXZ 004071e0 f i LWorld.obj
 0001:00006250       ?Clear@?$LinkedList@PAUPeerInfo@LWorldList@@@@QAEXXZ 00407250 f i LWorld.obj
 0001:000062a0       ?Add@LWorldList@@QAEXPAVLWorld@@@Z 004072a0 f   LWorld.obj
 0001:000062e0       ??1?$LinkedList@PAVLWorld@@@@QAE@XZ 004072e0 f i LWorld.obj
 0001:000062f0       ??1?$LinkedList@PAUPeerInfo@LWorldList@@@@QAE@XZ 004072f0 f i LWorld.obj
 0001:00006300       ?Append@?$LinkedList@PAVEQNetworkConnection@@@@QAEXABQAVEQNetworkConnection@@@Z 00407300 f i EQNetwork.obj
 0001:00006300       ?Append@?$LinkedList@PAVTCPConnection@@@@QAEXABQAVTCPConnection@@@Z 00407300 f i TCPConnection.obj
 0001:00006300       ?Append@?$LinkedList@PAVEQNetworkPacket@@@@QAEXABQAVEQNetworkPacket@@@Z 00407300 f i EQNetwork.obj
 0001:00006300       ?Append@?$LinkedList@PAUPeerInfo@LWorldList@@@@QAEXABQAUPeerInfo@LWorldList@@@Z 00407300 f i LWorld.obj
 0001:00006370       ?RemoveCurrent@?$LinkedListIterator@PAVLWorld@@@@QAEX_N@Z 00407370 f i LWorld.obj
 0001:00006430       ?RemoveCurrent@?$LinkedListIterator@PAUPeerInfo@LWorldList@@@@QAEX_N@Z 00407430 f i LWorld.obj
 0001:000064d0       ??0LWorldList@@QAE@XZ      004074d0 f   LWorld.obj
 0001:000065c0       ??1LWorldList@@QAE@XZ      004075c0 f   LWorld.obj
 0001:00006650       ?Shutdown@LWorldList@@QAEXXZ 00407650 f   LWorld.obj
 0001:000066a0       ?SendPacket@LWorldList@@QAEXPAVServerPacket@@PAVLWorld@@@Z 004076a0 f   LWorld.obj
 0001:00006820       ?SendPacketLocal@LWorldList@@QAEXPAVServerPacket@@PAVLWorld@@@Z 00407820 f   LWorld.obj
 0001:000068a0       ?SendPacketLogin@LWorldList@@QAEXPAVServerPacket@@PAVLWorld@@@Z 004078a0 f   LWorld.obj
 0001:00006920       ?FindByID@LWorldList@@QAEPAVLWorld@@I@Z 00407920 f   LWorld.obj
 0001:000069a0       ?FindByAddress@LWorldList@@QAEPAVLWorld@@PAD@Z 004079a0 f   LWorld.obj
 0001:00006a30       ?FindByLink@LWorldList@@QAEPAVLWorld@@PAVTCPConnection@@I@Z 00407a30 f   LWorld.obj
 0001:00006ad0       ?FindByAccount@LWorldList@@QAEPAVLWorld@@IW4ConType@@@Z 00407ad0 f   LWorld.obj
 0001:00006b70       ?MakeServerListPacket@LWorldList@@QAEXPAVAPPLAYER@@E@Z 00407b70 f   LWorld.obj
 0001:00006e20       ?SendWorldStatus@LWorldList@@QAEXPAVLWorld@@PAD@Z 00407e20 f   LWorld.obj
 0001:00006f70       ?RemoveByLink@LWorldList@@QAEXPAVTCPConnection@@IPAVLWorld@@@Z 00407f70 f   LWorld.obj
 0001:00007010       ?RemoveByID@LWorldList@@QAEXI@Z 00408010 f   LWorld.obj
 0001:00007090       ?AddPeer@LWorldList@@QAEXPAVLWorld@@@Z 00408090 f   LWorld.obj
 0001:000070e0       ?RemovePeer@LWorldList@@QAEXPAVLWorld@@@Z 004080e0 f   LWorld.obj
 0001:00007160       ?ConnectPeer@LWorldList@@QAECPAVLWorld@@@Z 00408160 f   LWorld.obj
 0001:00007230       ?WriteXML@LWorldList@@QAE_NXZ 00408230 f   LWorld.obj
 0001:000072c0       ??1LWorld@@QAE@XZ          004082c0 f   LWorld.obj
 0001:00007410       ?UpdateWorldList@LWorld@@QAEXPAV1@@Z 00408410 f   LWorld.obj
 0001:000075d0       ?UpdateWorldList@LWorldList@@QAEXPAVLWorld@@@Z 004085d0 f   LWorld.obj
 0001:00007650       ?UpdateStatus@LWorld@@QAEXHHH@Z 00408650 f i LWorld.obj
 0001:00007680       ??6?$basic_ostream@DU?$char_traits@D@std@@@std@@QAEAAV01@H@Z 00408680 f i LWorld.obj
 0001:00007870       ?KickGhostIP@LWorldList@@QAEXIPAVLWorld@@G@Z 00408870 f   LWorld.obj
 0001:00007ab0       ?KickGhost@LWorldList@@QAEXW4ConType@@IPAVLWorld@@@Z 00408ab0 f   LWorld.obj
 0001:00007c10       ?ConnectUplink@LWorldList@@QAEXXZ 00408c10 f   LWorld.obj
 0001:00007f70       ?AddPeer@LWorldList@@QAEXIG_N@Z 00408f70 f   LWorld.obj
 0001:00008180       ?AddPeer@LWorldList@@QAEXPAD_N@Z 00409180 f   LWorld.obj
 0001:00008260       ?ListWorldsToConsole@LWorldList@@QAEXXZ 00409260 f   LWorld.obj
 0001:00008710       ?LoadWorldList@Database@@QAEXXZ 00409710 f   LWorld.obj
 0001:00008950       ?SetupWorld@LWorld@@QAE_NPAD0000@Z 00409950 f   LWorld.obj
 0001:00008b20       ?SetupChat@LWorld@@QAE_NPAD0@Z 00409b20 f   LWorld.obj
 0001:00008c40       ?SetupLogin@LWorld@@QAE_NPAD00@Z 00409c40 f   LWorld.obj
 0001:00008e20       ?Init@LWorldList@@QAE_NXZ  00409e20 f   LWorld.obj
 0001:00008e80       ?Process@LWorld@@QAE_NXZ   00409e80 f   LWorld.obj
 0001:0000a020       ?Process@LWorldList@@QAEXXZ 0040b020 f   LWorld.obj
 0001:0000a300       ?IsNumber@Seperator@@SA_NPBD@Z 0040b300 f i net.obj
 0001:0000a370       ??0NetConnection@@QAE@XZ   0040b370 f i net.obj
 0001:0000a3f0       ?HitKey@NetConnection@@QAEXH@Z 0040b3f0 f   net.obj
 0001:0000a4a0       ?Clear@?$LinkedList@PAVClient@@@@QAEXXZ 0040b4a0 f i net.obj
 0001:0000a4e0       ?CatchSignal@@YAXH@Z       0040b4e0 f   net.obj
 0001:0000a520       ?ReadLoginConfig@NetConnection@@QAE_NXZ 0040b520 f   net.obj
 0001:0000aa20       _main                      0040ba20 f   net.obj
 0001:0000aca0       ?Generate@CRC32@@SAIPBEI@Z 0040bca0 f   crc32.obj
 0001:0000acf0       ?HandleMysqlError@Database@@SAXI@Z 0040bcf0 f   database.obj
 0001:0000ad40       ?InitVars@Database@@AAEXXZ 0040bd40 f   database.obj
 0001:0000ae00       ??1Database@@QAE@XZ        0040be00 f   database.obj
 0001:0000b150       ?LoadVariables_result@Database@@QAE_NPAUst_mysql_res@@@Z 0040c150 f   database.obj
 0001:0000b420       ?GetVariable@Database@@QAE_NPBDPADG@Z 0040c420 f   database.obj
 0001:0000b520       ??0Database@@QAE@XZ        0040c520 f   database.obj
 0001:0000b920       ?LoadVariables@Database@@QAE_NXZ 0040c920 f   database.obj
 0001:0000ba70       ??0DBcore@@QAE@XZ          0040ca70 f   dbcore.obj
 0001:0000bab0       ??1DBcore@@QAE@XZ          0040cab0 f   dbcore.obj
 0001:0000bb30       ?ping@DBcore@@QAEXXZ       0040cb30 f   dbcore.obj
 0001:0000bb60       ?DoEscapeString@DBcore@@QAEIPADPBDI@Z 0040cb60 f   dbcore.obj
 0001:0000bba0       ?Open@DBcore@@AAE_NPAIPAD@Z 0040cba0 f   dbcore.obj
 0001:0000bcf0       ?Open@DBcore@@IAE_NPBD000PAIPAD_N3@Z 0040ccf0 f   dbcore.obj
 0001:0000bec0       ?RunQuery@DBcore@@QAE_NPBDIPADPAPAUst_mysql_res@@PAI33_N@Z 0040cec0 f   dbcore.obj
 0001:0000c120       ??0EQEMuLog@@QAE@XZ        0040d120 f   debug.obj
 0001:0000c200       ??1EQEMuLog@@QAE@XZ        0040d200 f   debug.obj
 0001:0000c2b0       ?open@EQEMuLog@@AAE_NW4LogIDs@1@@Z 0040d2b0 f   debug.obj
 0001:0000c420       ?write@EQEMuLog@@QAA_NW4LogIDs@1@PBDZZ 0040d420 f   debug.obj
 0001:0000c5b0       ?Copy@APPLAYER@@QBEPAV1@XZ 0040d5b0 f i EQNetwork.obj
 0001:0000c680       ?CheckActive@EQNetworkConnection@@QAE_NXZ 0040d680 f   EQNetwork.obj
 0001:0000c6b0       ?ReturnPacket@EQNetworkPacket@@QAEIPAPAE@Z 0040d6b0 f   EQNetwork.obj
 0001:0000c850       ??0EQNetworkFragmentGroup@@QAE@GG@Z 0040d850 f   EQNetwork.obj
 0001:0000c950       ??1EQNetworkFragmentGroup@@UAE@XZ 0040d950 f   EQNetwork.obj
 0001:0000c9b0       ?Assemble@EQNetworkFragmentGroup@@QAEIPAPAE@Z 0040d9b0 f   EQNetwork.obj
 0001:0000ca50       ?clear@?$MyQueue@VAPPLAYER@@@@QAEXXZ 0040da50 f i EQNetwork.obj
 0001:0000caa0       ??_G?$ListElement@PAVEQNetworkFragmentGroup@@@@QAEPAXI@Z 0040daa0 f i EQNetwork.obj
 0001:0000caa0       ??_G?$ListElement@PAVEQNetworkPacket@@@@QAEPAXI@Z 0040daa0 f i EQNetwork.obj
 0001:0000caa0       ??_G?$ListElement@PAVEQNetworkConnection@@@@QAEPAXI@Z 0040daa0 f i EQNetwork.obj
 0001:0000caa0       ??_G?$ListElement@PAVTCPConnection@@@@QAEPAXI@Z 0040daa0 f i TCPConnection.obj
 0001:0000cad0       ??1?$ListElement@PAVTCPConnection@@@@QAE@XZ 0040dad0 f i TCPConnection.obj
 0001:0000cad0       ??1?$ListElement@PAVEQNetworkConnection@@@@QAE@XZ 0040dad0 f i EQNetwork.obj
 0001:0000cad0       ??1?$ListElement@PAVEQNetworkFragmentGroup@@@@QAE@XZ 0040dad0 f i EQNetwork.obj
 0001:0000cad0       ??1?$ListElement@PAVEQNetworkPacket@@@@QAE@XZ 0040dad0 f i EQNetwork.obj
 0001:0000cb10       ?NewQueuePop@EQNetworkServer@@QAEPAVEQNetworkConnection@@XZ 0040db10 f   EQNetwork.obj
 0001:0000cb70       ?PopPacket@EQNetworkConnection@@QAEPAVAPPLAYER@@XZ 0040db70 f   EQNetwork.obj
 0001:0000cbd0       ??0EQNetworkPacket@@QAE@PAVEQNetworkConnection@@@Z 0040dbd0 f   EQNetwork.obj
 0001:0000cc20       ??_EEQNetworkPacket@@UAEPAXI@Z 0040dc20 f i EQNetwork.obj
 0001:0000cc20       ??_GEQNetworkPacket@@UAEPAXI@Z 0040dc20 f i EQNetwork.obj
 0001:0000cc60       ??_EEQNetworkFragmentGroup@@UAEPAXI@Z 0040dc60 f i EQNetwork.obj
 0001:0000cc60       ??_GEQNetworkFragmentGroup@@UAEPAXI@Z 0040dc60 f i EQNetwork.obj
 0001:0000cc90       ??1?$MyQueue@VAPPLAYER@@@@QAE@XZ 0040dc90 f i EQNetwork.obj
 0001:0000cca0       ??1?$LinkedList@PAVEQNetworkFragmentGroup@@@@QAE@XZ 0040dca0 f i EQNetwork.obj
 0001:0000cca0       ??1?$LinkedList@PAVEQNetworkPacket@@@@QAE@XZ 0040dca0 f i EQNetwork.obj
 0001:0000ccb0       ?RemoveCurrent@?$LinkedListIterator@PAVEQNetworkFragmentGroup@@@@QAEX_N@Z 0040dcb0 f i EQNetwork.obj
 0001:0000ccb0       ?RemoveCurrent@?$LinkedListIterator@PAVEQNetworkPacket@@@@QAEX_N@Z 0040dcb0 f i EQNetwork.obj
 0001:0000cd50       ??0EQNetworkServer@@QAE@G@Z 0040dd50 f   EQNetwork.obj
 0001:0000ce20       ?Close@EQNetworkConnection@@QAEXXZ 0040de20 f   EQNetwork.obj
 0001:0000cea0       ??1EQNetworkFragmentGroupList@@UAE@XZ 0040dea0 f   EQNetwork.obj
 0001:0000ced0       ??1EQNetworkServer@@UAE@XZ 0040ded0 f   EQNetwork.obj
 0001:0000d000       ??0EQNetworkConnection@@QAE@IG@Z 0040e000 f   EQNetwork.obj
 0001:0000d220       ?Free@EQNetworkConnection@@QAEXXZ 0040e220 f   EQNetwork.obj
 0001:0000d260       ?IncomingARSP@EQNetworkConnection@@AAEXG@Z 0040e260 f   EQNetwork.obj
 0001:0000d350       ?MakeEQPacket@EQNetworkConnection@@AAEXPAVAPPLAYER@@_N@Z 0040e350 f   EQNetwork.obj
 0001:0000d680       ??_GEQNetworkFragmentGroupList@@UAEPAXI@Z 0040e680 f i EQNetwork.obj
 0001:0000d680       ??_EEQNetworkFragmentGroupList@@UAEPAXI@Z 0040e680 f i EQNetwork.obj
 0001:0000d6c0       ?CheckTimers@EQNetworkFragmentGroupList@@QAEXXZ 0040e6c0 f   EQNetwork.obj
 0001:0000d7c0       ?GotPacket@EQNetworkFragmentGroupList@@QAEPAVEQNetworkFragmentGroup@@PAVEQNetworkPacket@@@Z 0040e7c0 f   EQNetwork.obj
 0001:0000d970       ?DeleteGroup@EQNetworkFragmentGroupList@@QAEXG@Z 0040e970 f   EQNetwork.obj
 0001:0000da00       ??_GEQNetworkServer@@UAEPAXI@Z 0040ea00 f i EQNetwork.obj
 0001:0000da00       ??_EEQNetworkServer@@UAEPAXI@Z 0040ea00 f i EQNetwork.obj
 0001:0000da30       ?Process@EQNetworkConnection@@IAEXI@Z 0040ea30 f   EQNetwork.obj
 0001:0000dda0       ?QueuePacket@EQNetworkConnection@@QAEXPBVAPPLAYER@@_N@Z 0040eda0 f   EQNetwork.obj
 0001:0000deb0       ?FastQueuePacket@EQNetworkConnection@@QAEXPAPAVAPPLAYER@@_N@Z 0040eeb0 f   EQNetwork.obj
 0001:0000dff0       ?CloseSock@EQNetworkConnection@@QAEXXZ 0040eff0 f   EQNetwork.obj
 0001:0000e1d0       ?ProcessPacket@EQNetworkConnection@@AAE_NPAVEQNetworkPacket@@_N@Z 0040f1d0 f   EQNetwork.obj
 0001:0000e4a0       ?CheckBufferedPackets@EQNetworkConnection@@AAEXXZ 0040f4a0 f   EQNetwork.obj
 0001:0000e620       ?DecodePacket@EQNetworkPacket@@QAE_NPAEI@Z 0040f620 f   EQNetwork.obj
 0001:0000e790       ??1EQNetworkConnection@@UAE@XZ 0040f790 f   EQNetwork.obj
 0001:0000e9c0       ?RecvData@EQNetworkConnection@@QAEXPAEI@Z 0040f9c0 f   EQNetwork.obj
 0001:0000ed10       ?RecvData@EQNetworkServer@@AAEXPAEIIG@Z 0040fd10 f   EQNetwork.obj
 0001:0000ee60       ??_GEQNetworkConnection@@UAEPAXI@Z 0040fe60 f i EQNetwork.obj
 0001:0000ee60       ??_EEQNetworkConnection@@UAEPAXI@Z 0040fe60 f i EQNetwork.obj
 0001:0000ee90       ?EQNetworkServerLoop@@YAXPAX@Z 0040fe90 f   EQNetwork.obj
 0001:0000f130       ?Open@EQNetworkServer@@QAE_NG@Z 00410130 f   EQNetwork.obj
 0001:0000f2a0       ??BMD5@@QAEPBDXZ           004102a0 f   md5.obj
 0001:0000f310       ?byteSwap@MD5@@CAXPAII@Z   00410310 f   md5.obj
 0001:0000f350       ?Transform@MD5@@CAXQAIQBI@Z 00410350 f   md5.obj
 0001:0000f9e0       ?Update@MD5@@SAXPAUMD5Context@1@PBEI@Z 004109e0 f   md5.obj
 0001:0000fad0       ?Final@MD5@@SAXQAEPAUMD5Context@1@@Z 00410ad0 f   md5.obj
 0001:0000fb90       ??0MD5@@QAE@PBDI@Z         00410b90 f   md5.obj
 0001:0000fc00       ??0Seperator@@QAE@PBDDGG_NDD1@Z 00410c00 f i MiscFunctions.obj
 0001:0000fe70       ??1Seperator@@QAE@XZ       00410e70 f i MiscFunctions.obj
 0001:0000feb0       ?strn0cpy@@YAPADPADPBDI@Z  00410eb0 f   MiscFunctions.obj
 0001:0000fef0       ?MakeAnyLenString@@YAHPAPADPBDZZ 00410ef0 f   MiscFunctions.obj
 0001:0000ff50       ?atobool@@YA_NPAD@Z        00410f50 f   MiscFunctions.obj
 0001:00010060       ??0InitWinsock@@QAE@XZ     00411060 f   MiscFunctions.obj
 0001:000100a0       ??1InitWinsock@@QAE@XZ     004110a0 f   MiscFunctions.obj
 0001:000100b0       ?ResolveIP@@YAIPBDPAD@Z    004110b0 f   MiscFunctions.obj
 0001:000101a0       ?ParseAddress@@YA_NPBDPAIPAGPAD@Z 004111a0 f   MiscFunctions.obj
 0001:00010230       ?IsTryLockSupported@@YA_NXZ 00411230 f   Mutex.obj
 0001:000102d0       ??0Mutex@@QAE@XZ           004112d0 f   Mutex.obj
 0001:000102e0       ??1Mutex@@QAE@XZ           004112e0 f   Mutex.obj
 0001:000102f0       ?lock@Mutex@@QAEXXZ        004112f0 f   Mutex.obj
 0001:00010300       ?trylock@Mutex@@QAE_NXZ    00411300 f   Mutex.obj
 0001:00010320       ?unlock@Mutex@@QAEXXZ      00411320 f   Mutex.obj
 0001:00010330       ??0LockMutex@@QAE@PAVMutex@@_N@Z 00411330 f   Mutex.obj
 0001:00010360       ??1LockMutex@@QAE@XZ       00411360 f   Mutex.obj
 0001:00010370       ?DumpPacketHex@@YAXPBEIII@Z 00411370 f   packet_dump.obj
 0001:00010590       ?DumpPacket@@YAXPBEI@Z     00411590 f   packet_dump.obj
 0001:000105b0       ?DumpPacket@@YAXPBVAPPLAYER@@_N@Z 004115b0 f   packet_dump.obj
 0001:00010690       ?DumpPacket@@YAXPBVServerPacket@@_N@Z 00411690 f   packet_dump.obj
 0001:00010770       ?InflatePacket@@YAIPAEI0I_N@Z 00411770 f   packet_functions.obj
 0001:00010890       ?MakePacket@TCPConnection@@SAPAUTCPNetPacket_Struct@1@PBVServerPacket@@I@Z 00411890 f   TCPConnection.obj
 0001:00010910       ?MakeOldPacket@TCPConnection@@SAPAUSPackSendQueue@@PBVServerPacket@@@Z 00411910 f   TCPConnection.obj
 0001:00010960       ?SetState@TCPConnection@@IAEXE@Z 00411960 f   TCPConnection.obj
 0001:00010990       ?GetState@TCPConnection@@UAEEXZ 00411990 f   TCPConnection.obj
 0001:000109c0       ?ServerSendQueuePushEnd@TCPConnection@@AAEXPBEH@Z 004119c0 f   TCPConnection.obj
 0001:00010a90       ?ServerSendQueuePushEnd@TCPConnection@@AAEXPAPAEH@Z 00411a90 f   TCPConnection.obj
 0001:00010b80       ?ServerSendQueuePushFront@TCPConnection@@AAEXPBEH@Z 00411b80 f   TCPConnection.obj
 0001:00010c50       ?SetAsyncConnect@TCPConnection@@IAE_N_N@Z 00411c50 f   TCPConnection.obj
 0001:00010c80       ?SetEcho@TCPConnection@@QAEX_N@Z 00411c80 f   TCPConnection.obj
 0001:00010cb0       ?SendNetErrorPacket@TCPConnection@@AAEXPBD@Z 00411cb0 f   TCPConnection.obj
 0001:00010da0       ?RemoveRelay@TCPConnection@@IAEXPAV1@_N@Z 00411da0 f   TCPConnection.obj
 0001:00010e80       ?Open@TCPServer@@QAE_NGPAD@Z 00411e80 f   TCPConnection.obj
 0001:00011060       ?IsOpen@TCPServer@@QAE_NXZ 00412060 f   TCPConnection.obj
 0001:00011090       ?clear@?$MyQueue@VServerPacket@@@@QAEXXZ 00412090 f i TCPConnection.obj
 0001:000110e0       ?Clear@?$LinkedList@PAVEQNetworkFragmentGroup@@@@QAEXXZ 004120e0 f i EQNetwork.obj
 0001:000110e0       ?Clear@?$LinkedList@PAVEQNetworkConnection@@@@QAEXXZ 004120e0 f i EQNetwork.obj
 0001:000110e0       ?Clear@?$LinkedList@PAVTCPConnection@@@@QAEXXZ 004120e0 f i TCPConnection.obj
 0001:000110e0       ?Clear@?$LinkedList@PAVEQNetworkPacket@@@@QAEXXZ 004120e0 f i EQNetwork.obj
 0001:00011120       ?PopPacket@TCPConnection@@QAEPAVServerPacket@@XZ 00412120 f   TCPConnection.obj
 0001:00011190       ?ClearBuffers@TCPConnection@@AAEXXZ 00412190 f   TCPConnection.obj
 0001:00011360       ?NewQueuePop@TCPServer@@QAEPAVTCPConnection@@XZ 00412360 f   TCPConnection.obj
 0001:000113c0       ?push@?$MyQueue@VAPPLAYER@@@@QAEXPAVAPPLAYER@@@Z 004123c0 f i EQNetwork.obj
 0001:000113c0       ?push@?$MyQueue@VTCPConnection@@@@QAEXPAVTCPConnection@@@Z 004123c0 f i TCPConnection.obj
 0001:000113c0       ?push@?$MyQueue@UInQueue_Struct@@@@QAEXPAUInQueue_Struct@@@Z 004123c0 f i EQNetwork.obj
 0001:000113c0       ?push@?$MyQueue@UTCPNetPacket_Struct@TCPConnection@@@@QAEXPAUTCPNetPacket_Struct@TCPConnection@@@Z 004123c0 f i TCPConnection.obj
 0001:000113c0       ?push@?$MyQueue@VServerPacket@@@@QAEXPAVServerPacket@@@Z 004123c0 f i TCPConnection.obj
 0001:000113c0       ?push@?$MyQueue@VEQNetworkConnection@@@@QAEXPAVEQNetworkConnection@@@Z 004123c0 f i EQNetwork.obj
 0001:000113c0       ?push@?$MyQueue@D@@QAEXPAD@Z 004123c0 f i TCPConnection.obj
 0001:00011440       ??1?$MyQueue@VServerPacket@@@@QAE@XZ 00412440 f i TCPConnection.obj
 0001:00011450       ??1?$MyQueue@UInQueue_Struct@@@@QAE@XZ 00412450 f i EQNetwork.obj
 0001:00011450       ??1?$MyQueue@D@@QAE@XZ     00412450 f i TCPConnection.obj
 0001:00011450       ??1?$MyQueue@UTCPNetPacket_Struct@TCPConnection@@@@QAE@XZ 00412450 f i TCPConnection.obj
 0001:00011480       ??1?$MyQueue@VTCPConnection@@@@QAE@XZ 00412480 f i TCPConnection.obj
 0001:00011480       ??1?$MyQueue@VEQNetworkConnection@@@@QAE@XZ 00412480 f i EQNetwork.obj
 0001:000114b0       ??0TCPConnection@@QAE@_NPAVTCPServer@@W4eTCPMode@@@Z 004124b0 f   TCPConnection.obj
 0001:00011640       ??0TCPConnection@@QAE@PAVTCPServer@@IIG_N@Z 00412640 f   TCPConnection.obj
 0001:000117e0       ?InModeQueuePush@TCPConnection@@AAEXPAUTCPNetPacket_Struct@1@@Z 004127e0 f   TCPConnection.obj
 0001:00011820       ?LineOutQueuePush@TCPConnection@@AAEXPAD@Z 00412820 f   TCPConnection.obj
 0001:00011940       ?ProcessReceivedDataAsOldPackets@TCPConnection@@AAE_NPAD@Z 00412940 f   TCPConnection.obj
 0001:00011b40       ?Reset@?$LinkedListIterator@PAVLWorld@@@@QAEXXZ 00412b40 f i LWorld.obj
 0001:00011b40       ?Reset@?$LinkedListIterator@PAVEQNetworkFragmentGroup@@@@QAEXXZ 00412b40 f i EQNetwork.obj
 0001:00011b40       ?Reset@?$LinkedListIterator@PAVTCPConnection@@@@QAEXXZ 00412b40 f i TCPConnection.obj
 0001:00011b40       ?Reset@?$LinkedListIterator@PAUPeerInfo@LWorldList@@@@QAEXXZ 00412b40 f i LWorld.obj
 0001:00011b40       ?Reset@?$LinkedListIterator@PAVEQNetworkConnection@@@@QAEXXZ 00412b40 f i EQNetwork.obj
 0001:00011b40       ?Reset@?$LinkedListIterator@PAVClient@@@@QAEXXZ 00412b40 f i client.obj
 0001:00011b40       ?Reset@?$LinkedListIterator@PAVEQNetworkPacket@@@@QAEXXZ 00412b40 f i EQNetwork.obj
 0001:00011bc0       ?SendPacket@TCPConnection@@UAE_NPBVServerPacket@@I@Z 00412bc0 f   TCPConnection.obj
 0001:00011d00       ?SendPacket@TCPConnection@@UAE_NPBUTCPNetPacket_Struct@1@@Z 00412d00 f   TCPConnection.obj
 0001:00011e00       ??1TCPServer@@UAE@XZ       00412e00 f   TCPConnection.obj
 0001:00011f60       ?AddConnection@TCPServer@@IAEXPAVTCPConnection@@@Z 00412f60 f   TCPConnection.obj
 0001:00011fa0       ?GetConnection@TCPServer@@IAEPAVTCPConnection@@I@Z 00412fa0 f   TCPConnection.obj
 0001:00012020       ?CheckInQueue@TCPServer@@AAEXXZ 00413020 f   TCPConnection.obj
 0001:00012100       ??_GTCPServer@@UAEPAXI@Z   00413100 f i TCPConnection.obj
 0001:00012100       ??_ETCPServer@@UAEPAXI@Z   00413100 f i TCPConnection.obj
 0001:00012130       ?ListenNewConnections@TCPServer@@AAEXXZ 00413130 f   TCPConnection.obj
 0001:000122f0       ?Process@TCPServer@@IAEXXZ 004132f0 f   TCPConnection.obj
 0001:00012430       ??0TCPConnection@@QAE@PAVTCPServer@@PAV0@IIG@Z 00413430 f   TCPConnection.obj
 0001:00012610       ?Free@TCPConnection@@QAEXXZ 00413610 f   TCPConnection.obj
 0001:000126d0       ?Connect@TCPConnection@@QAE_NIGPAD@Z 004136d0 f   TCPConnection.obj
 0001:000129f0       ?ProcessNetworkLayerPacket@TCPConnection@@AAEXPAVServerPacket@@@Z 004139f0 f   TCPConnection.obj
 0001:00012c50       ?SendData@TCPConnection@@AAE_NPAD@Z 00413c50 f   TCPConnection.obj
 0001:00012ea0       ?TCPServerLoop@@YAXPAX@Z   00413ea0 f   TCPConnection.obj
 0001:00012fb0       ?Disconnect@TCPConnection@@UAEX_N@Z 00413fb0 f   TCPConnection.obj
 0001:00013070       ?ProcessReceivedDataAsPackets@TCPConnection@@AAE_NPAD@Z 00414070 f   TCPConnection.obj
 0001:00013320       ?TCPConnectionLoop@@YAXPAX@Z 00414320 f   TCPConnection.obj
 0001:000134d0       ??0TCPServer@@QAE@G_N@Z    004144d0 f   TCPConnection.obj
 0001:000135b0       ??1TCPConnection@@UAE@XZ   004145b0 f   TCPConnection.obj
 0001:00013790       ?AsyncConnect@TCPConnection@@QAEXIG@Z 00414790 f   TCPConnection.obj
 0001:000138c0       ?ProcessReceivedData@TCPConnection@@AAE_NPAD@Z 004148c0 f   TCPConnection.obj
 0001:00013bf0       ??_GTCPConnection@@UAEPAXI@Z 00414bf0 f i TCPConnection.obj
 0001:00013bf0       ??_ETCPConnection@@UAEPAXI@Z 00414bf0 f i TCPConnection.obj
 0001:00013c20       ?RecvData@TCPConnection@@AAE_NPAD@Z 00414c20 f   TCPConnection.obj
 0001:00013dc0       ?Process@TCPConnection@@MAE_NXZ 00414dc0 f   TCPConnection.obj
 0001:00013f70       ??0Timer@@QAE@I_N@Z        00414f70 f   timer.obj
 0001:00013fa0       ?gettimeofday@@YAHPAUtimeval@@ZZ 00414fa0 f   timer.obj
 0001:00013ff0       ?Check@Timer@@QAE_N_N@Z    00414ff0 f   timer.obj
 0001:00014050       ?Disable@Timer@@QAEXXZ     00415050 f   timer.obj
 0001:00014060       ?Start@Timer@@QAEXI_N@Z    00415060 f   timer.obj
 0001:00014090       ?Trigger@Timer@@QAEXXZ     00415090 f   timer.obj
 0001:000140b0       ?GetTickCount@Timer@@SAABIXZ 004150b0 f   timer.obj
 0001:000140c0       ?SetCurrentTime@Timer@@SAABIXZ 004150c0 f   timer.obj
 0001:00014122       _ntohs@4                   00415122 f   wsock32:WSOCK32.dll
 0001:00014128       _inet_ntoa@4               00415128 f   wsock32:WSOCK32.dll
 0001:0001412e       _htonl@4                   0041512e f   wsock32:WSOCK32.dll
 0001:00014134       _closesocket@4             00415134 f   wsock32:WSOCK32.dll
 0001:0001413a       _WSAStartup@8              0041513a f   wsock32:WSOCK32.dll
 0001:00014140       _WSACleanup@0              00415140 f   wsock32:WSOCK32.dll
 0001:00014146       _sendto@24                 00415146 f   wsock32:WSOCK32.dll
 0001:0001414c       _ntohl@4                   0041514c f   wsock32:WSOCK32.dll
 0001:00014152       _recv@16                   00415152 f   wsock32:WSOCK32.dll
 0001:00014158       _recvfrom@24               00415158 f   wsock32:WSOCK32.dll
 0001:0001415e       _ioctlsocket@12            0041515e f   wsock32:WSOCK32.dll
 0001:00014164       _connect@12                00415164 f   wsock32:WSOCK32.dll
 0001:0001416a       _socket@12                 0041516a f   wsock32:WSOCK32.dll
 0001:00014170       _htons@4                   00415170 f   wsock32:WSOCK32.dll
 0001:00014176       _bind@12                   00415176 f   wsock32:WSOCK32.dll
 0001:0001417c       _setsockopt@20             0041517c f   wsock32:WSOCK32.dll
 0001:00014182       _WSAGetLastError@0         00415182 f   wsock32:WSOCK32.dll
 0001:00014188       _gethostbyname@4           00415188 f   wsock32:WSOCK32.dll
 0001:0001418e       _listen@8                  0041518e f   wsock32:WSOCK32.dll
 0001:00014194       _accept@12                 00415194 f   wsock32:WSOCK32.dll
 0001:0001419a       _send@16                   0041519a f   wsock32:WSOCK32.dll
 0001:000141a0       _shutdown@8                004151a0 f   wsock32:WSOCK32.dll
 0001:000141a6       _mysql_free_result@4       004151a6 f   libmysql:LIBMYSQL.dll
 0001:000141ac       _mysql_fetch_row@4         004151ac f   libmysql:LIBMYSQL.dll
 0001:000141b2       _mysql_num_rows@4          004151b2 f   libmysql:LIBMYSQL.dll
 0001:000141b8       _mysql_init@4              004151b8 f   libmysql:LIBMYSQL.dll
 0001:000141be       _mysql_close@4             004151be f   libmysql:LIBMYSQL.dll
 0001:000141c4       _mysql_ping@4              004151c4 f   libmysql:LIBMYSQL.dll
 0001:000141ca       _mysql_real_escape_string@16 004151ca f   libmysql:LIBMYSQL.dll
 0001:000141d0       _mysql_error@4             004151d0 f   libmysql:LIBMYSQL.dll
 0001:000141d6       _mysql_errno@4             004151d6 f   libmysql:LIBMYSQL.dll
 0001:000141dc       _mysql_real_connect@32     004151dc f   libmysql:LIBMYSQL.dll
 0001:000141e2       _mysql_insert_id@4         004151e2 f   libmysql:LIBMYSQL.dll
 0001:000141e8       _mysql_affected_rows@4     004151e8 f   libmysql:LIBMYSQL.dll
 0001:000141ee       _mysql_store_result@4      004151ee f   libmysql:LIBMYSQL.dll
 0001:000141f4       _mysql_field_count@4       004151f4 f   libmysql:LIBMYSQL.dll
 0001:000141fa       _mysql_real_query@12       004151fa f   libmysql:LIBMYSQL.dll
 0001:00014e40       _inflateReset              00415e40 f   zlib:inflate.obj
 0001:00014ea0       _inflateInit2_             00415ea0 f   zlib:inflate.obj
 0001:00015080       _inflate                   00416080 f   zlib:inflate.obj
 0001:00016670       _inflateEnd                00417670 f   zlib:inflate.obj
 0001:000166c0       _adler32                   004176c0 f   zlib:adler32.obj
 0001:00017e60       __tr_stored_block          00418e60 f   zlib:trees.obj
 0001:00017f00       __tr_flush_block           00418f00 f   zlib:trees.obj
 0001:000183b0       _crc32                     004193b0 f   zlib:crc32.obj
 0001:000183d0       _zcalloc                   004193d0 f   zlib:zutil.obj
 0001:000183f0       _zcfree                    004193f0 f   zlib:zutil.obj
 0001:00018400       _inflate_fast              00419400 f   zlib:inffast.obj
 0001:000188c0       _inflate_table             004198c0 f   zlib:inftrees.obj
 0001:00018dae       _DES_key_sched             00419dae f   libeay32:LIBEAY32.dll
 0001:00018db4       _DES_ncbc_encrypt          00419db4 f   libeay32:LIBEAY32.dll
 0001:00018dba       __Getcvt                   00419dba f   libcpmt:xwctomb.obj
 0001:00018dd0       ??0_Init_locks@std@@QAE@XZ 00419dd0 f   libcpmt:xlock.obj
 0001:00018e01       ??1_Init_locks@std@@QAE@XZ 00419e01 f   libcpmt:xlock.obj
 0001:00018e2a       ??0_Lockit@std@@QAE@H@Z    00419e2a f   libcpmt:xlock.obj
 0001:00018e52       ??1_Lockit@std@@QAE@XZ     00419e52 f   libcpmt:xlock.obj
 0001:00018e69       ??1_Fac_node@std@@QAE@XZ   00419e69 f i libcpmt:locale0.obj
 0001:00018e7e       ?_Facet_Register@facet@locale@std@@CAXPAV123@@Z 00419e7e f   libcpmt:locale0.obj
 0001:00018ea8       __Deletegloballocale       00419ea8 f   libcpmt:locale0.obj
 0001:00018ef5       ?_Getgloballocale@locale@std@@CAPAV_Locimp@12@XZ 00419ef5 f   libcpmt:locale0.obj
 0001:00018efb       ?_Setgloballocale@locale@std@@CAXPAX@Z 00419efb f   libcpmt:locale0.obj
 0001:00018f25       ?_Locimp_dtor@_Locimp@locale@std@@CAXPAV123@@Z 00419f25 f   libcpmt:locale0.obj
 0001:00018f85       ??1_Fac_tidy_reg_t@std@@QAE@XZ 00419f85 f i libcpmt:locale0.obj
 0001:00018fd3       ?_Locinfo_dtor@_Locinfo@std@@SAXPAV12@@Z 00419fd3 f   libcpmt:locale0.obj
 0001:00018fee       ??4?$_Yarn@D@std@@QAEAAV01@PBD@Z 00419fee f i libcpmt:locale0.obj
 0001:00019046       ?_Locinfo_ctor@_Locinfo@std@@SAXPAV12@PBD@Z 0041a046 f   libcpmt:locale0.obj
 0001:00019093       ??0_Locimp@locale@std@@AAE@_N@Z 0041a093 f i libcpmt:locale0.obj
 0001:000190d2       ??1_Locimp@locale@std@@MAE@XZ 0041a0d2 f i libcpmt:locale0.obj
 0001:00019115       ??_E_Locimp@locale@std@@MAEPAXI@Z 0041a115 f i libcpmt:locale0.obj
 0001:00019115       ??_G_Locimp@locale@std@@MAEPAXI@Z 0041a115 f i libcpmt:locale0.obj
 0001:00019136       ?_Init@locale@std@@CAPAV_Locimp@12@XZ 0041a136 f   libcpmt:locale0.obj
 0001:000191c5       ??8error_condition@std@@QBE_NABV01@@Z 0041a1c5 f i libcpmt:syserror.obj
 0001:000191e6       ?default_error_condition@error_category@std@@UBE?AVerror_condition@2@H@Z 0041a1e6 f i libcpmt:syserror.obj
 0001:000191e6       ?default_error_condition@_System_error_category@std@@UBE?AVerror_condition@2@H@Z 0041a1e6 f i libcpmt:syserror.obj
 0001:000191fa       ?equivalent@error_category@std@@UBE_NHABVerror_condition@2@@Z 0041a1fa f i libcpmt:syserror.obj
 0001:0001921b       ?equivalent@error_category@std@@UBE_NABVerror_code@2@H@Z 0041a21b f i libcpmt:syserror.obj
 0001:0001923a       ?name@_Iostream_error_category@std@@UBEPBDXZ 0041a23a f i libcpmt:syserror.obj
 0001:0001923a       ?name@_Generic_error_category@std@@UBEPBDXZ 0041a23a f i libcpmt:syserror.obj
 0001:0001923e       ?name@_System_error_category@std@@UBEPBDXZ 0041a23e f i libcpmt:syserror.obj
 0001:00019242       ?iostream_category@std@@YAABVerror_category@1@XZ 0041a242 f   libcpmt:syserror.obj
 0001:00019248       ??_G_System_error_category@std@@UAEPAXI@Z 0041a248 f i libcpmt:syserror.obj
 0001:00019248       ??_Eerror_category@std@@UAEPAXI@Z 0041a248 f i libcpmt:syserror.obj
 0001:00019248       ??_E_Iostream_error_category@std@@UAEPAXI@Z 0041a248 f i libcpmt:syserror.obj
 0001:00019248       ??_Gerror_category@std@@UAEPAXI@Z 0041a248 f i libcpmt:syserror.obj
 0001:00019248       ??_G_Generic_error_category@std@@UAEPAXI@Z 0041a248 f i libcpmt:syserror.obj
 0001:00019248       ??_G_Iostream_error_category@std@@UAEPAXI@Z 0041a248 f i libcpmt:syserror.obj
 0001:00019248       ??_E_Generic_error_category@std@@UAEPAXI@Z 0041a248 f i libcpmt:syserror.obj
 0001:00019248       ??_E_System_error_category@std@@UAEPAXI@Z 0041a248 f i libcpmt:syserror.obj
 0001:0001926a       ?message@_Generic_error_category@std@@UBE?AV?$basic_string@DU?$char_traits@D@std@@V?$allocator@D@2@@2@H@Z 0041a26a f i libcpmt:syserror.obj
 0001:0001928d       ?message@_Iostream_error_category@std@@UBE?AV?$basic_string@DU?$char_traits@D@std@@V?$allocator@D@2@@2@H@Z 0041a28d f i libcpmt:syserror.obj
 0001:000192bd       ??_U@YAPAXI@Z              0041a2bd f   libcpmt:newaop.obj
 0001:000192c8       ??1out_of_range@std@@UAE@XZ 0041a2c8 f i libcpmt:xthrow.obj
 0001:000192c8       ??1length_error@std@@UAE@XZ 0041a2c8 f i libcpmt:xthrow.obj
 0001:000192cd       ??0logic_error@std@@QAE@ABV01@@Z 0041a2cd f i libcpmt:xthrow.obj
 0001:000192ea       ?_Xlength_error@std@@YAXPBD@Z 0041a2ea f   libcpmt:xthrow.obj
 0001:0001931a       ??0length_error@std@@QAE@ABV01@@Z 0041a31a f i libcpmt:xthrow.obj
 0001:00019337       ?_Xout_of_range@std@@YAXPBD@Z 0041a337 f   libcpmt:xthrow.obj
 0001:00019367       ??0out_of_range@std@@QAE@ABV01@@Z 0041a367 f i libcpmt:xthrow.obj
 0001:00019384       ??_Glogic_error@std@@UAEPAXI@Z 0041a384 f i libcpmt:xthrow.obj
 0001:00019384       ??_Gout_of_range@std@@UAEPAXI@Z 0041a384 f i libcpmt:xthrow.obj
 0001:00019384       ??_Glength_error@std@@UAEPAXI@Z 0041a384 f i libcpmt:xthrow.obj
 0001:00019384       ??_Eout_of_range@std@@UAEPAXI@Z 0041a384 f i libcpmt:xthrow.obj
 0001:00019384       ??_Elength_error@std@@UAEPAXI@Z 0041a384 f i libcpmt:xthrow.obj
 0001:00019384       ??_Elogic_error@std@@UAEPAXI@Z 0041a384 f i libcpmt:xthrow.obj
 0001:000193a5       ?uncaught_exception@std@@YA_NXZ 0041a3a5 f   libcpmt:uncaught.obj
 0001:000193c0       ?setw@std@@YA?AU?$_Smanip@_J@1@_J@Z 0041a3c0 f   libcpmt:iomanip.obj
 0001:000193dc       ??0locale@std@@QAE@XZ      0041a3dc f i libcpmt:cout.obj
 0001:000193f8       ??1?$basic_ios@DU?$char_traits@D@std@@@std@@UAE@XZ 0041a3f8 f i libcpmt:cout.obj
 0001:00019408       ??_Gios_base@std@@UAEPAXI@Z 0041a408 f i libcpmt:cout.obj
 0001:00019408       ??_Eios_base@std@@UAEPAXI@Z 0041a408 f i libcpmt:cout.obj
 0001:00019408       ??_G?$basic_ios@DU?$char_traits@D@std@@@std@@UAEPAXI@Z 0041a408 f i libcpmt:cout.obj
 0001:00019408       ??_E?$basic_ios@DU?$char_traits@D@std@@@std@@UAEPAXI@Z 0041a408 f i libcpmt:cout.obj
 0001:00019431       ??0?$ctype@D@std@@QAE@ABV_Locinfo@1@I@Z 0041a431 f i libcpmt:cout.obj
 0001:00019466       ?_Tidy@?$ctype@D@std@@IAEXXZ 0041a466 f i libcpmt:cout.obj
 0001:00019483       ?do_tolower@?$ctype@D@std@@MBEDD@Z 0041a483 f i libcpmt:cout.obj
 0001:0001949c       ?do_tolower@?$ctype@D@std@@MBEPBDPADPBD@Z 0041a49c f i libcpmt:cout.obj
 0001:000194ca       ?do_toupper@?$ctype@D@std@@MBEDD@Z 0041a4ca f i libcpmt:cout.obj
 0001:000194e3       ?do_toupper@?$ctype@D@std@@MBEPBDPADPBD@Z 0041a4e3 f i libcpmt:cout.obj
 0001:00019511       ?do_widen@?$ctype@D@std@@MBEDD@Z 0041a511 f i libcpmt:cout.obj
 0001:0001951d       ?do_widen@?$ctype@D@std@@MBEPBDPBD0PAD@Z 0041a51d f i libcpmt:cout.obj
 0001:0001953e       ?do_narrow@?$ctype@D@std@@MBEDDD@Z 0041a53e f i libcpmt:cout.obj
 0001:0001954a       ?do_narrow@?$ctype@D@std@@MBEPBDPBD0DPAD@Z 0041a54a f i libcpmt:cout.obj
 0001:0001956b       ??_G?$ctype@D@std@@MAEPAXI@Z 0041a56b f i libcpmt:cout.obj
 0001:0001956b       ??_E?$ctype@D@std@@MAEPAXI@Z 0041a56b f i libcpmt:cout.obj
 0001:00019598       ?_Init@ios_base@std@@IAEXXZ 0041a598 f i libcpmt:cout.obj
 0001:000195ea       ??_D?$basic_ostream@DU?$char_traits@D@std@@@std@@QAEXXZ 0041a5ea f i libcpmt:cout.obj
 0001:00019609       ??0_Init_cout@std@@QAE@XZ  0041a609 f i libcpmt:cout.obj
 0001:0001965e       ??1?$basic_streambuf@DU?$char_traits@D@std@@@std@@UAE@XZ 0041a65e f i libcpmt:cout.obj
 0001:00019689       ?_Lock@?$basic_streambuf@DU?$char_traits@D@std@@@std@@UAEXXZ 0041a689 f i libcpmt:cout.obj
 0001:00019691       ?_Unlock@?$basic_streambuf@DU?$char_traits@D@std@@@std@@UAEXXZ 0041a691 f i libcpmt:cout.obj
 0001:00019699       ?overflow@?$basic_streambuf@DU?$char_traits@D@std@@@std@@MAEHH@Z 0041a699 f i libcpmt:cout.obj
 0001:00019699       ?pbackfail@?$basic_streambuf@DU?$char_traits@D@std@@@std@@MAEHH@Z 0041a699 f i libcpmt:cout.obj
 0001:0001969f       ?showmanyc@?$basic_streambuf@DU?$char_traits@D@std@@@std@@MAE_JXZ 0041a69f f i libcpmt:cout.obj
 0001:000196a4       ?underflow@?$basic_streambuf@DU?$char_traits@D@std@@@std@@MAEHXZ 0041a6a4 f i libcpmt:cout.obj
 0001:000196a8       ?setbuf@?$basic_streambuf@DU?$char_traits@D@std@@@std@@MAEPAV12@PAD_J@Z 0041a6a8 f i libcpmt:cout.obj
 0001:000196ad       ?imbue@?$basic_streambuf@DU?$char_traits@D@std@@@std@@MAEXABVlocale@2@@Z 0041a6ad f i libcpmt:cout.obj
 0001:000196b0       ?uflow@?$basic_streambuf@DU?$char_traits@D@std@@@std@@MAEHXZ 0041a6b0 f i libcpmt:cout.obj
 0001:000196d7       ?xsgetn@?$basic_streambuf@DU?$char_traits@D@std@@@std@@MAE_JPAD_J@Z 0041a6d7 f i libcpmt:cout.obj
 0001:000197a0       ?xsputn@?$basic_streambuf@DU?$char_traits@D@std@@@std@@MAE_JPBD_J@Z 0041a7a0 f i libcpmt:cout.obj
 0001:0001986b       ?seekoff@?$basic_streambuf@DU?$char_traits@D@std@@@std@@MAE?AV?$fpos@H@2@_JHH@Z 0041a86b f i libcpmt:cout.obj
 0001:00019893       ?seekpos@?$basic_streambuf@DU?$char_traits@D@std@@@std@@MAE?AV?$fpos@H@2@V32@H@Z 0041a893 f i libcpmt:cout.obj
 0001:000198bb       ??_G?$basic_ostream@DU?$char_traits@D@std@@@std@@UAEPAXI@Z 0041a8bb f i libcpmt:cout.obj
 0001:000198bb       ??_E?$basic_ostream@DU?$char_traits@D@std@@@std@@UAEPAXI@Z 0041a8bb f i libcpmt:cout.obj
 0001:000198df       ??_E?$basic_streambuf@DU?$char_traits@D@std@@@std@@UAEPAXI@Z 0041a8df f i libcpmt:cout.obj
 0001:000198df       ??_G?$basic_streambuf@DU?$char_traits@D@std@@@std@@UAEPAXI@Z 0041a8df f i libcpmt:cout.obj
 0001:00019900       ?_Reset_back@?$basic_filebuf@DU?$char_traits@D@std@@@std@@AAEXXZ 0041a900 f i libcpmt:cout.obj
 0001:00019921       ?_Init@?$basic_streambuf@DU?$char_traits@D@std@@@std@@IAEXXZ 0041a921 f i libcpmt:cout.obj
 0001:00019963       ?_Getcat@?$ctype@D@std@@SAIPAPBVfacet@locale@2@PBV42@@Z 0041a963 f i libcpmt:cout.obj
 0001:000199dd       ??0?$basic_streambuf@DU?$char_traits@D@std@@@std@@IAE@XZ 0041a9dd f i libcpmt:cout.obj
 0001:00019a29       ?_Init@?$basic_filebuf@DU?$char_traits@D@std@@@std@@IAEXPAU_iobuf@@W4_Initfl@12@@Z 0041aa29 f i libcpmt:cout.obj
 0001:00019a77       ??$use_facet@V?$ctype@D@std@@@std@@YAABV?$ctype@D@0@ABVlocale@0@@Z 0041aa77 f i libcpmt:cout.obj
 0001:00019b14       ?do_always_noconv@codecvt_base@std@@MBE_NXZ 0041ab14 f i libcpmt:cout.obj
 0001:00019b17       ?do_max_length@codecvt_base@std@@MBEHXZ 0041ab17 f i libcpmt:cout.obj
 0001:00019b17       ?do_encoding@codecvt_base@std@@MBEHXZ 0041ab17 f i libcpmt:cout.obj
 0001:00019b1b       ??$_Fgetc@D@std@@YA_NAADPAU_iobuf@@@Z 0041ab1b f i libcpmt:cout.obj
 0001:00019b3b       ??$_Fputc@D@std@@YA_NDPAU_iobuf@@@Z 0041ab3b f i libcpmt:cout.obj
 0001:00019b59       ??$_Ungetc@D@std@@YA_NABDPAU_iobuf@@@Z 0041ab59 f i libcpmt:cout.obj
 0001:00019b79       ?_Lock@?$basic_filebuf@DU?$char_traits@D@std@@@std@@UAEXXZ 0041ab79 f i libcpmt:cout.obj
 0001:00019b88       ?_Unlock@?$basic_filebuf@DU?$char_traits@D@std@@@std@@UAEXXZ 0041ab88 f i libcpmt:cout.obj
 0001:00019b97       ?sync@?$basic_filebuf@DU?$char_traits@D@std@@@std@@MAEHXZ 0041ab97 f i libcpmt:cout.obj
 0001:00019bc4       ?underflow@?$basic_filebuf@DU?$char_traits@D@std@@@std@@MAEHXZ 0041abc4 f i libcpmt:cout.obj
 0001:00019c02       ?_Set_back@?$basic_filebuf@DU?$char_traits@D@std@@@std@@AAEXXZ 0041ac02 f i libcpmt:cout.obj
 0001:00019c36       ?do_out@?$codecvt@DDH@std@@MBEHAAHPBD1AAPBDPAD3AAPAD@Z 0041ac36 f i libcpmt:cout.obj
 0001:00019c36       ?do_in@?$codecvt@DDH@std@@MBEHAAHPBD1AAPBDPAD3AAPAD@Z 0041ac36 f i libcpmt:cout.obj
 0001:00019c52       ?do_unshift@?$codecvt@DDH@std@@MBEHAAHPAD1AAPAD@Z 0041ac52 f i libcpmt:cout.obj
 0001:00019c66       ?do_length@?$codecvt@DDH@std@@MBEHABHPBD1I@Z 0041ac66 f i libcpmt:cout.obj
 0001:00019c7d       ??_G?$codecvt@DDH@std@@MAEPAXI@Z 0041ac7d f i libcpmt:cout.obj
 0001:00019c7d       ??_E?$codecvt@DDH@std@@MAEPAXI@Z 0041ac7d f i libcpmt:cout.obj
 0001:00019c9f       ?pbackfail@?$basic_filebuf@DU?$char_traits@D@std@@@std@@MAEHH@Z 0041ac9f f i libcpmt:cout.obj
 0001:00019d24       ?_Initcvt@?$basic_filebuf@DU?$char_traits@D@std@@@std@@IAEXPBV?$codecvt@DDH@2@@Z 0041ad24 f i libcpmt:cout.obj
 0001:00019d51       ?_Getcat@?$codecvt@DDH@std@@SAIPAPBVfacet@locale@2@PBV42@@Z 0041ad51 f i libcpmt:cout.obj
 0001:00019dd0       ?setbuf@?$basic_filebuf@DU?$char_traits@D@std@@@std@@MAEPAV?$basic_streambuf@DU?$char_traits@D@std@@@2@PAD_J@Z 0041add0 f i libcpmt:cout.obj
 0001:00019e1c       ?widen@?$basic_ios@DU?$char_traits@D@std@@@std@@QBEDD@Z 0041ae1c f i libcpmt:cout.obj
 0001:00019e5c       ??$use_facet@V?$codecvt@DDH@std@@@std@@YAABV?$codecvt@DDH@0@ABVlocale@0@@Z 0041ae5c f i libcpmt:cout.obj
 0001:00019ef9       ?imbue@?$basic_filebuf@DU?$char_traits@D@std@@@std@@MAEXABVlocale@2@@Z 0041aef9 f i libcpmt:cout.obj
 0001:00019f17       ?init@?$basic_ios@DU?$char_traits@D@std@@@std@@IAEXPAV?$basic_streambuf@DU?$char_traits@D@std@@@2@_N@Z 0041af17 f i libcpmt:cout.obj
 0001:00019f62       ?assign@?$basic_string@DU?$char_traits@D@std@@V?$allocator@D@2@@std@@QAEAAV12@ID@Z 0041af62 f i libcpmt:cout.obj
 0001:00019fb1       ??0?$basic_ostream@DU?$char_traits@D@std@@@std@@QAE@PAV?$basic_streambuf@DU?$char_traits@D@std@@@1@_N@Z 0041afb1 f i libcpmt:cout.obj
 0001:0001a00b       ?uflow@?$basic_filebuf@DU?$char_traits@D@std@@@std@@MAEHXZ 0041b00b f i libcpmt:cout.obj
 0001:0001a17c       ?_Endwrite@?$basic_filebuf@DU?$char_traits@D@std@@@std@@IAE_NXZ 0041b17c f i libcpmt:cout.obj
 0001:0001a274       ?overflow@?$basic_filebuf@DU?$char_traits@D@std@@@std@@MAEHH@Z 0041b274 f i libcpmt:cout.obj
 0001:0001a3cf       ?seekoff@?$basic_filebuf@DU?$char_traits@D@std@@@std@@MAE?AV?$fpos@H@2@_JHH@Z 0041b3cf f i libcpmt:cout.obj
 0001:0001a487       ?seekpos@?$basic_filebuf@DU?$char_traits@D@std@@@std@@MAE?AV?$fpos@H@2@V32@H@Z 0041b487 f i libcpmt:cout.obj
 0001:0001a53f       ?close@?$basic_filebuf@DU?$char_traits@D@std@@@std@@QAEPAV12@XZ 0041b53f f i libcpmt:cout.obj
 0001:0001a58a       ??1?$basic_filebuf@DU?$char_traits@D@std@@@std@@UAE@XZ 0041b58a f i libcpmt:cout.obj
 0001:0001a5ce       ??_G?$basic_filebuf@DU?$char_traits@D@std@@@std@@UAEPAXI@Z 0041b5ce f i libcpmt:cout.obj
 0001:0001a5ce       ??_E?$basic_filebuf@DU?$char_traits@D@std@@@std@@UAEPAXI@Z 0041b5ce f i libcpmt:cout.obj
 0001:0001a5ef       ??0_Init_cerr@std@@QAE@XZ  0041b5ef f i libcpmt:cerr.obj
 0001:0001a675       __Mtxinit                  0041b675 f   libcpmt:xmtx.obj
 0001:0001a685       __Mtxdst                   0041b685 f   libcpmt:xmtx.obj
 0001:0001a695       __Mtxlock                  0041b695 f   libcpmt:xmtx.obj
 0001:0001a6a5       __Mtxunlock                0041b6a5 f   libcpmt:xmtx.obj
 0001:0001a6b5       ?_Atexit@@YAXP6AXXZ@Z      0041b6b5 f   libcpmt:iosptrs.obj
 0001:0001a6e7       ??1_Init_atexit@@QAE@XZ    0041b6e7 f i libcpmt:iosptrs.obj
 0001:0001a712       __Tolower                  0041b712 f   libcpmt:_tolower.obj
 0001:0001a81f       __Getctype                 0041b81f f   libcpmt:_tolower.obj
 0001:0001a87f       ?_Callfns@ios_base@std@@AAEXW4event@12@@Z 0041b87f f i libcpmt:ios.obj
 0001:0001a8a6       ?_Tidy@ios_base@std@@AAEXXZ 0041b8a6 f i libcpmt:ios.obj
 0001:0001a8ea       ?_Addstd@ios_base@std@@SAXPAV12@@Z 0041b8ea f   libcpmt:ios.obj
 0001:0001a93f       ?_Ios_base_dtor@ios_base@std@@CAXPAV12@@Z 0041b93f f   libcpmt:ios.obj
 0001:0001a97d       __Toupper                  0041b97d f   libcpmt:_toupper.obj
 0001:0001aa8f       ??0_Mutex@std@@QAE@XZ      0041ba8f f   libcpmt:xmutex.obj
 0001:0001aaa9       ??1_Mutex@std@@QAE@XZ      0041baa9 f   libcpmt:xmutex.obj
 0001:0001aac0       ?_Lock@_Mutex@std@@QAEXXZ  0041bac0 f   libcpmt:xmutex.obj
 0001:0001aac9       ?_Unlock@_Mutex@std@@QAEXXZ 0041bac9 f   libcpmt:xmutex.obj
 0001:0001aad2       ??0exception@std@@QAE@ABQBDH@Z 0041bad2 f   LIBCMT:stdexcpt.obj
 0001:0001aaef       ?what@exception@std@@UBEPBDXZ 0041baef f   LIBCMT:stdexcpt.obj
 0001:0001aafc       ?_Copy_str@exception@std@@AAEXPBD@Z 0041bafc f   LIBCMT:stdexcpt.obj
 0001:0001ab3c       ?_Tidy@exception@std@@AAEXXZ 0041bb3c f   LIBCMT:stdexcpt.obj
 0001:0001ab5a       ??0exception@std@@QAE@ABQBD@Z 0041bb5a f   LIBCMT:stdexcpt.obj
 0001:0001ab81       ??4exception@std@@QAEAAV01@ABV01@@Z 0041bb81 f   LIBCMT:stdexcpt.obj
 0001:0001abb6       ??0bad_cast@std@@QAE@PBD@Z 0041bbb6 f   LIBCMT:stdexcpt.obj
 0001:0001abd4       ??1bad_cast@std@@UAE@XZ    0041bbd4 f   LIBCMT:stdexcpt.obj
 0001:0001abd4       ??1exception@std@@UAE@XZ   0041bbd4 f   LIBCMT:stdexcpt.obj
 0001:0001abdf       ??0exception@std@@QAE@ABV01@@Z 0041bbdf f   LIBCMT:stdexcpt.obj
 0001:0001ac04       ??_Gexception@std@@UAEPAXI@Z 0041bc04 f i LIBCMT:stdexcpt.obj
 0001:0001ac04       ??_Ebad_cast@std@@UAEPAXI@Z 0041bc04 f i LIBCMT:stdexcpt.obj
 0001:0001ac04       ??_Gbad_cast@std@@UAEPAXI@Z 0041bc04 f i LIBCMT:stdexcpt.obj
 0001:0001ac04       ??_Eexception@std@@UAEPAXI@Z 0041bc04 f i LIBCMT:stdexcpt.obj
 0001:0001ac2b       ??0bad_cast@std@@QAE@ABV01@@Z 0041bc2b f   LIBCMT:stdexcpt.obj
 0001:0001ac48       ??1type_info@@UAE@XZ       0041bc48 f   LIBCMT:typinfo.obj
 0001:0001ac58       ??_Gtype_info@@UAEPAXI@Z   0041bc58 f i LIBCMT:typinfo.obj
 0001:0001ac58       ??_Etype_info@@UAEPAXI@Z   0041bc58 f i LIBCMT:typinfo.obj
 0001:0001ac79       ??8type_info@@QBE_NABV0@@Z 0041bc79 f   LIBCMT:typinfo.obj
 0001:0001ac99       ??3@YAXPAX@Z               0041bc99 f   LIBCMT:delete.obj
 0001:0001acb0       _memset                    0041bcb0 f   LIBCMT:memset.obj
 0001:0001ad2a       ??_V@YAXPAX@Z              0041bd2a f   LIBCMT:delete2.obj
 0001:0001ad35       ??2@YAPAXI@Z               0041bd35 f   LIBCMT:new.obj
 0001:0001adb5       ?_JumpToContinuation@@YGXPAXPAUEHRegistrationNode@@@Z 0041bdb5 f   LIBCMT:_trnsctrl_.obj
 0001:0001ade7       ?_CallMemberFunction0@@YGXPAX0@Z 0041bde7 f   LIBCMT:_trnsctrl_.obj
 0001:0001ade7       ?_CallMemberFunction2@@YGXPAX00H@Z 0041bde7 f   LIBCMT:_trnsctrl_.obj
 0001:0001ade7       ?_CallMemberFunction1@@YGXPAX00@Z 0041bde7 f   LIBCMT:_trnsctrl_.obj
 0001:0001adee       ?_UnwindNestedFrames@@YGXPAUEHRegistrationNode@@PAUEHExceptionRecord@@@Z 0041bdee f   LIBCMT:_trnsctrl_.obj
 0001:0001ae42       ___CxxFrameHandler3        0041be42 f   LIBCMT:_trnsctrl_.obj
 0001:0001aeab       ?_CallSETranslator@@YAHPAUEHExceptionRecord@@PAUEHRegistrationNode@@PAX2PBU_s_FuncInfo@@H1@Z 0041beab f   LIBCMT:_trnsctrl_.obj
 0001:0001b021       ?_GetRangeOfTrysToCheck@@YAPBU_s_TryBlockMapEntry@@PBU_s_FuncInfo@@HHPAI1@Z 0041c021 f   LIBCMT:_trnsctrl_.obj
 0001:0001b094       __CreateFrameInfo          0041c094 f   LIBCMT:_trnsctrl_.obj
 0001:0001b0c0       __IsExceptionObjectToBeDestroyed 0041c0c0 f   LIBCMT:_trnsctrl_.obj
 0001:0001b0e7       __FindAndUnlinkFrame       0041c0e7 f   LIBCMT:_trnsctrl_.obj
 0001:0001b139       ?_CallCatchBlock2@@YAPAXPAUEHRegistrationNode@@PBU_s_FuncInfo@@PAXHK@Z 0041c139 f   LIBCMT:_trnsctrl_.obj
 0001:0001b199       @__security_check_cookie@4 0041c199 f   LIBCMT:secchk.obj
 0001:0001b1a8       _free                      0041c1a8 f   LIBCMT:free.obj
 0001:0001b1e2       __CxxThrowException@8      0041c1e2 f   LIBCMT:throw.obj
 0001:0001b230       _memcpy                    0041c230 f   LIBCMT:memcpy.obj
 0001:0001b5a0       _memmove                   0041c5a0 f   LIBCMT:memmove.obj
 0001:0001b901       _localeconv                0041c901 f   LIBCMT:lconv.obj
 0001:0001b930       _memchr                    0041c930 f   LIBCMT:memchr.obj
 0001:0001b9e0       _strcspn                   0041c9e0 f   LIBCMT:strcspn.obj
 0001:0001ba26       _memmove_s                 0041ca26 f   LIBCMT:memmove_s.obj
 0001:0001ba80       _strncpy                   0041ca80 f   LIBCMT:strncpy.obj
 0001:0001bba4       _sprintf                   0041cba4 f   LIBCMT:sprintf.obj
 0001:0001bc28       _sprintf_s                 0041cc28 f   LIBCMT:sprintf.obj
 0001:0001bc46       __cfltcvt_init             0041cc46 f   LIBCMT:_fpinit_.obj
 0001:0001bca6       __fpmath                   0041cca6 f   LIBCMT:_fpinit_.obj
 0001:0001bcbf       _srand                     0041ccbf f   LIBCMT:rand.obj
 0001:0001bcd1       _rand                      0041ccd1 f   LIBCMT:rand.obj
 0001:0001bcf2       __snprintf                 0041ccf2 f   LIBCMT:snprintf.obj
 0001:0001bd9e       _printf                    0041cd9e f   LIBCMT:printf.obj
 0001:0001be45       __get_printf_count_output  0041ce45 f   LIBCMT:printf.obj
 0001:0001be5b       _atol                      0041ce5b f   LIBCMT:atox.obj
 0001:0001be71       _atoi                      0041ce71 f   LIBCMT:atox.obj
 0001:0001be7c       ??0_LocaleUpdate@@QAE@PAUlocaleinfo_struct@@@Z 0041ce7c f i LIBCMT:stricmp.obj
 0001:0001bf03       ___ascii_stricmp           0041cf03 f   LIBCMT:stricmp.obj
 0001:0001bf3c       __stricmp_l                0041cf3c f   LIBCMT:stricmp.obj
 0001:0001bffc       __stricmp                  0041cffc f   LIBCMT:stricmp.obj
 0001:0001c050       _strstr                    0041d050 f   LIBCMT:strstr.obj
 0001:0001c0d6       __time64                   0041d0d6 f   LIBCMT:time64.obj
 0001:0001c127       __fclose_nolock            0041d127 f   LIBCMT:fclose.obj
 0001:0001c194       _fclose                    0041d194 f   LIBCMT:fclose.obj
 0001:0001c208       _vfscanf                   0041d208 f   LIBCMT:fscanf.obj
 0001:0001c302       _fscanf                    0041d302 f   LIBCMT:fscanf.obj
 0001:0001c322       __strnicmp_l               0041d322 f   LIBCMT:strnicmp.obj
 0001:0001c404       __strnicmp                 0041d404 f   LIBCMT:strnicmp.obj
 0001:0001c457       _feof                      0041d457 f   LIBCMT:feoferr.obj
 0001:0001c47f       _fgets                     0041d47f f   LIBCMT:fgets.obj
 0001:0001c5b7       __fsopen                   0041d5b7 f   LIBCMT:fopen.obj
 0001:0001c673       _fopen                     0041d673 f   LIBCMT:fopen.obj
 0001:0001c68a       __initp_misc_winsig        0041d68a f   LIBCMT:winsig.obj
 0001:0001c77b       ___get_sigabrt             0041d77b f   LIBCMT:winsig.obj
 0001:0001c788       _signal                    0041d788 f   LIBCMT:winsig.obj
 0001:0001c9c8       _raise                     0041d9c8 f   LIBCMT:winsig.obj
 0001:0001cc21       ___onexitinit              0041dc21 f   LIBCMT:onexit.obj
 0001:0001cc52       __onexit                   0041dc52 f   LIBCMT:onexit.obj
 0001:0001cc8e       _atexit                    0041dc8e f   LIBCMT:onexit.obj
 0001:0001cca5       ___crtCorExitProcess       0041dca5 f   LIBCMT:crt0dat.obj
 0001:0001ccd0       ___crtExitProcess          0041dcd0 f   LIBCMT:crt0dat.obj
 0001:0001cce8       __lockexit                 0041dce8 f   LIBCMT:crt0dat.obj
 0001:0001ccf1       __unlockexit               0041dcf1 f   LIBCMT:crt0dat.obj
 0001:0001ccfa       __init_pointers            0041dcfa f   LIBCMT:crt0dat.obj
 0001:0001cd2d       __initterm_e               0041dd2d f   LIBCMT:crt0dat.obj
 0001:0001cd51       __cinit                    0041dd51 f   LIBCMT:crt0dat.obj
 0001:0001cf28       _exit                      0041df28 f   LIBCMT:crt0dat.obj
 0001:0001cf3e       __exit                     0041df3e f   LIBCMT:crt0dat.obj
 0001:0001cf54       __cexit                    0041df54 f   LIBCMT:crt0dat.obj
 0001:0001cf63       __c_exit                   0041df63 f   LIBCMT:crt0dat.obj
 0001:0001cf72       __amsg_exit                0041df72 f   LIBCMT:crt0dat.obj
 0001:0001cf90       __chkstk                   0041df90 f   LIBCMT:chkstk.obj
 0001:0001cf90       __alloca_probe             0041df90     LIBCMT:chkstk.obj
 0001:0001cfbb       __tolower_l                0041dfbb f   LIBCMT:tolower.obj
 0001:0001d0d0       _tolower                   0041e0d0 f   LIBCMT:tolower.obj
 0001:0001d100       __ftol2_sse                0041e100 f   LIBCMT:ftol2.obj
 0001:0001d109       __ftol2_pentium4           0041e109 f   LIBCMT:ftol2.obj
 0001:0001d11c       __ftol2_sse_excpt          0041e11c f   LIBCMT:ftol2.obj
 0001:0001d136       __ftol2                    0041e136 f   LIBCMT:ftol2.obj
 0001:0001d1ab       __endthread                0041e1ab f   LIBCMT:thread.obj
 0001:0001d272       __beginthread              0041e272 f   LIBCMT:thread.obj
 0001:0001d319       __localtime64_s            0041e319 f   LIBCMT:loctim64.obj
 0001:0001d5a1       __localtime64              0041e5a1 f   LIBCMT:loctim64.obj
 0001:0001d5c8       ___iob_func                0041e5c8 f   LIBCMT:_file.obj
 0001:0001d5ce       ___initstdio               0041e5ce f   LIBCMT:_file.obj
 0001:0001d67f       ___endstdio                0041e67f f   LIBCMT:_file.obj
 0001:0001d69f       __lock_file                0041e69f f   LIBCMT:_file.obj
 0001:0001d6e0       __lock_file2               0041e6e0 f   LIBCMT:_file.obj
 0001:0001d712       __unlock_file              0041e712 f   LIBCMT:_file.obj
 0001:0001d74e       __unlock_file2             0041e74e f   LIBCMT:_file.obj
 0001:0001d77d       _vfprintf_helper           0041e77d f   LIBCMT:vfprintf.obj
 0001:0001d888       _vfprintf                  0041e888 f   LIBCMT:vfprintf.obj
 0001:0001d8a7       _fputs                     0041e8a7 f   LIBCMT:fputs.obj
 0001:0001d9ad       __flush                    0041e9ad f   LIBCMT:fflush.obj
 0001:0001da15       __fflush_nolock            0041ea15 f   LIBCMT:fflush.obj
 0001:0001db37       _fflush                    0041eb37 f   LIBCMT:fflush.obj
 0001:0001db8a       __flushall                 0041eb8a f   LIBCMT:fflush.obj
 0001:0001db93       _fprintf                   0041eb93 f   LIBCMT:fprintf.obj
 0001:0001dc9f       __gmtime64_s               0041ec9f f   LIBCMT:gmtime64.obj
 0001:0001ded8       __fileno                   0041eed8 f   LIBCMT:fileno.obj
 0001:0001df00       __allshl                   0041ef00 f   LIBCMT:llshl.obj
 0001:0001df20       __aullshr                  0041ef20 f   LIBCMT:ullshr.obj
 0001:0001df3f       __ftime64_s                0041ef3f f   LIBCMT:ftime64.obj
 0001:0001e0af       __ftime64                  0041f0af f   LIBCMT:ftime64.obj
 0001:0001e244       _mainCRTStartup            0041f244 f   LIBCMT:crt0.obj
 0001:0001e24e       _malloc                    0041f24e f   LIBCMT:malloc.obj
 0001:0001e2e2       __get_errno_from_oserr     0041f2e2 f   LIBCMT:dosmap.obj
 0001:0001e324       __errno                    0041f324 f   LIBCMT:dosmap.obj
 0001:0001e337       ___doserrno                0041f337 f   LIBCMT:dosmap.obj
 0001:0001e34a       __dosmaperr                0041f34a f   LIBCMT:dosmap.obj
 0001:0001e36d       ___init_ctype              0041f36d f   LIBCMT:initctyp.obj
 0001:0001e714       ____lc_codepage_func       0041f714 f   LIBCMT:initctyp.obj
 0001:0001e73a       ____lc_handle_func         0041f73a f   LIBCMT:initctyp.obj
 0001:0001e760       __EH_prolog3               0041f760 f   LIBCMT:ehprolg3.obj
 0001:0001e793       __EH_prolog3_catch         0041f793 f   LIBCMT:ehprolg3.obj
 0001:0001e7c9       __EH_prolog3_GS            0041f7c9 f   LIBCMT:ehprolg3.obj
 0001:0001e7ff       __EH_epilog3               0041f7ff f   LIBCMT:ehprolg3.obj
 0001:0001e813       __EH_epilog3_GS            0041f813 f   LIBCMT:ehprolg3.obj
 0001:0001e848       __free_locale              0041f848 f   LIBCMT:setlocal.obj
 0001:0001e90a       ?sync@?$basic_streambuf@DU?$char_traits@D@std@@@std@@MAEHXZ 0041f90a f   libcpmt:cout.obj
 0001:0001e90a       ___init_collate            0041f90a f   LIBCMT:initcoll.obj
 0001:0001e90a       ___init_dummy              0041f90a f   LIBCMT:setlocal.obj
 0001:0001e90d       __strcats                  0041f90d f   LIBCMT:setlocal.obj
 0001:0001e94e       ___lc_strtolc              0041f94e f   LIBCMT:setlocal.obj
 0001:0001ea6d       ___lc_lctostr              0041fa6d f   LIBCMT:setlocal.obj
 0001:0001ec3d       __expandlocale             0041fc3d f   LIBCMT:setlocal.obj
 0001:0001f3b4       _setlocale                 004203b4 f   LIBCMT:setlocal.obj
 0001:0001f528       __purecall                 00420528 f   LIBCMT:purevirt.obj
 0001:0001f560       _strlen                    00420560 f   LIBCMT:strlen.obj
 0001:0001f5eb       __get_sys_err_msg          004205eb f i LIBCMT:strerror.obj
 0001:0001f613       _strerror                  00420613 f   LIBCMT:strerror.obj
 0001:0001f67d       ??1bad_exception@std@@UAE@XZ 0042067d f i LIBCMT:frame.obj
 0001:0001f688       ??_Gbad_exception@std@@UAEPAXI@Z 00420688 f i LIBCMT:frame.obj
 0001:0001f688       ??_Ebad_exception@std@@UAEPAXI@Z 00420688 f i LIBCMT:frame.obj
 0001:0001f6af       ___TypeMatch               004206af f   LIBCMT:frame.obj
 0001:0001f70e       ___FrameUnwindFilter       0042070e f   LIBCMT:frame.obj
 0001:0001f75d       ___FrameUnwindToState      0042075d f   LIBCMT:frame.obj
 0001:0001f87e       ___DestructExceptionObject 0042087e f   LIBCMT:frame.obj
 0001:0001f8d3       ___AdjustPointer           004208d3 f   LIBCMT:frame.obj
 0001:0001f8fc       ?__uncaught_exception@@YA_NXZ 004208fc f   LIBCMT:frame.obj
 0001:0001fb68       ___BuildCatchObjectHelper  00420b68 f   LIBCMT:frame.obj
 0001:0001fce7       ___BuildCatchObject        00420ce7 f   LIBCMT:frame.obj
 0001:00020263       ??0bad_exception@std@@QAE@ABV01@@Z 00421263 f i LIBCMT:frame.obj
 0001:00020280       ___InternalCxxFrameHandler 00421280 f   LIBCMT:frame.obj
 0001:00020366       _fgetc                     00421366 f   LIBCMT:fgetc.obj
 0001:0002045a       _fputc                     0042145a f   LIBCMT:fputc.obj
 0001:00020556       __ungetc_nolock            00421556 f   LIBCMT:ungetc.obj
 0001:00020639       _ungetc                    00421639 f   LIBCMT:ungetc.obj
 0001:000206a2       _setvbuf                   004216a2 f   LIBCMT:setvbuf.obj
 0001:00020798       _memcpy_s                  00421798 f   LIBCMT:memcpy_s.obj
 0001:0002080d       __fwrite_nolock            0042180d f   LIBCMT:fwrite.obj
 0001:00020964       _fwrite                    00421964 f   LIBCMT:fwrite.obj
 0001:000209de       _fgetpos                   004219de f   LIBCMT:fgetpos.obj
 0001:00020a39       __fseeki64_nolock          00421a39 f   LIBCMT:fseeki64.obj
 0001:00020ad5       __fseeki64                 00421ad5 f   LIBCMT:fseeki64.obj
 0001:00020b54       _fsetpos                   00421b54 f   LIBCMT:fsetpos.obj
 0001:00020c49       __itoa_s                   00421c49 f   LIBCMT:xtoas.obj
 0001:00020c73       __malloc_crt               00421c73 f   LIBCMT:crtheap.obj
 0001:00020cb8       __calloc_crt               00421cb8 f   LIBCMT:crtheap.obj
 0001:00020d04       __realloc_crt              00421d04 f   LIBCMT:crtheap.obj
 0001:00020d52       __recalloc_crt             00421d52 f   LIBCMT:crtheap.obj
 0001:00020da4       ___pctype_func             00421da4 f   LIBCMT:ctype.obj
 0001:00020dcd       _abort                     00421dcd f   LIBCMT:abort.obj
 0001:00020e00       __set_abort_behavior       00421e00 f   LIBCMT:abort.obj
 0001:00020e21       __freea                    00421e21 f i LIBCMT:a_map.obj
 0001:00021028       ___crtLCMapStringA         00422028 f   LIBCMT:a_map.obj
 0001:0002106e       __isupper_l                0042206e f i LIBCMT:_ctype.obj
 0001:000210bf       _isupper                   004220bf f i LIBCMT:_ctype.obj
 0001:000210ed       __islower_l                004220ed f i LIBCMT:_ctype.obj
 0001:0002113e       _islower                   0042213e f i LIBCMT:_ctype.obj
 0001:0002116c       __isdigit_l                0042216c f i LIBCMT:_ctype.obj
 0001:000211bd       _isdigit                   004221bd f i LIBCMT:_ctype.obj
 0001:000211eb       __isxdigit_l               004221eb f i LIBCMT:_ctype.obj
 0001:00021241       _isxdigit                  00422241 f i LIBCMT:_ctype.obj
 0001:00021271       __isspace_l                00422271 f i LIBCMT:_ctype.obj
 0001:000212c2       _isspace                   004222c2 f i LIBCMT:_ctype.obj
 0001:000212f0       _strcpy_s                  004222f0 f   LIBCMT:strcpy_s.obj
 0001:0002134f       ?_Type_info_dtor@type_info@@CAXPAV1@@Z 0042234f f   LIBCMT:typname.obj
 0001:000213c0       _strcmp                    004223c0 f   LIBCMT:strcmp.obj
 0001:00021448       __VEC_memzero              00422448 f   LIBCMT:p4_memset.obj
 0001:00021502       ___sse2_available_init     00422502 f   LIBCMT:cpu_disp.obj
 0001:00021512       __initp_heap_handler       00422512 f   LIBCMT:handler.obj
 0001:00021521       __callnewh                 00422521 f   LIBCMT:handler.obj
 0001:00021549       __encoded_null             00422549 f   LIBCMT:tidtable.obj
 0001:00021552       ___crtTlsAlloc@4           00422552 f   LIBCMT:tidtable.obj
 0001:0002155b       ___fls_getvalue@4          0042255b f   LIBCMT:tidtable.obj
 0001:00021575       ___get_flsindex            00422575 f   LIBCMT:tidtable.obj
 0001:0002157b       ___set_flsgetvalue         0042257b f   LIBCMT:tidtable.obj
 0001:000215af       ___fls_setvalue@8          004225af f   LIBCMT:tidtable.obj
 0001:000215cc       __mtterm                   004225cc f   LIBCMT:tidtable.obj
 0001:00021609       __initptd                  00422609 f   LIBCMT:tidtable.obj
 0001:000216bd       __getptd_noexit            004226bd f   LIBCMT:tidtable.obj
 0001:00021736       __getptd                   00422736 f   LIBCMT:tidtable.obj
 0001:00021750       __freefls@4                00422750 f   LIBCMT:tidtable.obj
 0001:0002187f       __freeptd                  0042287f f   LIBCMT:tidtable.obj
 0001:000218ed       __mtinit                   004228ed f   LIBCMT:tidtable.obj
 0001:00021a68       ?terminate@@YAXXZ          00422a68 f   LIBCMT:hooks.obj
 0001:00021aa1       ?unexpected@@YAXXZ         00422aa1 f   LIBCMT:hooks.obj
 0001:00021ab4       ?_inconsistency@@YAXXZ     00422ab4 f   LIBCMT:hooks.obj
 0001:00021aec       __initp_eh_hooks           00422aec f   LIBCMT:hooks.obj
 0001:00021b00       __CallSettingFrame@12      00422b00 f   LIBCMT:lowhelpr.obj
 0001:00021b27       __NLG_Return               00422b27     LIBCMT:lowhelpr.obj
 0001:00021b4c       ___report_gsfailure        00422b4c f   LIBCMT:gs_report.obj
 0001:00021c52       __heap_init                00422c52 f   LIBCMT:heapinit.obj
 0001:00021c70       __VEC_memcpy               00422c70 f   LIBCMT:p4_memcpy.obj
 0001:00021d73       ___addlocaleref            00422d73 f   LIBCMT:localref.obj
 0001:00021e02       ___removelocaleref         00422e02 f   LIBCMT:localref.obj
 0001:00021e9b       ___freetlocinfo            00422e9b f   LIBCMT:localref.obj
 0001:00021fe6       __updatetlocinfoEx_nolock  00422fe6 f   LIBCMT:localref.obj
 0001:00022033       ___updatetlocinfo          00423033 f   LIBCMT:localref.obj
 0001:000220ac       __initp_misc_invarg        004230ac f   LIBCMT:invarg.obj
 0001:000220bb       __call_reportfault         004230bb f   LIBCMT:invarg.obj
 0001:000221e4       __invoke_watson            004231e4 f   LIBCMT:invarg.obj
 0001:00022209       __invalid_parameter        00423209 f   LIBCMT:invarg.obj
 0001:00022236       __invalid_parameter_noinfo 00423236 f   LIBCMT:invarg.obj
 0001:00022246       __flsbuf                   00423246 f   LIBCMT:_flsbuf.obj
 0001:0002242a       __output_l                 0042342a f   LIBCMT:output.obj
 0001:00022fd6       __vsnprintf_helper         00423fd6 f   LIBCMT:vsnprnc.obj
 0001:000230a0       __vsprintf_s_l             004240a0 f   LIBCMT:vsnprnc.obj
 0001:00023117       __forcdecpt_l              00424117 f   LIBCMT:cvt.obj
 0001:0002318b       __cropzeros_l              0042418b f   LIBCMT:cvt.obj
 0001:0002320d       __positive                 0042420d f   LIBCMT:cvt.obj
 0001:00023229       __fassign_l                00424229 f   LIBCMT:cvt.obj
 0001:0002326b       __fassign                  0042426b f   LIBCMT:cvt.obj
 0001:000232a4       __forcdecpt                004242a4 f   LIBCMT:cvt.obj
 0001:000232b7       __cropzeros                004242b7 f   LIBCMT:cvt.obj
 0001:0002342b       __cftoe_l                  0042442b f   LIBCMT:cvt.obj
 0001:000234f2       __cftoe                    004244f2 f   LIBCMT:cvt.obj
 0001:00023512       __cftoa_l                  00424512 f   LIBCMT:cvt.obj
 0001:0002398b       __cftof_l                  0042498b f   LIBCMT:cvt.obj
 0001:00023a4c       __cftog_l                  00424a4c f   LIBCMT:cvt.obj
 0001:00023b39       __cfltcvt_l                00424b39 f   LIBCMT:cvt.obj
 0001:00023bc1       __cfltcvt                  00424bc1 f   LIBCMT:cvt.obj
 0001:00023be4       __initp_misc_cfltcvt_tab   00424be4 f   LIBCMT:cmiscdat.obj
 0001:00023c07       __setdefaultprecision      00424c07 f   LIBCMT:fp8.obj
 0001:00023c2f       __vsnprintf_l              00424c2f f   LIBCMT:vsnprint.obj
 0001:00023cdb       _vsnprintf                 00424cdb f   LIBCMT:vsnprint.obj
 0001:00023cdb       __vsnprintf                00424cdb f   LIBCMT:vsnprint.obj
 0001:00023cf8       __stbuf                    00424cf8 f   LIBCMT:_sftbuf.obj
 0001:00023d94       __ftbuf                    00424d94 f   LIBCMT:_sftbuf.obj
 0001:00023dd0       __SEH_prolog4              00424dd0 f   LIBCMT:sehprolg4.obj
 0001:00023e15       __SEH_epilog4              00424e15 f   LIBCMT:sehprolg4.obj
 0001:00023e30       __except_handler4          00424e30 f   LIBCMT:chandler4.obj
 0001:000241ea       _strtol                    004251ea f   LIBCMT:strtol.obj
 0001:00024438       ___updatetmbcinfo          00425438 f   LIBCMT:mbctype.obj
 0001:00024558       __setmbcp_nolock           00425558 f   LIBCMT:mbctype.obj
 0001:00024741       __setmbcp                  00425741 f   LIBCMT:mbctype.obj
 0001:000248db       ___initmbctable            004258db f   LIBCMT:mbctype.obj
 0001:00024910       _strchr                    00425910 f   LIBCMT:strchr.obj
 0001:00024916       ___from_strstr_to_strchr   00425916     LIBCMT:strchr.obj
 0001:000249d0       __aulldiv                  004259d0 f   LIBCMT:ulldiv.obj
 0001:00024a38       __close_nolock             00425a38 f   LIBCMT:close.obj
 0001:00024ad4       __close                    00425ad4 f   LIBCMT:close.obj
 0001:00024b98       __freebuf                  00425b98 f   LIBCMT:_freebuf.obj
 0001:00024bc9       __ioinit                   00425bc9 f   LIBCMT:ioinit.obj
 0001:00024ec5       __input_l                  00425ec5 f   LIBCMT:input.obj
 0001:00025ed0       ___ascii_strnicmp          00426ed0 f   LIBCMT:_strnicm.obj
 0001:00025f31       __filbuf                   00426f31 f   LIBCMT:_filbuf.obj
 0001:00026053       __openfile                 00427053 f   LIBCMT:_open.obj
[...]
 0001:00032f7f       __ehhandler$??0EQNetworkConnection@@QAE@IG@Z 00433f7f f   EQNetwork.obj
 0001:00032fa0       __unwindfunclet$?GotPacket@EQNetworkFragmentGroupList@@QAEPAVEQNetworkFragmentGroup@@PAVEQNetworkPacket@@@Z$0 00433fa0 f   EQNetwork.obj
 0001:00032fab       __ehhandler$?GotPacket@EQNetworkFragmentGroupList@@QAEPAVEQNetworkFragmentGroup@@PAVEQNetworkPacket@@@Z 00433fab f   EQNetwork.obj
 0001:00032fd0       __unwindfunclet$?Process@EQNetworkConnection@@IAEXI@Z$0 00433fd0 f   EQNetwork.obj
 0001:00032fd8       __ehhandler$?Process@EQNetworkConnection@@IAEXI@Z 00433fd8 f   EQNetwork.obj
 0001:00033000       __unwindfunclet$?CloseSock@EQNetworkConnection@@QAEXXZ$0 00434000 f   EQNetwork.obj
 0001:00033008       __ehhandler$?CloseSock@EQNetworkConnection@@QAEXXZ 00434008 f   EQNetwork.obj
 0001:00033030       __unwindfunclet$??1EQNetworkConnection@@UAE@XZ$0 00434030 f   EQNetwork.obj
 0001:0003303b       __unwindfunclet$??1EQNetworkConnection@@UAE@XZ$1 0043403b f   EQNetwork.obj
 0001:00033046       __unwindfunclet$??1EQNetworkConnection@@UAE@XZ$2 00434046 f   EQNetwork.obj
 0001:00033051       __unwindfunclet$??1EQNetworkConnection@@UAE@XZ$3 00434051 f   EQNetwork.obj
 0001:0003305c       __unwindfunclet$??1EQNetworkConnection@@UAE@XZ$4 0043405c f   EQNetwork.obj
 0001:00033067       __unwindfunclet$??1EQNetworkConnection@@UAE@XZ$5 00434067 f   EQNetwork.obj
 0001:00033075       __unwindfunclet$??1EQNetworkConnection@@UAE@XZ$6 00434075 f   EQNetwork.obj
 0001:00033083       __unwindfunclet$??1EQNetworkConnection@@UAE@XZ$7 00434083 f   EQNetwork.obj
 0001:00033091       __unwindfunclet$??1EQNetworkConnection@@UAE@XZ$8 00434091 f   EQNetwork.obj
 0001:0003309f       __unwindfunclet$??1EQNetworkConnection@@UAE@XZ$9 0043409f f   EQNetwork.obj
 0001:000330ad       __ehhandler$??1EQNetworkConnection@@UAE@XZ 004340ad f   EQNetwork.obj
 0001:000330d0       __unwindfunclet$?ProcessPacket@EQNetworkConnection@@AAE_NPAVEQNetworkPacket@@_N@Z$0 004340d0 f   EQNetwork.obj
 0001:000330d0       __unwindfunclet$?RecvData@EQNetworkConnection@@QAEXPAEI@Z$1 004340d0 f   EQNetwork.obj
 0001:000330db       __unwindfunclet$?ProcessPacket@EQNetworkConnection@@AAE_NPAVEQNetworkPacket@@_N@Z$1 004340db f   EQNetwork.obj
 0001:000330db       __unwindfunclet$?RecvData@EQNetworkConnection@@QAEXPAEI@Z$2 004340db f   EQNetwork.obj
 0001:000330e6       __ehhandler$?ProcessPacket@EQNetworkConnection@@AAE_NPAVEQNetworkPacket@@_N@Z 004340e6 f   EQNetwork.obj
 0001:000330e6       __ehhandler$?RecvData@EQNetworkConnection@@QAEXPAEI@Z 004340e6 f   EQNetwork.obj
 0001:00033110       __unwindfunclet$?RecvData@EQNetworkServer@@AAEXPAEIIG@Z$0 00434110 f   EQNetwork.obj
 0001:00033110       __unwindfunclet$?SendPacket@LWorldList@@QAEXPAVServerPacket@@PAVLWorld@@@Z$0 00434110 f   EQNetwork.obj
 0001:0003311b       __ehhandler$?SendPacket@LWorldList@@QAEXPAVServerPacket@@PAVLWorld@@@Z 0043411b f   EQNetwork.obj
 0001:0003311b       __ehhandler$?RecvData@EQNetworkServer@@AAEXPAEIIG@Z 0043411b f   EQNetwork.obj
 0001:00033140       __unwindfunclet$?Open@EQNetworkServer@@QAE_NG@Z$0 00434140 f   EQNetwork.obj
 0001:00033148       __ehhandler$?Open@EQNetworkServer@@QAE_NG@Z 00434148 f   EQNetwork.obj
 0001:00033170       __unwindfunclet$?SendNetErrorPacket@TCPConnection@@AAEXPBD@Z$0 00434170 f   TCPConnection.obj
 0001:0003317b       __ehhandler$?SendNetErrorPacket@TCPConnection@@AAEXPBD@Z 0043417b f   TCPConnection.obj
 0001:000331a0       __unwindfunclet$?RemoveRelay@TCPConnection@@IAEXPAV1@_N@Z$0 004341a0 f   TCPConnection.obj
 0001:000331ab       __ehhandler$?RemoveRelay@TCPConnection@@IAEXPAV1@_N@Z 004341ab f   TCPConnection.obj
 0001:000331d0       __unwindfunclet$?Open@TCPServer@@QAE_NGPAD@Z$0 004341d0 f   TCPConnection.obj
 0001:000331d8       __ehhandler$?Open@TCPServer@@QAE_NGPAD@Z 004341d8 f   TCPConnection.obj
 0001:00033200       __unwindfunclet$?ClearBuffers@TCPConnection@@AAEXXZ$0 00434200 f   TCPConnection.obj
 0001:00033208       __unwindfunclet$?ClearBuffers@TCPConnection@@AAEXXZ$1 00434208 f   TCPConnection.obj
 0001:00033210       __unwindfunclet$?ClearBuffers@TCPConnection@@AAEXXZ$2 00434210 f   TCPConnection.obj
 0001:00033218       __unwindfunclet$?ClearBuffers@TCPConnection@@AAEXXZ$3 00434218 f   TCPConnection.obj
 0001:00033220       __ehhandler$?ClearBuffers@TCPConnection@@AAEXXZ 00434220 f   TCPConnection.obj
 0001:00033240       __unwindfunclet$??0TCPConnection@@QAE@_NPAVTCPServer@@W4eTCPMode@@@Z$0 00434240 f   TCPConnection.obj
 0001:0003324b       __unwindfunclet$??0TCPConnection@@QAE@_NPAVTCPServer@@W4eTCPMode@@@Z$1 0043424b f   TCPConnection.obj
 0001:00033256       __unwindfunclet$??0TCPConnection@@QAE@_NPAVTCPServer@@W4eTCPMode@@@Z$2 00434256 f   TCPConnection.obj
 0001:00033261       __unwindfunclet$??0TCPConnection@@QAE@_NPAVTCPServer@@W4eTCPMode@@@Z$3 00434261 f   TCPConnection.obj
 0001:0003326f       __unwindfunclet$??0TCPConnection@@QAE@_NPAVTCPServer@@W4eTCPMode@@@Z$4 0043426f f   TCPConnection.obj
 0001:0003327d       __unwindfunclet$??0TCPConnection@@QAE@_NPAVTCPServer@@W4eTCPMode@@@Z$5 0043427d f   TCPConnection.obj
 0001:0003328b       __unwindfunclet$??0TCPConnection@@QAE@_NPAVTCPServer@@W4eTCPMode@@@Z$6 0043428b f   TCPConnection.obj
 0001:00033299       __unwindfunclet$??0TCPConnection@@QAE@_NPAVTCPServer@@W4eTCPMode@@@Z$7 00434299 f   TCPConnection.obj
 0001:000332a7       __unwindfunclet$??0TCPConnection@@QAE@_NPAVTCPServer@@W4eTCPMode@@@Z$8 004342a7 f   TCPConnection.obj
 0001:000332b5       __unwindfunclet$??0TCPConnection@@QAE@_NPAVTCPServer@@W4eTCPMode@@@Z$9 004342b5 f   TCPConnection.obj
 0001:000332c3       __unwindfunclet$??0TCPConnection@@QAE@_NPAVTCPServer@@W4eTCPMode@@@Z$10 004342c3 f   TCPConnection.obj
 0001:000332ce       __unwindfunclet$??0TCPConnection@@QAE@_NPAVTCPServer@@W4eTCPMode@@@Z$11 004342ce f   TCPConnection.obj
 0001:000332d9       __ehhandler$??0TCPConnection@@QAE@_NPAVTCPServer@@W4eTCPMode@@@Z 004342d9 f   TCPConnection.obj
 0001:00033300       __unwindfunclet$??0TCPConnection@@QAE@PAVTCPServer@@IIG_N@Z$0 00434300 f   TCPConnection.obj
 0001:0003330b       __unwindfunclet$??0TCPConnection@@QAE@PAVTCPServer@@IIG_N@Z$1 0043430b f   TCPConnection.obj
 0001:00033316       __unwindfunclet$??0TCPConnection@@QAE@PAVTCPServer@@IIG_N@Z$2 00434316 f   TCPConnection.obj
 0001:00033321       __unwindfunclet$??0TCPConnection@@QAE@PAVTCPServer@@IIG_N@Z$3 00434321 f   TCPConnection.obj
 0001:0003332f       __unwindfunclet$??0TCPConnection@@QAE@PAVTCPServer@@IIG_N@Z$4 0043432f f   TCPConnection.obj
 0001:0003333d       __unwindfunclet$??0TCPConnection@@QAE@PAVTCPServer@@IIG_N@Z$5 0043433d f   TCPConnection.obj
 0001:0003334b       __unwindfunclet$??0TCPConnection@@QAE@PAVTCPServer@@IIG_N@Z$6 0043434b f   TCPConnection.obj
 0001:00033359       __unwindfunclet$??0TCPConnection@@QAE@PAVTCPServer@@IIG_N@Z$7 00434359 f   TCPConnection.obj
 0001:00033367       __unwindfunclet$??0TCPConnection@@QAE@PAVTCPServer@@IIG_N@Z$8 00434367 f   TCPConnection.obj
 0001:00033375       __unwindfunclet$??0TCPConnection@@QAE@PAVTCPServer@@IIG_N@Z$9 00434375 f   TCPConnection.obj
 0001:00033383       __unwindfunclet$??0TCPConnection@@QAE@PAVTCPServer@@IIG_N@Z$10 00434383 f   TCPConnection.obj
 0001:0003338e       __unwindfunclet$??0TCPConnection@@QAE@PAVTCPServer@@IIG_N@Z$11 0043438e f   TCPConnection.obj
 0001:00033399       __ehhandler$??0TCPConnection@@QAE@PAVTCPServer@@IIG_N@Z 00434399 f   TCPConnection.obj
 0001:000333c0       __unwindfunclet$?ProcessReceivedDataAsOldPackets@TCPConnection@@AAE_NPAD@Z$0 004343c0 f   TCPConnection.obj
 0001:000333cb       __ehhandler$?ProcessReceivedDataAsOldPackets@TCPConnection@@AAE_NPAD@Z 004343cb f   TCPConnection.obj
 0001:000333f0       __unwindfunclet$??1TCPServer@@UAE@XZ$0 004343f0 f   TCPConnection.obj
 0001:000333fb       __unwindfunclet$??1TCPServer@@UAE@XZ$1 004343fb f   TCPConnection.obj
 0001:00033406       __unwindfunclet$??1TCPServer@@UAE@XZ$2 00434406 f   TCPConnection.obj
 0001:00033411       __unwindfunclet$??1TCPServer@@UAE@XZ$3 00434411 f   TCPConnection.obj
 0001:0003341c       __unwindfunclet$??1TCPServer@@UAE@XZ$4 0043441c f   TCPConnection.obj
 0001:00033427       __unwindfunclet$??1TCPServer@@UAE@XZ$5 00434427 f   TCPConnection.obj
 0001:00033435       __unwindfunclet$??1TCPServer@@UAE@XZ$6 00434435 f   TCPConnection.obj
 0001:00033443       __ehhandler$??1TCPServer@@UAE@XZ 00434443 f   TCPConnection.obj
 0001:00033460       __unwindfunclet$?ListenNewConnections@TCPServer@@AAEXXZ$0 00434460 f   TCPConnection.obj
 0001:00033468       __unwindfunclet$?ListenNewConnections@TCPServer@@AAEXXZ$1 00434468 f   TCPConnection.obj
 0001:00033473       __ehhandler$?ListenNewConnections@TCPServer@@AAEXXZ 00434473 f   TCPConnection.obj
 0001:000334a0       __unwindfunclet$??0TCPConnection@@QAE@PAVTCPServer@@PAV0@IIG@Z$0 004344a0 f   TCPConnection.obj
 0001:000334ab       __unwindfunclet$??0TCPConnection@@QAE@PAVTCPServer@@PAV0@IIG@Z$1 004344ab f   TCPConnection.obj
 0001:000334b6       __unwindfunclet$??0TCPConnection@@QAE@PAVTCPServer@@PAV0@IIG@Z$2 004344b6 f   TCPConnection.obj
 0001:000334c1       __unwindfunclet$??0TCPConnection@@QAE@PAVTCPServer@@PAV0@IIG@Z$3 004344c1 f   TCPConnection.obj
 0001:000334cf       __unwindfunclet$??0TCPConnection@@QAE@PAVTCPServer@@PAV0@IIG@Z$4 004344cf f   TCPConnection.obj
 0001:000334dd       __unwindfunclet$??0TCPConnection@@QAE@PAVTCPServer@@PAV0@IIG@Z$5 004344dd f   TCPConnection.obj
 0001:000334eb       __unwindfunclet$??0TCPConnection@@QAE@PAVTCPServer@@PAV0@IIG@Z$6 004344eb f   TCPConnection.obj
 0001:000334f9       __unwindfunclet$??0TCPConnection@@QAE@PAVTCPServer@@PAV0@IIG@Z$7 004344f9 f   TCPConnection.obj
 0001:00033507       __unwindfunclet$??0TCPConnection@@QAE@PAVTCPServer@@PAV0@IIG@Z$8 00434507 f   TCPConnection.obj
 0001:00033515       __unwindfunclet$??0TCPConnection@@QAE@PAVTCPServer@@PAV0@IIG@Z$9 00434515 f   TCPConnection.obj
 0001:00033523       __ehhandler$??0TCPConnection@@QAE@PAVTCPServer@@PAV0@IIG@Z 00434523 f   TCPConnection.obj
 0001:00033540       __unwindfunclet$?ProcessReceivedDataAsPackets@TCPConnection@@AAE_NPAD@Z$0 00434540 f   TCPConnection.obj
 0001:0003354b       __ehhandler$?ProcessReceivedDataAsPackets@TCPConnection@@AAE_NPAD@Z 0043454b f   TCPConnection.obj
 0001:00033570       __unwindfunclet$??0TCPServer@@QAE@G_N@Z$0 00434570 f   TCPConnection.obj
 0001:0003357b       __unwindfunclet$??0TCPServer@@QAE@G_N@Z$1 0043457b f   TCPConnection.obj
 0001:00033586       __unwindfunclet$??0TCPServer@@QAE@G_N@Z$2 00434586 f   TCPConnection.obj
 0001:00033591       __unwindfunclet$??0TCPServer@@QAE@G_N@Z$3 00434591 f   TCPConnection.obj
 0001:0003359c       __unwindfunclet$??0TCPServer@@QAE@G_N@Z$4 0043459c f   TCPConnection.obj
 0001:000335a7       __unwindfunclet$??0TCPServer@@QAE@G_N@Z$5 004345a7 f   TCPConnection.obj
 0001:000335b5       __unwindfunclet$??0TCPServer@@QAE@G_N@Z$6 004345b5 f   TCPConnection.obj
 0001:000335c3       __ehhandler$??0TCPServer@@QAE@G_N@Z 004345c3 f   TCPConnection.obj
 0001:000335e0       __unwindfunclet$??1TCPConnection@@UAE@XZ$0 004345e0 f   TCPConnection.obj
 0001:000335eb       __unwindfunclet$??1TCPConnection@@UAE@XZ$1 004345eb f   TCPConnection.obj
 0001:000335f6       __unwindfunclet$??1TCPConnection@@UAE@XZ$2 004345f6 f   TCPConnection.obj
 0001:00033601       __unwindfunclet$??1TCPConnection@@UAE@XZ$3 00434601 f   TCPConnection.obj
 0001:0003360f       __unwindfunclet$??1TCPConnection@@UAE@XZ$4 0043460f f   TCPConnection.obj
 0001:0003361d       __unwindfunclet$??1TCPConnection@@UAE@XZ$5 0043461d f   TCPConnection.obj
 0001:0003362b       __unwindfunclet$??1TCPConnection@@UAE@XZ$6 0043462b f   TCPConnection.obj
 0001:00033639       __unwindfunclet$??1TCPConnection@@UAE@XZ$7 00434639 f   TCPConnection.obj
 0001:00033647       __unwindfunclet$??1TCPConnection@@UAE@XZ$8 00434647 f   TCPConnection.obj
 0001:00033655       __unwindfunclet$??1TCPConnection@@UAE@XZ$9 00434655 f   TCPConnection.obj
 0001:00033663       __ehhandler$??1TCPConnection@@UAE@XZ 00434663 f   TCPConnection.obj
 0001:0003367e       __unwindfunclet$??1_Locimp@locale@std@@MAE@XZ$0 0043467e f   libcpmt:locale0.obj
 0001:00033686       __unwindfunclet$??1_Locimp@locale@std@@MAE@XZ$1 00434686 f   libcpmt:locale0.obj
 0001:00033691       __ehhandler$??1_Locimp@locale@std@@MAE@XZ 00434691 f   libcpmt:locale0.obj
 0001:000336ac       __unwindfunclet$?_Init@locale@std@@CAPAV_Locimp@12@XZ$0 004346ac f   libcpmt:locale0.obj
 0001:000336ac       __unwindfunclet$??1_Fac_tidy_reg_t@std@@QAE@XZ$0 004346ac f   libcpmt:locale0.obj
 0001:000336ac       __unwindfunclet$?_Locimp_dtor@_Locimp@locale@std@@CAXPAV123@@Z$0 004346ac f   libcpmt:locale0.obj
 0001:000336b4       __ehhandler$?_Locimp_dtor@_Locimp@locale@std@@CAXPAV123@@Z 004346b4 f   libcpmt:locale0.obj
 0001:000336b4       __ehhandler$??1_Fac_tidy_reg_t@std@@QAE@XZ 004346b4 f   libcpmt:locale0.obj
 0001:000336b4       __ehhandler$?_Init@locale@std@@CAPAV_Locimp@12@XZ 004346b4 f   libcpmt:locale0.obj
 0001:000336cf       __unwindfunclet$??0?$basic_streambuf@DU?$char_traits@D@std@@@std@@IAE@XZ$0 004346cf f   libcpmt:cout.obj
 0001:000336da       __ehhandler$??0?$basic_streambuf@DU?$char_traits@D@std@@@std@@IAE@XZ 004346da f   libcpmt:cout.obj
 0001:000336f5       __unwindfunclet$??$use_facet@V?$codecvt@DDH@std@@@std@@YAABV?$codecvt@DDH@0@ABVlocale@0@@Z$0 004346f5 f   libcpmt:cout.obj
 0001:000336f5       __unwindfunclet$??$use_facet@V?$ctype@D@std@@@std@@YAABV?$ctype@D@0@ABVlocale@0@@Z$0 004346f5 f   libcpmt:cout.obj
 0001:000336fd       __ehhandler$??$use_facet@V?$ctype@D@std@@@std@@YAABV?$ctype@D@0@ABVlocale@0@@Z 004346fd f   libcpmt:cout.obj
 0001:000336fd       __ehhandler$??$use_facet@V?$codecvt@DDH@std@@@std@@YAABV?$codecvt@DDH@0@ABVlocale@0@@Z 004346fd f   libcpmt:cout.obj
 0001:00033718       __unwindfunclet$?_Getcat@?$ctype@D@std@@SAIPAPBVfacet@locale@2@PBV42@@Z$0 00434718 f   libcpmt:cout.obj
 0001:00033718       __unwindfunclet$?_Getcat@?$codecvt@DDH@std@@SAIPAPBVfacet@locale@2@PBV42@@Z$0 00434718 f   libcpmt:cout.obj
 0001:00033722       __ehhandler$?_Getcat@?$codecvt@DDH@std@@SAIPAPBVfacet@locale@2@PBV42@@Z 00434722 f   libcpmt:cout.obj
 0001:00033722       __ehhandler$?_Getcat@?$ctype@D@std@@SAIPAPBVfacet@locale@2@PBV42@@Z 00434722 f   libcpmt:cout.obj
 0001:0003373d       __unwindfunclet$?widen@?$basic_ios@DU?$char_traits@D@std@@@std@@QBEDD@Z$0 0043473d f   libcpmt:cout.obj
 0001:00033745       __ehhandler$?widen@?$basic_ios@DU?$char_traits@D@std@@@std@@QBEDD@Z 00434745 f   libcpmt:cout.obj
 0001:00033760       __unwindfunclet$??0?$basic_ostream@DU?$char_traits@D@std@@@std@@QAE@PAV?$basic_streambuf@DU?$char_traits@D@std@@@1@_N@Z$0 00434760 f   libcpmt:cout.obj
 0001:0003377c       __ehhandler$??0?$basic_ostream@DU?$char_traits@D@std@@@std@@QAE@PAV?$basic_streambuf@DU?$char_traits@D@std@@@1@_N@Z 0043477c f   libcpmt:cout.obj
 0001:00033797       __unwindfunclet$?_Endwrite@?$basic_filebuf@DU?$char_traits@D@std@@@std@@IAE_NXZ$0 00434797 f   libcpmt:cout.obj
 0001:0003379f       __ehhandler$?_Endwrite@?$basic_filebuf@DU?$char_traits@D@std@@@std@@IAE_NXZ 0043479f f   libcpmt:cout.obj
 0001:000337c4       __unwindfunclet$?uflow@?$basic_filebuf@DU?$char_traits@D@std@@@std@@MAEHXZ$0 004347c4 f   libcpmt:cout.obj
 0001:000337c4       __unwindfunclet$?overflow@?$basic_filebuf@DU?$char_traits@D@std@@@std@@MAEHH@Z$0 004347c4 f   libcpmt:cout.obj
 0001:000337cc       __ehhandler$?overflow@?$basic_filebuf@DU?$char_traits@D@std@@@std@@MAEHH@Z 004347cc f   libcpmt:cout.obj
 0001:000337cc       __ehhandler$?uflow@?$basic_filebuf@DU?$char_traits@D@std@@@std@@MAEHXZ 004347cc f   libcpmt:cout.obj
 0001:000337f1       __unwindfunclet$??1?$basic_filebuf@DU?$char_traits@D@std@@@std@@UAE@XZ$0 004347f1 f   libcpmt:cout.obj
 0001:000337f9       __ehhandler$??1?$basic_filebuf@DU?$char_traits@D@std@@@std@@UAE@XZ 004347f9 f   libcpmt:cout.obj
 0001:00033814       __ehhandler$?CallUnexpected@@YAXPBU_s_ESTypeList@@@Z 00434814 f   LIBCMT:frame.obj
 0001:00033830       ??__Eeq_crypto@@YAXXZ      00434830 f   client.obj
 0001:00033840       ??__Edatabase@@YAXXZ       00434840 f   net.obj
 0001:00033860       ??__Eeqns@@YAXXZ           00434860 f   net.obj
 0001:00033880       ??__Enet@@YAXXZ            00434880 f   net.obj
 0001:00033890       ??__Eclient_list@@YAXXZ    00434890 f   net.obj
 0001:000338a0       ??__Eworld_list@@YAXXZ     004348a0 f   net.obj
 0001:000338c0       ??__ELogFile@@YAXXZ        004348c0 f   debug.obj
 0001:00033930       ??__Eadlf@@YAXXZ           00434930 f   debug.obj
 0001:00033940       ??__ETrylockSupported@@YAXXZ 00434940 f   Mutex.obj
 0001:00033950       ??__Ewinsock@@YAXXZ        00434950 f   TCPConnection.obj
 0001:00033966       ??__Einitlocks@std@@YAXXZ  00434966 f   libcpmt:xlock.obj
 0001:0003397c       ??__E_Fac_tidy_reg@std@@YAXXZ 0043497c f   libcpmt:locale0.obj
 0001:00033988       ??__Eclassic_locale@std@@YAXXZ 00434988 f   libcpmt:locale0.obj
 0001:00033994       ??__E_Generic_object@std@@YAXXZ 00434994 f   libcpmt:syserror.obj
 0001:000339a0       ??__E_Iostream_object@std@@YAXXZ 004349a0 f   libcpmt:syserror.obj
 0001:000339ac       ??__E_System_object@std@@YAXXZ 004349ac f   libcpmt:syserror.obj
 0001:000339b8       ??__Einitlocks@@YAXXZ      004349b8 f   libcpmt:cout.obj
 0001:000339ce       ??__Efout@std@@YAXXZ       004349ce f   libcpmt:cout.obj
 0001:00033a08       ??__Ecout@std@@YAXXZ       00434a08 f   libcpmt:cout.obj
 0001:00033a27       ??__Einit_cout@std@@YAXXZ  00434a27 f   libcpmt:cout.obj
 0001:00033a31       ??__Einitlocks@@YAXXZ      00434a31 f   libcpmt:cerr.obj
 0001:00033a47       ??__Eferr@std@@YAXXZ       00434a47 f   libcpmt:cerr.obj
 0001:00033a81       ??__Ecerr@std@@YAXXZ       00434a81 f   libcpmt:cerr.obj
 0001:00033aa0       ??__Einit_cerr@std@@YAXXZ  00434aa0 f   libcpmt:cerr.obj
 0001:00033aaa       ??__Einitlocks@std@@YAXXZ  00434aaa f   libcpmt:iosptrs.obj
 0001:00033ac0       ??__Einit_atexit@@YAXXZ    00434ac0 f   libcpmt:iosptrs.obj
 0001:00033ad0       ??__Fdatabase@@YAXXZ       00434ad0 f   net.obj
 0001:00033ae0       ??__Feqns@@YAXXZ           00434ae0 f   net.obj
 0001:00033af0       ??__Fworld_list@@YAXXZ     00434af0 f   net.obj
 0001:00033b00       ??__Fclient_list@@YAXXZ    00434b00 f   net.obj
 0001:00033b20       ??__Fadlf@@YAXXZ           00434b20 f   debug.obj
 0001:00033b50       ??__Fws@?1??ResolveIP@@YAIPBDPAD@Z@YAXXZ 00434b50 f   MiscFunctions.obj
 0001:00033b60       ??__Fwinsock@@YAXXZ        00434b60 f   TCPConnection.obj
 0001:00033b6a       ??__Finitlocks@std@@YAXXZ  00434b6a f   libcpmt:xlock.obj
 0001:00033b74       ??__Fclassic_locale@std@@YAXXZ 00434b74 f   libcpmt:locale0.obj
 0001:00033b7e       ??__F_Fac_tidy_reg@std@@YAXXZ 00434b7e f   libcpmt:locale0.obj
 0001:00033b88       ??__F_Generic_object@std@@YAXXZ 00434b88 f   libcpmt:syserror.obj
 0001:00033b93       ??__F_Iostream_object@std@@YAXXZ 00434b93 f   libcpmt:syserror.obj
 0001:00033b9e       ??__F_System_object@std@@YAXXZ 00434b9e f   libcpmt:syserror.obj
 0001:00033ba9       ??__Finitlocks@@YAXXZ      00434ba9 f   libcpmt:cout.obj
 0001:00033bb3       ??__Fcout@std@@YAXXZ       00434bb3 f   libcpmt:cout.obj
 0001:00033bbd       ??__Ffout@std@@YAXXZ       00434bbd f   libcpmt:cout.obj
 0001:00033bc7       ??__Finitlocks@@YAXXZ      00434bc7 f   libcpmt:cerr.obj
 0001:00033bd1       ??__Fcerr@std@@YAXXZ       00434bd1 f   libcpmt:cerr.obj
 0001:00033bdb       ??__Fferr@std@@YAXXZ       00434bdb f   libcpmt:cerr.obj
 0001:00033be5       ??__Finitlocks@std@@YAXXZ  00434be5 f   libcpmt:iosptrs.obj
 0001:00033bef       ??__Finit_atexit@@YAXXZ    00434bef f   libcpmt:iosptrs.obj
 0001:00033bf9       ??__Fnomem@?5???2@YAPAXI@Z@YAXXZ 00434bf9 f   LIBCMT:new.obj
